<?xml version="1.0"?>
<link_info>
   <banner>TMS320C6x Linker PC v7.4.4</banner>
   <copyright>Copyright (c) 1996-2013 Texas Instruments Incorporated</copyright>
   <link_time>0x53d074bd</link_time>
   <output_file>TemplateVideoLoopback.out</output_file>
   <entry_point>
      <name>_c_int00</name>
      <address>0x84307a80</address>
   </entry_point>
   <input_file_list>
      <input_file id="fl-a">
         <path>.\</path>
         <kind>object</kind>
         <file>ycbcr_to_y_cb_cr.obj</file>
         <name>ycbcr_to_y_cb_cr.obj</name>
      </input_file>
      <input_file id="fl-b">
         <path>.\</path>
         <kind>object</kind>
         <file>y_cb_cr_to_ycbcr.obj</file>
         <name>y_cb_cr_to_ycbcr.obj</name>
      </input_file>
      <input_file id="fl-c">
         <path>.\</path>
         <kind>object</kind>
         <file>video_loopback.obj</file>
         <name>video_loopback.obj</name>
      </input_file>
      <input_file id="fl-d">
         <path>.\</path>
         <kind>object</kind>
         <file>tskcfg_c.obj</file>
         <name>tskcfg_c.obj</name>
      </input_file>
      <input_file id="fl-e">
         <path>.\</path>
         <kind>object</kind>
         <file>tskcfg.obj</file>
         <name>tskcfg.obj</name>
      </input_file>
      <input_file id="fl-f">
         <path>.\</path>
         <kind>object</kind>
         <file>imageProcessing.obj</file>
         <name>imageProcessing.obj</name>
      </input_file>
      <input_file id="fl-10">
         <path>.\</path>
         <kind>object</kind>
         <file>i2c_params.obj</file>
         <name>i2c_params.obj</name>
      </input_file>
      <input_file id="fl-11">
         <path>.\</path>
         <kind>object</kind>
         <file>extractYCbCr.obj</file>
         <name>extractYCbCr.obj</name>
      </input_file>
      <input_file id="fl-12">
         <path>.\</path>
         <kind>object</kind>
         <file>extractY.obj</file>
         <name>extractY.obj</name>
      </input_file>
      <input_file id="fl-13">
         <path>.\</path>
         <kind>object</kind>
         <file>audio_params.obj</file>
         <name>audio_params.obj</name>
      </input_file>
      <input_file id="fl-9b">
         <path>C:\ti\bios_5_42_01_09\packages\ti\bios\lib\</path>
         <kind>archive</kind>
         <file>bios.a64P</file>
         <name>biosdata.o64P</name>
      </input_file>
      <input_file id="fl-9c">
         <path>C:\ti\bios_5_42_01_09\packages\ti\bios\lib\</path>
         <kind>archive</kind>
         <file>bios.a64P</file>
         <name>hwi_disp_asm.o64P</name>
      </input_file>
      <input_file id="fl-9d">
         <path>C:\ti\bios_5_42_01_09\packages\ti\bios\lib\</path>
         <kind>archive</kind>
         <file>bios.a64P</file>
         <name>idl_stub.o64P</name>
      </input_file>
      <input_file id="fl-9e">
         <path>C:\ti\bios_5_42_01_09\packages\ti\bios\lib\</path>
         <kind>archive</kind>
         <file>lnkrtdx.a64P</file>
         <name>rtdx.o64P</name>
      </input_file>
      <input_file id="fl-9f">
         <path>C:\ti\bios_5_42_01_09\packages\ti\bios\lib\</path>
         <kind>archive</kind>
         <file>bios.a64P</file>
         <name>swi.o64P</name>
      </input_file>
      <input_file id="fl-a0">
         <path>C:\ti\bios_5_42_01_09\packages\ti\bios\lib\</path>
         <kind>archive</kind>
         <file>bios6424.a64P</file>
         <name>bcache_init.o64P</name>
      </input_file>
      <input_file id="fl-a1">
         <path>C:\ti\bios_5_42_01_09\packages\ti\bios\lib\</path>
         <kind>archive</kind>
         <file>bios6424.a64P</file>
         <name>clk_gethtime.o64P</name>
      </input_file>
      <input_file id="fl-a2">
         <path>C:\ti\bios_5_42_01_09\packages\ti\bios\lib\</path>
         <kind>archive</kind>
         <file>bios.a64P</file>
         <name>fxn_c.o64P</name>
      </input_file>
      <input_file id="fl-a3">
         <path>C:\ti\bios_5_42_01_09\packages\ti\bios\lib\</path>
         <kind>archive</kind>
         <file>bios.a64P</file>
         <name>knl_tick.o64P</name>
      </input_file>
      <input_file id="fl-a4">
         <path>C:\ti\bios_5_42_01_09\packages\ti\bios\lib\</path>
         <kind>archive</kind>
         <file>bios.a64P</file>
         <name>sem_crea.o64P</name>
      </input_file>
      <input_file id="fl-a5">
         <path>C:\ti\bios_5_42_01_09\packages\ti\bios\lib\</path>
         <kind>archive</kind>
         <file>bios.a64P</file>
         <name>sem_dele.o64P</name>
      </input_file>
      <input_file id="fl-a6">
         <path>C:\ti\bios_5_42_01_09\packages\ti\bios\lib\</path>
         <kind>archive</kind>
         <file>bios.a64P</file>
         <name>sem_pend_counting.o64P</name>
      </input_file>
      <input_file id="fl-a7">
         <path>C:\ti\bios_5_42_01_09\packages\ti\bios\lib\</path>
         <kind>archive</kind>
         <file>bios.a64P</file>
         <name>sem_post_asm.o64P</name>
      </input_file>
      <input_file id="fl-a8">
         <path>C:\ti\bios_5_42_01_09\packages\ti\bios\lib\</path>
         <kind>archive</kind>
         <file>bios.a64P</file>
         <name>utl_doab.o64P</name>
      </input_file>
      <input_file id="fl-a9">
         <path>C:\ti\bios_5_42_01_09\packages\ti\bios\lib\</path>
         <kind>archive</kind>
         <file>bios.a64P</file>
         <name>utl_doer.o64P</name>
      </input_file>
      <input_file id="fl-aa">
         <path>C:\ti\bios_5_42_01_09\packages\ti\bios\lib\</path>
         <kind>archive</kind>
         <file>bios.a64P</file>
         <name>utl_putc.o64P</name>
      </input_file>
      <input_file id="fl-ab">
         <path>C:\ti\bios_5_42_01_09\packages\ti\bios\lib\</path>
         <kind>archive</kind>
         <file>bios.a64P</file>
         <name>utl_halt.o64P</name>
      </input_file>
      <input_file id="fl-ac">
         <path>C:\ti\bios_5_42_01_09\packages\ti\bios\lib\</path>
         <kind>archive</kind>
         <file>bios6424.a64P</file>
         <name>clk.o64P</name>
      </input_file>
      <input_file id="fl-ad">
         <path>C:\ti\bios_5_42_01_09\packages\ti\bios\lib\</path>
         <kind>archive</kind>
         <file>bios.a64P</file>
         <name>fxn.o64P</name>
      </input_file>
      <input_file id="fl-ae">
         <path>C:\ti\bios_5_42_01_09\packages\ti\bios\lib\</path>
         <kind>archive</kind>
         <file>bios.a64P</file>
         <name>boot.o64P</name>
      </input_file>
      <input_file id="fl-af">
         <path>C:\ti\bios_5_42_01_09\packages\ti\bios\lib\</path>
         <kind>archive</kind>
         <file>bios.a64P</file>
         <name>trc.o64P</name>
      </input_file>
      <input_file id="fl-b0">
         <path>C:\ti\bios_5_42_01_09\packages\ti\bios\lib\</path>
         <kind>archive</kind>
         <file>bios.a64P</file>
         <name>hwi.o64P</name>
      </input_file>
      <input_file id="fl-b1">
         <path>C:\ti\bios_5_42_01_09\packages\ti\bios\lib\</path>
         <kind>archive</kind>
         <file>bios.a64P</file>
         <name>idl_busy.o64P</name>
      </input_file>
      <input_file id="fl-b2">
         <path>C:\ti\bios_5_42_01_09\packages\ti\bios\lib\</path>
         <kind>archive</kind>
         <file>bios6424.a64P</file>
         <name>idl_cal.o64P</name>
      </input_file>
      <input_file id="fl-b3">
         <path>C:\ti\bios_5_42_01_09\packages\ti\bios\lib\</path>
         <kind>archive</kind>
         <file>bios.a64P</file>
         <name>idl.o64P</name>
      </input_file>
      <input_file id="fl-b4">
         <path>C:\ti\bios_5_42_01_09\packages\ti\bios\lib\</path>
         <kind>archive</kind>
         <file>bios.a64P</file>
         <name>knl_swit.o64P</name>
      </input_file>
      <input_file id="fl-b5">
         <path>C:\ti\bios_5_42_01_09\packages\ti\bios\lib\</path>
         <kind>archive</kind>
         <file>bios.a64P</file>
         <name>log.o64P</name>
      </input_file>
      <input_file id="fl-b6">
         <path>C:\ti\bios_5_42_01_09\packages\ti\bios\lib\</path>
         <kind>archive</kind>
         <file>bios.a64P</file>
         <name>pip.o64P</name>
      </input_file>
      <input_file id="fl-b7">
         <path>C:\ti\bios_5_42_01_09\packages\ti\bios\lib\</path>
         <kind>archive</kind>
         <file>bios.a64P</file>
         <name>prd.o64P</name>
      </input_file>
      <input_file id="fl-b8">
         <path>C:\ti\bios_5_42_01_09\packages\ti\bios\lib\</path>
         <kind>archive</kind>
         <file>bios.a64P</file>
         <name>rta.o64P</name>
      </input_file>
      <input_file id="fl-b9">
         <path>C:\ti\bios_5_42_01_09\packages\ti\bios\lib\</path>
         <kind>archive</kind>
         <file>bios.a64P</file>
         <name>rta_andn.o64P</name>
      </input_file>
      <input_file id="fl-ba">
         <path>C:\ti\bios_5_42_01_09\packages\ti\bios\lib\</path>
         <kind>archive</kind>
         <file>bios.a64P</file>
         <name>sts.o64P</name>
      </input_file>
      <input_file id="fl-bb">
         <path>C:\ti\bios_5_42_01_09\packages\ti\bios\lib\</path>
         <kind>archive</kind>
         <file>bios.a64P</file>
         <name>clk_data.o64P</name>
      </input_file>
      <input_file id="fl-bc">
         <path>C:\ti\bios_5_42_01_09\packages\ti\bios\lib\</path>
         <kind>archive</kind>
         <file>bios6424.a64P</file>
         <name>clk_enable64LcTimer.o64P</name>
      </input_file>
      <input_file id="fl-bd">
         <path>C:\ti\bios_5_42_01_09\packages\ti\bios\lib\</path>
         <kind>archive</kind>
         <file>bios.a64P</file>
         <name>clk_data2.o64P</name>
      </input_file>
      <input_file id="fl-be">
         <path>C:\ti\bios_5_42_01_09\packages\ti\bios\lib\</path>
         <kind>archive</kind>
         <file>bios6424.a64P</file>
         <name>clk_data.o64P</name>
      </input_file>
      <input_file id="fl-bf">
         <path>C:\ti\bios_5_42_01_09\packages\ti\bios\lib\</path>
         <kind>archive</kind>
         <file>bios6424.a64P</file>
         <name>clk_meas.o64P</name>
      </input_file>
      <input_file id="fl-c0">
         <path>C:\ti\bios_5_42_01_09\packages\ti\bios\lib\</path>
         <kind>archive</kind>
         <file>bios.a64P</file>
         <name>dev_init.o64P</name>
      </input_file>
      <input_file id="fl-c1">
         <path>C:\ti\bios_5_42_01_09\packages\ti\bios\lib\</path>
         <kind>archive</kind>
         <file>bios.a64P</file>
         <name>ecm_dispatch.o64P</name>
      </input_file>
      <input_file id="fl-c2">
         <path>C:\CCStudio_v3.3\EVMDM6437\boards\evmdm6437_v2\lib\</path>
         <kind>archive</kind>
         <file>evmdm6437bsl.lib</file>
         <name>evmdm6437_dip.obj</name>
      </input_file>
      <input_file id="fl-c3">
         <path>C:\dvsdk_1_01_00_15\psp_1_00_02_00\pspdrivers\lib\DM6437\Debug\</path>
         <kind>archive</kind>
         <file>audio_bios_drv.lib</file>
         <name>psp_audio.obj</name>
      </input_file>
      <input_file id="fl-c4">
         <path>C:\ti\bios_5_42_01_09\packages\ti\bios\lib\</path>
         <kind>archive</kind>
         <file>bios6424.a64P</file>
         <name>bcache_block.o64P</name>
      </input_file>
      <input_file id="fl-c5">
         <path>C:\ti\bios_5_42_01_09\packages\ti\bios\lib\</path>
         <kind>archive</kind>
         <file>bios6424.a64P</file>
         <name>bcache_wait.o64P</name>
      </input_file>
      <input_file id="fl-c6">
         <path>C:\CCStudio_v3.3\EVMDM6437\boards\evmdm6437_v2\lib\</path>
         <kind>archive</kind>
         <file>evmdm6437bsl.lib</file>
         <name>evmdm6437_i2c_gpio.obj</name>
      </input_file>
      <input_file id="fl-c7">
         <path>C:\CCStudio_v3.3\EVMDM6437\boards\evmdm6437_v2\lib\</path>
         <kind>archive</kind>
         <file>evmdm6437bsl.lib</file>
         <name>evmdm6437_gpio.obj</name>
      </input_file>
      <input_file id="fl-c8">
         <path>C:\CCStudio_v3.3\EVMDM6437\boards\evmdm6437_v2\lib\</path>
         <kind>archive</kind>
         <file>evmdm6437bsl.lib</file>
         <name>evmdm6437_i2c.obj</name>
      </input_file>
      <input_file id="fl-c9">
         <path>C:\ti\bios_5_42_01_09\packages\ti\bios\lib\</path>
         <kind>archive</kind>
         <file>bios.a64P</file>
         <name>exc_asm.o64P</name>
      </input_file>
      <input_file id="fl-ca">
         <path>C:\ti\bios_5_42_01_09\packages\ti\bios\lib\</path>
         <kind>archive</kind>
         <file>bios.a64P</file>
         <name>exc.o64P</name>
      </input_file>
      <input_file id="fl-cb">
         <path>C:\ti\bios_5_42_01_09\packages\ti\bios\lib\</path>
         <kind>archive</kind>
         <file>bios.a64P</file>
         <name>gbl_cacheinit64P.o64P</name>
      </input_file>
      <input_file id="fl-cc">
         <path>C:\ti\bios_5_42_01_09\packages\ti\bios\lib\</path>
         <kind>archive</kind>
         <file>bios.a64P</file>
         <name>gbl_vers.o64P</name>
      </input_file>
      <input_file id="fl-cd">
         <path>C:\ti\bios_5_42_01_09\packages\ti\bios\lib\</path>
         <kind>archive</kind>
         <file>bios.a64P</file>
         <name>gio_cntl.o64P</name>
      </input_file>
      <input_file id="fl-ce">
         <path>C:\ti\bios_5_42_01_09\packages\ti\bios\lib\</path>
         <kind>archive</kind>
         <file>bios.a64P</file>
         <name>gio_crea.o64P</name>
      </input_file>
      <input_file id="fl-cf">
         <path>C:\ti\bios_5_42_01_09\packages\ti\bios\lib\</path>
         <kind>archive</kind>
         <file>bios.a64P</file>
         <name>dev_matc.o64P</name>
      </input_file>
      <input_file id="fl-d0">
         <path>C:\ti\bios_5_42_01_09\packages\ti\bios\lib\</path>
         <kind>archive</kind>
         <file>bios.a64P</file>
         <name>gio.o64P</name>
      </input_file>
      <input_file id="fl-d1">
         <path>C:\ti\bios_5_42_01_09\packages\ti\bios\lib\</path>
         <kind>archive</kind>
         <file>bios.a64P</file>
         <name>gio_dele.o64P</name>
      </input_file>
      <input_file id="fl-d2">
         <path>C:\ti\bios_5_42_01_09\packages\ti\bios\lib\</path>
         <kind>archive</kind>
         <file>bios.a64P</file>
         <name>gio_sbmt.o64P</name>
      </input_file>
      <input_file id="fl-d3">
         <path>C:\ti\bios_5_42_01_09\packages\ti\rtdx\lib\c6000\</path>
         <kind>archive</kind>
         <file>rtdx64xplus.lib</file>
         <name>rtdx_mon.o64P</name>
      </input_file>
      <input_file id="fl-d4">
         <path>C:\ti\bios_5_42_01_09\packages\ti\bios\lib\</path>
         <kind>archive</kind>
         <file>bios.a64P</file>
         <name>hwi_c.o64P</name>
      </input_file>
      <input_file id="fl-d5">
         <path>C:\dvsdk_1_01_00_15\psp_1_00_02_00\pspdrivers\lib\DM6437\Debug\</path>
         <kind>archive</kind>
         <file>i2c_bios_drv.lib</file>
         <name>dda_i2cIom.obj</name>
      </input_file>
      <input_file id="fl-d6">
         <path>C:\ti\bios_5_42_01_09\packages\ti\bios\lib\</path>
         <kind>archive</kind>
         <file>bios.a64P</file>
         <name>knl.o64P</name>
      </input_file>
      <input_file id="fl-d7">
         <path>C:\ti\bios_5_42_01_09\packages\ti\bios\lib\</path>
         <kind>archive</kind>
         <file>bios.a64P</file>
         <name>knl_exit.o64P</name>
      </input_file>
      <input_file id="fl-d8">
         <path>C:\ti\bios_5_42_01_09\packages\ti\bios\lib\</path>
         <kind>archive</kind>
         <file>bios.a64P</file>
         <name>knl_chec.o64P</name>
      </input_file>
      <input_file id="fl-d9">
         <path>C:\ti\bios_5_42_01_09\packages\ti\bios\lib\</path>
         <kind>archive</kind>
         <file>bios.a64P</file>
         <name>knl_ipos.o64P</name>
      </input_file>
      <input_file id="fl-da">
         <path>C:\ti\bios_5_42_01_09\packages\ti\bios\lib\</path>
         <kind>archive</kind>
         <file>bios.a64P</file>
         <name>knl_post.o64P</name>
      </input_file>
      <input_file id="fl-db">
         <path>C:\ti\bios_5_42_01_09\packages\ti\bios\lib\</path>
         <kind>archive</kind>
         <file>bios.a64P</file>
         <name>knl_run.o64P</name>
      </input_file>
      <input_file id="fl-dc">
         <path>C:\dvsdk_1_01_00_15\psp_1_00_02_00\pspdrivers\lib\DM6437\Debug\</path>
         <kind>archive</kind>
         <file>mcasp_bios_drv.lib</file>
         <name>dda_mcasp_bios.obj</name>
      </input_file>
      <input_file id="fl-dd">
         <path>C:\ti\bios_5_42_01_09\packages\ti\bios\lib\</path>
         <kind>archive</kind>
         <file>bios.a64P</file>
         <name>c62_c.o64P</name>
      </input_file>
      <input_file id="fl-de">
         <path>C:\ti\bios_5_42_01_09\packages\ti\bios\lib\</path>
         <kind>archive</kind>
         <file>bios.a64P</file>
         <name>ecm_disableEvent.o64P</name>
      </input_file>
      <input_file id="fl-df">
         <path>C:\ti\bios_5_42_01_09\packages\ti\bios\lib\</path>
         <kind>archive</kind>
         <file>bios.a64P</file>
         <name>atm.o64P</name>
      </input_file>
      <input_file id="fl-e0">
         <path>C:\ti\bios_5_42_01_09\packages\ti\bios\lib\</path>
         <kind>archive</kind>
         <file>bios.a64P</file>
         <name>ecm_dispatchPlug.o64P</name>
      </input_file>
      <input_file id="fl-e1">
         <path>C:\ti\bios_5_42_01_09\packages\ti\bios\lib\</path>
         <kind>archive</kind>
         <file>bios.a64P</file>
         <name>ecm_enableEvent.o64P</name>
      </input_file>
      <input_file id="fl-e2">
         <path>C:\dvsdk_1_01_00_15\psp_1_00_02_00\pspdrivers\lib\DM6437\Debug\</path>
         <kind>archive</kind>
         <file>mcbsp_bios_drv.lib</file>
         <name>dda_mcbsp_bios.obj</name>
      </input_file>
      <input_file id="fl-e3">
         <path>C:\ti\bios_5_42_01_09\packages\ti\bios\lib\</path>
         <kind>archive</kind>
         <file>bios.a64P</file>
         <name>mem_asm.o64P</name>
      </input_file>
      <input_file id="fl-e4">
         <path>C:\ti\bios_5_42_01_09\packages\ti\bios\lib\</path>
         <kind>archive</kind>
         <file>bios.a64P</file>
         <name>mem_allo.o64P</name>
      </input_file>
      <input_file id="fl-e5">
         <path>C:\ti\bios_5_42_01_09\packages\ti\bios\lib\</path>
         <kind>archive</kind>
         <file>bios.a64P</file>
         <name>mem_free.o64P</name>
      </input_file>
      <input_file id="fl-e6">
         <path>C:\ti\bios_5_42_01_09\packages\ti\bios\lib\</path>
         <kind>archive</kind>
         <file>bios.a64P</file>
         <name>mem_init.o64P</name>
      </input_file>
      <input_file id="fl-e7">
         <path>C:\ti\bios_5_42_01_09\packages\ti\bios\lib\</path>
         <kind>archive</kind>
         <file>bios.a64P</file>
         <name>mem_vall.o64P</name>
      </input_file>
      <input_file id="fl-e8">
         <path>C:\ti\bios_5_42_01_09\packages\ti\bios\lib\</path>
         <kind>archive</kind>
         <file>bios.a64P</file>
         <name>obj_crea.o64P</name>
      </input_file>
      <input_file id="fl-e9">
         <path>C:\ti\bios_5_42_01_09\packages\ti\bios\lib\</path>
         <kind>archive</kind>
         <file>bios.a64P</file>
         <name>obj_dele.o64P</name>
      </input_file>
      <input_file id="fl-ea">
         <path>C:\ti\bios_5_42_01_09\packages\ti\bios\lib\</path>
         <kind>archive</kind>
         <file>bios.a64P</file>
         <name>obj_init.o64P</name>
      </input_file>
      <input_file id="fl-eb">
         <path>C:\dvsdk_1_01_00_15\psp_1_00_02_00\pspdrivers\lib\DM6437\Debug\</path>
         <kind>archive</kind>
         <file>palos_bios.lib</file>
         <name>pal_osmem.obj</name>
      </input_file>
      <input_file id="fl-ec">
         <path>C:\ti\bios_5_42_01_09\packages\ti\bios\lib\</path>
         <kind>archive</kind>
         <file>bios.a64P</file>
         <name>mem_defi.o64P</name>
      </input_file>
      <input_file id="fl-ed">
         <path>C:\ti\bios_5_42_01_09\packages\ti\bios\lib\</path>
         <kind>archive</kind>
         <file>bios.a64P</file>
         <name>mem_rede.o64P</name>
      </input_file>
      <input_file id="fl-ee">
         <path>C:\ti\bios_5_42_01_09\packages\ti\bios\lib\</path>
         <kind>archive</kind>
         <file>bios.a64P</file>
         <name>mem_unde.o64P</name>
      </input_file>
      <input_file id="fl-ef">
         <path>C:\dvsdk_1_01_00_15\psp_1_00_02_00\pspdrivers\lib\DM6437\Debug\</path>
         <kind>archive</kind>
         <file>palos_bios.lib</file>
         <name>pal_osprotect.obj</name>
      </input_file>
      <input_file id="fl-f0">
         <path>C:\dvsdk_1_01_00_15\psp_1_00_02_00\pspdrivers\lib\DM6437\Debug\</path>
         <kind>archive</kind>
         <file>video_bios_drv.lib</file>
         <name>tvp5146_extDecoder.obj</name>
      </input_file>
      <input_file id="fl-f1">
         <path>C:\dvsdk_1_01_00_15\psp_1_00_02_00\pspdrivers\lib\DM6437\Debug\</path>
         <kind>archive</kind>
         <file>palos_bios.lib</file>
         <name>pal_osWait.obj</name>
      </input_file>
      <input_file id="fl-f2">
         <path>C:\ti\bios_5_42_01_09\packages\ti\bios\lib\</path>
         <kind>archive</kind>
         <file>bios.a64P</file>
         <name>clk_countspms.o64P</name>
      </input_file>
      <input_file id="fl-f3">
         <path>C:\ti\bios_5_42_01_09\packages\ti\bios\lib\</path>
         <kind>archive</kind>
         <file>bios.a64P</file>
         <name>clk_getprd.o64P</name>
      </input_file>
      <input_file id="fl-f4">
         <path>C:\dvsdk_1_01_00_15\psp_1_00_02_00\pspdrivers\lib\DM6437\Debug\</path>
         <kind>archive</kind>
         <file>i2c_bios_drv.lib</file>
         <name>ddc_i2c.obj</name>
      </input_file>
      <input_file id="fl-f5">
         <path>C:\dvsdk_1_01_00_15\psp_1_00_02_00\pspdrivers\lib\DM6437\Debug\</path>
         <kind>archive</kind>
         <file>palos_bios.lib</file>
         <name>pal_ossem.obj</name>
      </input_file>
      <input_file id="fl-f6">
         <path>C:\dvsdk_1_01_00_15\psp_1_00_02_00\pspdrivers\lib\DM6437\Debug\</path>
         <kind>archive</kind>
         <file>mcasp_bios_drv.lib</file>
         <name>ddc_mcasp.obj</name>
      </input_file>
      <input_file id="fl-f7">
         <path>C:\dvsdk_1_01_00_15\psp_1_00_02_00\edma3\lib\Debug\</path>
         <kind>archive</kind>
         <file>edma3_drv_bios.lib</file>
         <name>edma3.obj</name>
      </input_file>
      <input_file id="fl-f8">
         <path>C:\dvsdk_1_01_00_15\psp_1_00_02_00\edma3\lib\Debug\</path>
         <kind>archive</kind>
         <file>edma3_rm_bios.lib</file>
         <name>edma3resmgr.obj</name>
      </input_file>
      <input_file id="fl-f9">
         <path>C:\dvsdk_1_01_00_15\psp_1_00_02_00\pspdrivers\lib\DM6437\Debug\</path>
         <kind>archive</kind>
         <file>mcasp_bios_drv.lib</file>
         <name>llc_mcasp.obj</name>
      </input_file>
      <input_file id="fl-fa">
         <path>C:\dvsdk_1_01_00_15\psp_1_00_02_00\pspdrivers\lib\DM6437\Debug\</path>
         <kind>archive</kind>
         <file>palos_bios.lib</file>
         <name>pal_oscache.obj</name>
      </input_file>
      <input_file id="fl-fb">
         <path>C:\ti\bios_5_42_01_09\packages\ti\bios\lib\</path>
         <kind>archive</kind>
         <file>bios.a64P</file>
         <name>log_printf.o64P</name>
      </input_file>
      <input_file id="fl-fc">
         <path>C:\dvsdk_1_01_00_15\psp_1_00_02_00\pspdrivers\lib\DM6437\Debug\</path>
         <kind>archive</kind>
         <file>palos_bios.lib</file>
         <name>pal_osInt.obj</name>
      </input_file>
      <input_file id="fl-fd">
         <path>C:\dvsdk_1_01_00_15\psp_1_00_02_00\pspdrivers\lib\DM6437\Debug\</path>
         <kind>archive</kind>
         <file>palos_bios.lib</file>
         <name>pal_osList.obj</name>
      </input_file>
      <input_file id="fl-fe">
         <path>C:\dvsdk_1_01_00_15\psp_1_00_02_00\pspdrivers\lib\DM6437\Debug\</path>
         <kind>archive</kind>
         <file>mcbsp_bios_drv.lib</file>
         <name>ddc_mcbsp.obj</name>
      </input_file>
      <input_file id="fl-ff">
         <path>C:\dvsdk_1_01_00_15\psp_1_00_02_00\pspdrivers\lib\DM6437\Debug\</path>
         <kind>archive</kind>
         <file>mcbsp_bios_drv.lib</file>
         <name>llc_mcbsp.obj</name>
      </input_file>
      <input_file id="fl-100">
         <path>C:\ti\bios_5_42_01_09\packages\ti\bios\lib\</path>
         <kind>archive</kind>
         <file>bios.a64P</file>
         <name>que_get.o64P</name>
      </input_file>
      <input_file id="fl-101">
         <path>C:\ti\bios_5_42_01_09\packages\ti\rtdx\lib\c6000\</path>
         <kind>archive</kind>
         <file>rtdx64xplus.lib</file>
         <name>buffer2.o64P</name>
      </input_file>
      <input_file id="fl-102">
         <path>C:\ti\bios_5_42_01_09\packages\ti\rtdx\lib\c6000\</path>
         <kind>archive</kind>
         <file>rtdx64xplus.lib</file>
         <name>buffer1.o64P</name>
      </input_file>
      <input_file id="fl-103">
         <path>C:\ti\bios_5_42_01_09\packages\ti\rtdx\lib\c6000\</path>
         <kind>archive</kind>
         <file>rtdx64xplus.lib</file>
         <name>intr_tgt.o64P</name>
      </input_file>
      <input_file id="fl-104">
         <path>C:\ti\bios_5_42_01_09\packages\ti\rtdx\lib\c6000\</path>
         <kind>archive</kind>
         <file>rtdx64xplus.lib</file>
         <name>memfill.o64P</name>
      </input_file>
      <input_file id="fl-105">
         <path>C:\ti\bios_5_42_01_09\packages\ti\bios\lib\</path>
         <kind>archive</kind>
         <file>bios.a64P</file>
         <name>sem_pend.o64P</name>
      </input_file>
      <input_file id="fl-106">
         <path>C:\ti\bios_5_42_01_09\packages\ti\bios\lib\</path>
         <kind>archive</kind>
         <file>bios.a64P</file>
         <name>sem_post.o64P</name>
      </input_file>
      <input_file id="fl-107">
         <path>C:\ti\bios_5_42_01_09\packages\ti\bios\lib\</path>
         <kind>archive</kind>
         <file>bios.a64P</file>
         <name>sts_set.o64P</name>
      </input_file>
      <input_file id="fl-108">
         <path>C:\ti\bios_5_42_01_09\packages\ti\bios\lib\</path>
         <kind>archive</kind>
         <file>bios.a64P</file>
         <name>sys_abor.o64P</name>
      </input_file>
      <input_file id="fl-109">
         <path>C:\ti\bios_5_42_01_09\packages\ti\bios\lib\</path>
         <kind>archive</kind>
         <file>bios.a64P</file>
         <name>sys_erro.o64P</name>
      </input_file>
      <input_file id="fl-10a">
         <path>C:\ti\bios_5_42_01_09\packages\ti\bios\lib\</path>
         <kind>archive</kind>
         <file>bios.a64P</file>
         <name>sys_prin.o64P</name>
      </input_file>
      <input_file id="fl-10b">
         <path>C:\ti\bios_5_42_01_09\packages\ti\bios\lib\</path>
         <kind>archive</kind>
         <file>bios.a64P</file>
         <name>tsk.o64P</name>
      </input_file>
      <input_file id="fl-10c">
         <path>C:\ti\bios_5_42_01_09\packages\ti\bios\lib\</path>
         <kind>archive</kind>
         <file>bios.a64P</file>
         <name>tsk_disa.o64P</name>
      </input_file>
      <input_file id="fl-10d">
         <path>C:\ti\bios_5_42_01_09\packages\ti\bios\lib\</path>
         <kind>archive</kind>
         <file>bios.a64P</file>
         <name>tsk_exit.o64P</name>
      </input_file>
      <input_file id="fl-10e">
         <path>C:\ti\bios_5_42_01_09\packages\ti\bios\lib\</path>
         <kind>archive</kind>
         <file>bios.a64P</file>
         <name>sys_exit.o64P</name>
      </input_file>
      <input_file id="fl-10f">
         <path>C:\ti\bios_5_42_01_09\packages\ti\bios\lib\</path>
         <kind>archive</kind>
         <file>bios.a64P</file>
         <name>sys.o64P</name>
      </input_file>
      <input_file id="fl-110">
         <path>C:\ti\bios_5_42_01_09\packages\ti\bios\lib\</path>
         <kind>archive</kind>
         <file>bios.a64P</file>
         <name>tsk_init.o64P</name>
      </input_file>
      <input_file id="fl-111">
         <path>C:\ti\bios_5_42_01_09\packages\ti\bios\lib\</path>
         <kind>archive</kind>
         <file>bios.a64P</file>
         <name>tsk_setu.o64P</name>
      </input_file>
      <input_file id="fl-112">
         <path>C:\ti\bios_5_42_01_09\packages\ti\bios\lib\</path>
         <kind>archive</kind>
         <file>bios.a64P</file>
         <name>tsk_stup.o64P</name>
      </input_file>
      <input_file id="fl-113">
         <path>C:\ti\bios_5_42_01_09\packages\ti\bios\lib\</path>
         <kind>archive</kind>
         <file>bios.a64P</file>
         <name>lck.o64P</name>
      </input_file>
      <input_file id="fl-114">
         <path>C:\dvsdk_1_01_00_15\psp_1_00_02_00\pspdrivers\lib\DM6437\Debug\</path>
         <kind>archive</kind>
         <file>vpbe_bios_drv.lib</file>
         <name>dda_vpbeIom.obj</name>
      </input_file>
      <input_file id="fl-115">
         <path>C:\ti\bios_5_42_01_09\packages\ti\bios\lib\</path>
         <kind>archive</kind>
         <file>bios.a64P</file>
         <name>clk_getltime.o64P</name>
      </input_file>
      <input_file id="fl-116">
         <path>C:\dvsdk_1_01_00_15\psp_1_00_02_00\pspdrivers\lib\DM6437\Debug\</path>
         <kind>archive</kind>
         <file>vpbe_bios_drv.lib</file>
         <name>ddc_vpbe.obj</name>
      </input_file>
      <input_file id="fl-117">
         <path>C:\dvsdk_1_01_00_15\psp_1_00_02_00\pspdrivers\lib\DM6437\Debug\</path>
         <kind>archive</kind>
         <file>vpbe_bios_drv.lib</file>
         <name>ddc_vpbeOsd.obj</name>
      </input_file>
      <input_file id="fl-118">
         <path>C:\dvsdk_1_01_00_15\psp_1_00_02_00\pspdrivers\lib\DM6437\Debug\</path>
         <kind>archive</kind>
         <file>vpbe_bios_drv.lib</file>
         <name>ddc_vpbeCursor.obj</name>
      </input_file>
      <input_file id="fl-119">
         <path>C:\dvsdk_1_01_00_15\psp_1_00_02_00\pspdrivers\lib\DM6437\Debug\</path>
         <kind>archive</kind>
         <file>vpbe_bios_drv.lib</file>
         <name>ddc_vpbeVenc.obj</name>
      </input_file>
      <input_file id="fl-11a">
         <path>C:\dvsdk_1_01_00_15\psp_1_00_02_00\pspdrivers\lib\DM6437\Debug\</path>
         <kind>archive</kind>
         <file>vpbe_bios_drv.lib</file>
         <name>llc_vpbeOsd.obj</name>
      </input_file>
      <input_file id="fl-11b">
         <path>C:\dvsdk_1_01_00_15\psp_1_00_02_00\pspdrivers\lib\DM6437\Debug\</path>
         <kind>archive</kind>
         <file>vpbe_bios_drv.lib</file>
         <name>llc_vpbeVenc.obj</name>
      </input_file>
      <input_file id="fl-11c">
         <path>C:\dvsdk_1_01_00_15\psp_1_00_02_00\pspdrivers\lib\DM6437\Debug\</path>
         <kind>archive</kind>
         <file>vpbe_bios_drv.lib</file>
         <name>llc_vpbeCursor.obj</name>
      </input_file>
      <input_file id="fl-11d">
         <path>C:\dvsdk_1_01_00_15\psp_1_00_02_00\pspdrivers\lib\DM6437\Debug\</path>
         <kind>archive</kind>
         <file>vpbe_bios_drv.lib</file>
         <name>dda_vpbe.obj</name>
      </input_file>
      <input_file id="fl-11e">
         <path>C:\dvsdk_1_01_00_15\psp_1_00_02_00\pspdrivers\lib\DM6437\Debug\</path>
         <kind>archive</kind>
         <file>vpfe_bios_drv.lib</file>
         <name>dda_vpfeIom.obj</name>
      </input_file>
      <input_file id="fl-11f">
         <path>C:\dvsdk_1_01_00_15\psp_1_00_02_00\pspdrivers\lib\DM6437\Debug\</path>
         <kind>archive</kind>
         <file>vpfe_bios_drv.lib</file>
         <name>ddc_vpfe.obj</name>
      </input_file>
      <input_file id="fl-120">
         <path>C:\dvsdk_1_01_00_15\psp_1_00_02_00\pspdrivers\lib\DM6437\Debug\</path>
         <kind>archive</kind>
         <file>vpfe_bios_drv.lib</file>
         <name>ddc_vpfeCcdc.obj</name>
      </input_file>
      <input_file id="fl-121">
         <path>C:\dvsdk_1_01_00_15\psp_1_00_02_00\pspdrivers\lib\DM6437\Debug\</path>
         <kind>archive</kind>
         <file>vpfe_bios_drv.lib</file>
         <name>llc_vpfeCcdc.obj</name>
      </input_file>
      <input_file id="fl-122">
         <path>C:\dvsdk_1_01_00_15\psp_1_00_02_00\pspdrivers\lib\DM6437\Debug\</path>
         <kind>archive</kind>
         <file>vpfe_bios_drv.lib</file>
         <name>dda_vpfe.obj</name>
      </input_file>
      <input_file id="fl-123">
         <path>C:\dvsdk_1_01_00_15\psp_1_00_02_00\pspdrivers\lib\DM6437\Debug\</path>
         <kind>archive</kind>
         <file>prev_bios_drv.lib</file>
         <name>dda_previewer.obj</name>
      </input_file>
      <input_file id="fl-124">
         <path>C:\dvsdk_1_01_00_15\psp_1_00_02_00\pspdrivers\lib\DM6437\Debug\</path>
         <kind>archive</kind>
         <file>prev_bios_drv.lib</file>
         <name>ddc_previewer.obj</name>
      </input_file>
      <input_file id="fl-125">
         <path>C:\dvsdk_1_01_00_15\psp_1_00_02_00\pspdrivers\lib\DM6437\Debug\</path>
         <kind>archive</kind>
         <file>prev_bios_drv.lib</file>
         <name>llc_previewer.obj</name>
      </input_file>
      <input_file id="fl-126">
         <path>C:\dvsdk_1_01_00_15\psp_1_00_02_00\pspdrivers\lib\DM6437\Debug\</path>
         <kind>archive</kind>
         <file>vpbe_bios_drv.lib</file>
         <name>dda_vpbeBios.obj</name>
      </input_file>
      <input_file id="fl-127">
         <path>C:\dvsdk_1_01_00_15\psp_1_00_02_00\pspdrivers\lib\DM6437\Debug\</path>
         <kind>archive</kind>
         <file>vpfe_bios_drv.lib</file>
         <name>dda_vpfeBios.obj</name>
      </input_file>
      <input_file id="fl-128">
         <path>C:\dvsdk_1_01_00_15\psp_1_00_02_00\pspdrivers\lib\DM6437\Debug\</path>
         <kind>archive</kind>
         <file>i2c_bios_drv.lib</file>
         <name>dda_i2cBios.obj</name>
      </input_file>
      <input_file id="fl-129">
         <path>C:\ti\bios_5_42_01_09\packages\ti\bios\lib\</path>
         <kind>archive</kind>
         <file>bios.a64P</file>
         <name>gio_cbck.o64P</name>
      </input_file>
      <input_file id="fl-12a">
         <path>C:\ti\bios_5_42_01_09\packages\ti\bios\lib\</path>
         <kind>archive</kind>
         <file>bios.a64P</file>
         <name>sem_dopo.o64P</name>
      </input_file>
      <input_file id="fl-12b">
         <path>C:\ti\bios_5_42_01_09\packages\ti\bios\lib\</path>
         <kind>archive</kind>
         <file>bios.a64P</file>
         <name>autoinit.o64P</name>
      </input_file>
      <input_file id="fl-12c">
         <path>C:\CCStudio_v3.3\EVMDM6437\boards\evmdm6437_v2\lib\</path>
         <kind>archive</kind>
         <file>evmdm6437bsl.lib</file>
         <name>evmdm6437.obj</name>
      </input_file>
      <input_file id="fl-12d">
         <path>C:\CCStudio_v3.3\EVMDM6437\boards\evmdm6437_v2\lib\</path>
         <kind>archive</kind>
         <file>evmdm6437bsl.lib</file>
         <name>evmdm6437_ddr.obj</name>
      </input_file>
      <input_file id="fl-12e">
         <path>C:\CCStudio_v3.3\EVMDM6437\boards\evmdm6437_v2\lib\</path>
         <kind>archive</kind>
         <file>evmdm6437bsl.lib</file>
         <name>evmdm6437_flash.obj</name>
      </input_file>
      <input_file id="fl-12f">
         <path>C:\CCStudio_v3.3\EVMDM6437\boards\evmdm6437_v2\lib\</path>
         <kind>archive</kind>
         <file>evmdm6437bsl.lib</file>
         <name>evmdm6437_flash_id.obj</name>
      </input_file>
      <input_file id="fl-130">
         <path>C:\CCStudio_v3.3\EVMDM6437\boards\evmdm6437_v2\lib\</path>
         <kind>archive</kind>
         <file>evmdm6437bsl.lib</file>
         <name>evmdm6437_psc.obj</name>
      </input_file>
      <input_file id="fl-131">
         <path>C:\CCStudio_v3.3\EVMDM6437\boards\evmdm6437_v2\lib\</path>
         <kind>archive</kind>
         <file>evmdm6437bsl.lib</file>
         <name>evmdm6437_pll.obj</name>
      </input_file>
      <input_file id="fl-132">
         <path>C:\ti\ccsv5\tools\compiler\c6000_7.4.4\lib\</path>
         <kind>archive</kind>
         <file>rts64plus.lib</file>
         <name>cvtfd.obj</name>
      </input_file>
      <input_file id="fl-133">
         <path>C:\ti\ccsv5\tools\compiler\c6000_7.4.4\lib\</path>
         <kind>archive</kind>
         <file>rts64plus.lib</file>
         <name>divf.obj</name>
      </input_file>
      <input_file id="fl-134">
         <path>C:\ti\ccsv5\tools\compiler\c6000_7.4.4\lib\</path>
         <kind>archive</kind>
         <file>rts64plus.lib</file>
         <name>divi.obj</name>
      </input_file>
      <input_file id="fl-135">
         <path>C:\ti\ccsv5\tools\compiler\c6000_7.4.4\lib\</path>
         <kind>archive</kind>
         <file>rts64plus.lib</file>
         <name>divu.obj</name>
      </input_file>
      <input_file id="fl-136">
         <path>C:\ti\ccsv5\tools\compiler\c6000_7.4.4\lib\</path>
         <kind>archive</kind>
         <file>rts64plus.lib</file>
         <name>fixdu.obj</name>
      </input_file>
      <input_file id="fl-137">
         <path>C:\ti\ccsv5\tools\compiler\c6000_7.4.4\lib\</path>
         <kind>archive</kind>
         <file>rts64plus.lib</file>
         <name>fltuf.obj</name>
      </input_file>
      <input_file id="fl-138">
         <path>C:\ti\ccsv5\tools\compiler\c6000_7.4.4\lib\</path>
         <kind>archive</kind>
         <file>rts64plus.lib</file>
         <name>frcmpyf_div.obj</name>
      </input_file>
      <input_file id="fl-139">
         <path>C:\ti\ccsv5\tools\compiler\c6000_7.4.4\lib\</path>
         <kind>archive</kind>
         <file>rts64plus.lib</file>
         <name>defs.obj</name>
      </input_file>
      <input_file id="fl-13a">
         <path>C:\ti\ccsv5\tools\compiler\c6000_7.4.4\lib\</path>
         <kind>archive</kind>
         <file>rts64plus.lib</file>
         <name>_lock.obj</name>
      </input_file>
      <input_file id="fl-13b">
         <path>C:\ti\ccsv5\tools\compiler\c6000_7.4.4\lib\</path>
         <kind>archive</kind>
         <file>rts64plus.lib</file>
         <name>remu.obj</name>
      </input_file>
      <input_file id="fl-13c">
         <path>C:\ti\ccsv5\tools\compiler\c6000_7.4.4\lib\</path>
         <kind>archive</kind>
         <file>rts64plus.lib</file>
         <name>strasg.obj</name>
      </input_file>
      <input_file id="fl-13d">
         <path>C:\dvsdk_1_01_00_15\psp_1_00_02_00\pspdrivers\lib\DM6437\Debug\</path>
         <kind>archive</kind>
         <file>audio_bios_drv.lib</file>
         <name>psp_aic33Codec.obj</name>
      </input_file>
      <input_file id="fl-13e">
         <path>C:\ti\ccsv5\tools\compiler\c6000_7.4.4\lib\</path>
         <kind>archive</kind>
         <file>rts64plus.lib</file>
         <name>atexit.obj</name>
      </input_file>
      <input_file id="fl-13f">
         <path>C:\ti\ccsv5\tools\compiler\c6000_7.4.4\lib\</path>
         <kind>archive</kind>
         <file>rts64plus.lib</file>
         <name>sinit.obj</name>
      </input_file>
      <input_file id="fl-140">
         <path>C:\ti\ccsv5\tools\compiler\c6000_7.4.4\lib\</path>
         <kind>archive</kind>
         <file>rts64plus.lib</file>
         <name>exit.obj</name>
      </input_file>
      <input_file id="fl-141">
         <path>C:\ti\ccsv5\tools\compiler\c6000_7.4.4\lib\</path>
         <kind>archive</kind>
         <file>rts64plus.lib</file>
         <name>ceil.obj</name>
      </input_file>
      <input_file id="fl-142">
         <path>C:\ti\ccsv5\tools\compiler\c6000_7.4.4\lib\</path>
         <kind>archive</kind>
         <file>rts64plus.lib</file>
         <name>addd.obj</name>
      </input_file>
      <input_file id="fl-143">
         <path>C:\ti\ccsv5\tools\compiler\c6000_7.4.4\lib\</path>
         <kind>archive</kind>
         <file>rts64plus.lib</file>
         <name>cmpd.obj</name>
      </input_file>
      <input_file id="fl-144">
         <path>C:\ti\ccsv5\tools\compiler\c6000_7.4.4\lib\</path>
         <kind>archive</kind>
         <file>rts64plus.lib</file>
         <name>frcaddd.obj</name>
      </input_file>
      <input_file id="fl-145">
         <path>C:\ti\ccsv5\tools\compiler\c6000_7.4.4\lib\</path>
         <kind>archive</kind>
         <file>rts64plus.lib</file>
         <name>renormd.obj</name>
      </input_file>
      <input_file id="fl-146">
         <path>C:\dvsdk_1_01_00_15\psp_1_00_02_00\edma3\lib\Debug\</path>
         <kind>archive</kind>
         <file>edma3_drv_bios.lib</file>
         <name>edma3cfg.obj</name>
      </input_file>
      <input_file id="fl-147">
         <path>C:\dvsdk_1_01_00_15\psp_1_00_02_00\edma3\lib\Debug\</path>
         <kind>archive</kind>
         <file>edma3_drv_sample.lib</file>
         <name>bios_edma3_sample_cs.obj</name>
      </input_file>
      <input_file id="fl-148">
         <path>C:\dvsdk_1_01_00_15\psp_1_00_02_00\edma3\lib\Debug\</path>
         <kind>archive</kind>
         <file>edma3_drv_sample.lib</file>
         <name>bios_edma3_sample_cfg.obj</name>
      </input_file>
      <input_file id="fl-149">
         <path>C:\ti\ccsv5\tools\compiler\c6000_7.4.4\lib\</path>
         <kind>archive</kind>
         <file>rts64plus.lib</file>
         <name>fflush.obj</name>
      </input_file>
      <input_file id="fl-14a">
         <path>C:\dvsdk_1_01_00_15\psp_1_00_02_00\edma3\lib\Debug\</path>
         <kind>archive</kind>
         <file>edma3_drv_sample.lib</file>
         <name>bios_edma3_sample_init.obj</name>
      </input_file>
      <input_file id="fl-14b">
         <path>C:\dvsdk_1_01_00_15\psp_1_00_02_00\pspdrivers\lib\DM6437\Debug\</path>
         <kind>archive</kind>
         <file>video_bios_drv.lib</file>
         <name>psp_i2c_interface.obj</name>
      </input_file>
      <input_file id="fl-14c">
         <path>C:\ti\ccsv5\tools\compiler\c6000_7.4.4\lib\</path>
         <kind>archive</kind>
         <file>rts64plus.lib</file>
         <name>memcpy64.obj</name>
      </input_file>
      <input_file id="fl-14d">
         <path>C:\ti\ccsv5\tools\compiler\c6000_7.4.4\lib\</path>
         <kind>archive</kind>
         <file>rts64plus.lib</file>
         <name>memset.obj</name>
      </input_file>
      <input_file id="fl-14e">
         <path>C:\ti\ccsv5\tools\compiler\c6000_7.4.4\lib\</path>
         <kind>archive</kind>
         <file>rts64plus.lib</file>
         <name>modf.obj</name>
      </input_file>
      <input_file id="fl-14f">
         <path>C:\ti\ccsv5\tools\compiler\c6000_7.4.4\lib\</path>
         <kind>archive</kind>
         <file>rts64plus.lib</file>
         <name>subd.obj</name>
      </input_file>
      <input_file id="fl-150">
         <path>C:\ti\ccsv5\tools\compiler\c6000_7.4.4\lib\</path>
         <kind>archive</kind>
         <file>rts64plus.lib</file>
         <name>printf.obj</name>
      </input_file>
      <input_file id="fl-151">
         <path>C:\ti\ccsv5\tools\compiler\c6000_7.4.4\lib\</path>
         <kind>archive</kind>
         <file>rts64plus.lib</file>
         <name>_printfi.obj</name>
      </input_file>
      <input_file id="fl-152">
         <path>C:\ti\ccsv5\tools\compiler\c6000_7.4.4\lib\</path>
         <kind>archive</kind>
         <file>rts64plus.lib</file>
         <name>isinf.obj</name>
      </input_file>
      <input_file id="fl-153">
         <path>C:\ti\ccsv5\tools\compiler\c6000_7.4.4\lib\</path>
         <kind>archive</kind>
         <file>rts64plus.lib</file>
         <name>divd.obj</name>
      </input_file>
      <input_file id="fl-154">
         <path>C:\ti\ccsv5\tools\compiler\c6000_7.4.4\lib\</path>
         <kind>archive</kind>
         <file>rts64plus.lib</file>
         <name>imath40.obj</name>
      </input_file>
      <input_file id="fl-155">
         <path>C:\ti\ccsv5\tools\compiler\c6000_7.4.4\lib\</path>
         <kind>archive</kind>
         <file>rts64plus.lib</file>
         <name>imath64.obj</name>
      </input_file>
      <input_file id="fl-156">
         <path>C:\ti\ccsv5\tools\compiler\c6000_7.4.4\lib\</path>
         <kind>archive</kind>
         <file>rts64plus.lib</file>
         <name>fixdi.obj</name>
      </input_file>
      <input_file id="fl-157">
         <path>C:\ti\ccsv5\tools\compiler\c6000_7.4.4\lib\</path>
         <kind>archive</kind>
         <file>rts64plus.lib</file>
         <name>fixdli.obj</name>
      </input_file>
      <input_file id="fl-158">
         <path>C:\ti\ccsv5\tools\compiler\c6000_7.4.4\lib\</path>
         <kind>archive</kind>
         <file>rts64plus.lib</file>
         <name>fltlid.obj</name>
      </input_file>
      <input_file id="fl-159">
         <path>C:\ti\ccsv5\tools\compiler\c6000_7.4.4\lib\</path>
         <kind>archive</kind>
         <file>rts64plus.lib</file>
         <name>frcmpyd_div.obj</name>
      </input_file>
      <input_file id="fl-15a">
         <path>C:\ti\ccsv5\tools\compiler\c6000_7.4.4\lib\</path>
         <kind>archive</kind>
         <file>rts64plus.lib</file>
         <name>llshift.obj</name>
      </input_file>
      <input_file id="fl-15b">
         <path>C:\ti\ccsv5\tools\compiler\c6000_7.4.4\lib\</path>
         <kind>archive</kind>
         <file>rts64plus.lib</file>
         <name>mpyd.obj</name>
      </input_file>
      <input_file id="fl-15c">
         <path>C:\ti\ccsv5\tools\compiler\c6000_7.4.4\lib\</path>
         <kind>archive</kind>
         <file>rts64plus.lib</file>
         <name>frcmpyd.obj</name>
      </input_file>
      <input_file id="fl-15d">
         <path>C:\ti\ccsv5\tools\compiler\c6000_7.4.4\lib\</path>
         <kind>archive</kind>
         <file>rts64plus.lib</file>
         <name>negd.obj</name>
      </input_file>
      <input_file id="fl-15e">
         <path>C:\ti\ccsv5\tools\compiler\c6000_7.4.4\lib\</path>
         <kind>archive</kind>
         <file>rts64plus.lib</file>
         <name>negll.obj</name>
      </input_file>
      <input_file id="fl-15f">
         <path>C:\ti\ccsv5\tools\compiler\c6000_7.4.4\lib\</path>
         <kind>archive</kind>
         <file>rts64plus.lib</file>
         <name>atoi.obj</name>
      </input_file>
      <input_file id="fl-160">
         <path>C:\ti\ccsv5\tools\compiler\c6000_7.4.4\lib\</path>
         <kind>archive</kind>
         <file>rts64plus.lib</file>
         <name>ctype.obj</name>
      </input_file>
      <input_file id="fl-161">
         <path>C:\ti\ccsv5\tools\compiler\c6000_7.4.4\lib\</path>
         <kind>archive</kind>
         <file>rts64plus.lib</file>
         <name>fputc.obj</name>
      </input_file>
      <input_file id="fl-162">
         <path>C:\ti\ccsv5\tools\compiler\c6000_7.4.4\lib\</path>
         <kind>archive</kind>
         <file>rts64plus.lib</file>
         <name>_io_perm.obj</name>
      </input_file>
      <input_file id="fl-163">
         <path>C:\ti\ccsv5\tools\compiler\c6000_7.4.4\lib\</path>
         <kind>archive</kind>
         <file>rts64plus.lib</file>
         <name>fputs.obj</name>
      </input_file>
      <input_file id="fl-164">
         <path>C:\ti\ccsv5\tools\compiler\c6000_7.4.4\lib\</path>
         <kind>archive</kind>
         <file>rts64plus.lib</file>
         <name>fseek.obj</name>
      </input_file>
      <input_file id="fl-165">
         <path>C:\ti\ccsv5\tools\compiler\c6000_7.4.4\lib\</path>
         <kind>archive</kind>
         <file>rts64plus.lib</file>
         <name>abs.obj</name>
      </input_file>
      <input_file id="fl-166">
         <path>C:\ti\ccsv5\tools\compiler\c6000_7.4.4\lib\</path>
         <kind>archive</kind>
         <file>rts64plus.lib</file>
         <name>lowlev.obj</name>
      </input_file>
      <input_file id="fl-167">
         <path>C:\ti\ccsv5\tools\compiler\c6000_7.4.4\lib\</path>
         <kind>archive</kind>
         <file>rts64plus.lib</file>
         <name>trgdrv.obj</name>
      </input_file>
      <input_file id="fl-168">
         <path>C:\ti\ccsv5\tools\compiler\c6000_7.4.4\lib\</path>
         <kind>archive</kind>
         <file>rts64plus.lib</file>
         <name>ltoa.obj</name>
      </input_file>
      <input_file id="fl-169">
         <path>C:\ti\ccsv5\tools\compiler\c6000_7.4.4\lib\</path>
         <kind>archive</kind>
         <file>rts64plus.lib</file>
         <name>memccpy.obj</name>
      </input_file>
      <input_file id="fl-16a">
         <path>C:\ti\ccsv5\tools\compiler\c6000_7.4.4\lib\</path>
         <kind>archive</kind>
         <file>rts64plus.lib</file>
         <name>trgmsg.obj</name>
      </input_file>
      <input_file id="fl-16b">
         <path>C:\ti\ccsv5\tools\compiler\c6000_7.4.4\lib\</path>
         <kind>archive</kind>
         <file>rts64plus.lib</file>
         <name>setvbuf.obj</name>
      </input_file>
      <input_file id="fl-16c">
         <path>C:\ti\ccsv5\tools\compiler\c6000_7.4.4\lib\</path>
         <kind>archive</kind>
         <file>rts64plus.lib</file>
         <name>fopen.obj</name>
      </input_file>
      <input_file id="fl-16d">
         <path>C:\ti\ccsv5\tools\compiler\c6000_7.4.4\lib\</path>
         <kind>archive</kind>
         <file>rts64plus.lib</file>
         <name>fclose.obj</name>
      </input_file>
      <input_file id="fl-16e">
         <path>C:\ti\bios_5_42_01_09\packages\ti\bios\lib\</path>
         <kind>archive</kind>
         <file>bios.a64P</file>
         <name>malloc.o64P</name>
      </input_file>
      <input_file id="fl-16f">
         <path>C:\ti\ccsv5\tools\compiler\c6000_7.4.4\lib\</path>
         <kind>archive</kind>
         <file>rts64plus.lib</file>
         <name>remove.obj</name>
      </input_file>
      <input_file id="fl-170">
         <path>C:\ti\ccsv5\tools\compiler\c6000_7.4.4\lib\</path>
         <kind>archive</kind>
         <file>rts64plus.lib</file>
         <name>strcpy.obj</name>
      </input_file>
   </input_file_list>
   <object_component_list>
      <object_component id="oc-85">
         <name>.vers</name>
         <load_address>0x0</load_address>
         <run_address>0x0</run_address>
         <size>0x38</size>
         <input_file_ref idref="fl-e"/>
      </object_component>
      <object_component id="oc-72">
         <name>.clk</name>
         <uninitialized>true</uninitialized>
         <run_address>0x842feff8</run_address>
         <size>0x8</size>
         <input_file_ref idref="fl-e"/>
      </object_component>
      <object_component id="oc-78">
         <name>.swi</name>
         <uninitialized>true</uninitialized>
         <run_address>0x84308bd0</run_address>
         <size>0x2c</size>
         <input_file_ref idref="fl-e"/>
      </object_component>
      <object_component id="oc-7b">
         <name>.tsk</name>
         <uninitialized>true</uninitialized>
         <run_address>0x843091c8</run_address>
         <size>0xc0</size>
         <input_file_ref idref="fl-e"/>
      </object_component>
      <object_component id="oc-7f">
         <name>.idl</name>
         <uninitialized>true</uninitialized>
         <run_address>0x843093ac</run_address>
         <size>0x10</size>
         <input_file_ref idref="fl-e"/>
      </object_component>
      <object_component id="oc-7e">
         <name>.idlcal</name>
         <uninitialized>true</uninitialized>
         <run_address>0x843093bc</run_address>
         <size>0x10</size>
         <input_file_ref idref="fl-e"/>
      </object_component>
      <object_component id="oc-4e">
         <name>.bss</name>
         <uninitialized>true</uninitialized>
         <run_address>0x84306bf8</run_address>
         <size>0x444</size>
         <input_file_ref idref="fl-e"/>
      </object_component>
      <object_component id="oc-5f">
         <name>.bss</name>
         <uninitialized>true</uninitialized>
         <run_address>0x8430748c</run_address>
         <size>0x4</size>
         <input_file_ref idref="fl-c"/>
      </object_component>
      <object_component id="oc-89">
         <name>.bss</name>
         <uninitialized>true</uninitialized>
         <run_address>0x843072ec</run_address>
         <size>0x24</size>
         <input_file_ref idref="fl-f"/>
      </object_component>
      <object_component id="oc-a0">
         <name>.bss</name>
         <uninitialized>true</uninitialized>
         <run_address>0x8430713c</run_address>
         <size>0xcc</size>
         <input_file_ref idref="fl-9b"/>
      </object_component>
      <object_component id="oc-a2">
         <name>.bss</name>
         <uninitialized>true</uninitialized>
         <run_address>0x8430703c</run_address>
         <size>0x100</size>
         <input_file_ref idref="fl-9c"/>
      </object_component>
      <object_component id="oc-a9">
         <name>.bss</name>
         <uninitialized>true</uninitialized>
         <run_address>0x84307384</run_address>
         <size>0x18</size>
         <input_file_ref idref="fl-9e"/>
      </object_component>
      <object_component id="oc-af">
         <name>.bss</name>
         <uninitialized>true</uninitialized>
         <run_address>0x84307208</run_address>
         <size>0x9c</size>
         <input_file_ref idref="fl-9f"/>
      </object_component>
      <object_component id="oc-f0">
         <name>.bss</name>
         <uninitialized>true</uninitialized>
         <run_address>0x8430736c</run_address>
         <size>0x18</size>
         <input_file_ref idref="fl-b0"/>
      </object_component>
      <object_component id="oc-f2">
         <name>.bss</name>
         <uninitialized>true</uninitialized>
         <run_address>0x8430746c</run_address>
         <size>0x4</size>
         <input_file_ref idref="fl-b1"/>
      </object_component>
      <object_component id="oc-11e">
         <name>.bss</name>
         <uninitialized>true</uninitialized>
         <run_address>0x8430743c</run_address>
         <size>0x8</size>
         <input_file_ref idref="fl-bb"/>
      </object_component>
      <object_component id="oc-125">
         <name>.bss</name>
         <uninitialized>true</uninitialized>
         <run_address>0x84307464</run_address>
         <size>0x4</size>
         <input_file_ref idref="fl-bd"/>
      </object_component>
      <object_component id="oc-12f">
         <name>.bss</name>
         <uninitialized>true</uninitialized>
         <run_address>0x84307468</run_address>
         <size>0x4</size>
         <input_file_ref idref="fl-c0"/>
      </object_component>
      <object_component id="oc-142">
         <name>.bss</name>
         <uninitialized>true</uninitialized>
         <run_address>0x84307310</run_address>
         <size>0x20</size>
         <input_file_ref idref="fl-c3"/>
      </object_component>
      <object_component id="oc-161">
         <name>.bss</name>
         <uninitialized>true</uninitialized>
         <run_address>0x8430747c</run_address>
         <size>0x4</size>
         <input_file_ref idref="fl-c8"/>
      </object_component>
      <object_component id="oc-167">
         <name>.bss</name>
         <uninitialized>true</uninitialized>
         <run_address>0x84307330</run_address>
         <size>0x20</size>
         <input_file_ref idref="fl-c9"/>
      </object_component>
      <object_component id="oc-16d">
         <name>.bss</name>
         <uninitialized>true</uninitialized>
         <run_address>0x8430739c</run_address>
         <size>0x10</size>
         <input_file_ref idref="fl-ca"/>
      </object_component>
      <object_component id="oc-198">
         <name>.bss</name>
         <uninitialized>true</uninitialized>
         <run_address>0x843073ec</run_address>
         <size>0x10</size>
         <input_file_ref idref="fl-d3"/>
      </object_component>
      <object_component id="oc-1ab">
         <name>.bss</name>
         <uninitialized>true</uninitialized>
         <run_address>0x843072a4</run_address>
         <size>0x48</size>
         <input_file_ref idref="fl-d6"/>
      </object_component>
      <object_component id="oc-1c5">
         <name>.bss</name>
         <uninitialized>true</uninitialized>
         <run_address>0x84307484</run_address>
         <size>0x4</size>
         <input_file_ref idref="fl-dc"/>
      </object_component>
      <object_component id="oc-1e2">
         <name>.bss</name>
         <uninitialized>true</uninitialized>
         <run_address>0x84307488</run_address>
         <size>0x4</size>
         <input_file_ref idref="fl-e2"/>
      </object_component>
      <object_component id="oc-1ea">
         <name>.bss</name>
         <uninitialized>true</uninitialized>
         <run_address>0x84307470</run_address>
         <size>0x4</size>
         <input_file_ref idref="fl-e3"/>
      </object_component>
      <object_component id="oc-210">
         <name>.bss</name>
         <uninitialized>true</uninitialized>
         <run_address>0x84307474</run_address>
         <size>0x4</size>
         <input_file_ref idref="fl-ec"/>
      </object_component>
      <object_component id="oc-24e">
         <name>.bss</name>
         <uninitialized>true</uninitialized>
         <run_address>0x84307350</run_address>
         <size>0x1a</size>
         <input_file_ref idref="fl-f7"/>
      </object_component>
      <object_component id="oc-256">
         <name>.bss</name>
         <uninitialized>true</uninitialized>
         <run_address>0x843073fc</run_address>
         <size>0xe</size>
         <input_file_ref idref="fl-f8"/>
      </object_component>
      <object_component id="oc-27f">
         <name>.bss</name>
         <uninitialized>true</uninitialized>
         <run_address>0x843073cc</run_address>
         <size>0x10</size>
         <input_file_ref idref="fl-ff"/>
      </object_component>
      <object_component id="oc-28c">
         <name>.bss</name>
         <uninitialized>true</uninitialized>
         <run_address>0x843073dc</run_address>
         <size>0x10</size>
         <input_file_ref idref="fl-102"/>
      </object_component>
      <object_component id="oc-2b3">
         <name>.bss</name>
         <uninitialized>true</uninitialized>
         <run_address>0x84307418</run_address>
         <size>0xc</size>
         <input_file_ref idref="fl-10b"/>
      </object_component>
      <object_component id="oc-2b9">
         <name>.bss</name>
         <uninitialized>true</uninitialized>
         <run_address>0x84307478</run_address>
         <size>0x4</size>
         <input_file_ref idref="fl-10c"/>
      </object_component>
      <object_component id="oc-2c7">
         <name>.bss</name>
         <uninitialized>true</uninitialized>
         <run_address>0x84307444</run_address>
         <size>0x8</size>
         <input_file_ref idref="fl-10f"/>
      </object_component>
      <object_component id="oc-302">
         <name>.bss</name>
         <uninitialized>true</uninitialized>
         <run_address>0x84307494</run_address>
         <size>0x4</size>
         <input_file_ref idref="fl-11a"/>
      </object_component>
      <object_component id="oc-308">
         <name>.bss</name>
         <uninitialized>true</uninitialized>
         <run_address>0x84307498</run_address>
         <size>0x4</size>
         <input_file_ref idref="fl-11b"/>
      </object_component>
      <object_component id="oc-30e">
         <name>.bss</name>
         <uninitialized>true</uninitialized>
         <run_address>0x84307490</run_address>
         <size>0x4</size>
         <input_file_ref idref="fl-11c"/>
      </object_component>
      <object_component id="oc-320">
         <name>.bss</name>
         <uninitialized>true</uninitialized>
         <run_address>0x8430749c</run_address>
         <size>0x4</size>
         <input_file_ref idref="fl-11f"/>
      </object_component>
      <object_component id="oc-32e">
         <name>.bss</name>
         <uninitialized>true</uninitialized>
         <run_address>0x843074a0</run_address>
         <size>0x4</size>
         <input_file_ref idref="fl-121"/>
      </object_component>
      <object_component id="oc-339">
         <name>.bss</name>
         <uninitialized>true</uninitialized>
         <run_address>0x84307424</run_address>
         <size>0xc</size>
         <input_file_ref idref="fl-123"/>
      </object_component>
      <object_component id="oc-342">
         <name>.bss</name>
         <uninitialized>true</uninitialized>
         <run_address>0x84307454</run_address>
         <size>0x8</size>
         <input_file_ref idref="fl-124"/>
      </object_component>
      <object_component id="oc-34b">
         <name>.bss</name>
         <uninitialized>true</uninitialized>
         <run_address>0x84307430</run_address>
         <size>0xc</size>
         <input_file_ref idref="fl-125"/>
      </object_component>
      <object_component id="oc-37d">
         <name>.bss</name>
         <uninitialized>true</uninitialized>
         <run_address>0x843073bc</run_address>
         <size>0x10</size>
         <input_file_ref idref="fl-12f"/>
      </object_component>
      <object_component id="oc-385">
         <name>.bss</name>
         <uninitialized>true</uninitialized>
         <run_address>0x84307480</run_address>
         <size>0x4</size>
         <input_file_ref idref="fl-130"/>
      </object_component>
      <object_component id="oc-3b5">
         <name>.bss</name>
         <uninitialized>true</uninitialized>
         <run_address>0x8430740c</run_address>
         <size>0xc</size>
         <input_file_ref idref="fl-13d"/>
      </object_component>
      <object_component id="oc-3e3">
         <name>.bss</name>
         <uninitialized>true</uninitialized>
         <run_address>0x843073ac</run_address>
         <size>0x10</size>
         <input_file_ref idref="fl-148"/>
      </object_component>
      <object_component id="oc-3ec">
         <name>.bss</name>
         <uninitialized>true</uninitialized>
         <run_address>0x8430744c</run_address>
         <size>0x8</size>
         <input_file_ref idref="fl-14a"/>
      </object_component>
      <object_component id="oc-3f5">
         <name>.bss</name>
         <uninitialized>true</uninitialized>
         <run_address>0x8430745c</run_address>
         <size>0x8</size>
         <input_file_ref idref="fl-14b"/>
      </object_component>
      <object_component id="oc-77">
         <name>.hwi_vec</name>
         <load_address>0x84308c00</load_address>
         <run_address>0x84308c00</run_address>
         <size>0x200</size>
         <input_file_ref idref="fl-e"/>
      </object_component>
      <object_component id="oc-62">
         <name>.far</name>
         <uninitialized>true</uninitialized>
         <run_address>0x84180048</run_address>
         <size>0x12fc00</size>
         <input_file_ref idref="fl-c"/>
      </object_component>
      <object_component id="oc-8c">
         <name>.far</name>
         <uninitialized>true</uninitialized>
         <run_address>0x84000000</run_address>
         <size>0x180044</size>
         <input_file_ref idref="fl-f"/>
      </object_component>
      <object_component id="oc-92">
         <name>.far</name>
         <uninitialized>true</uninitialized>
         <run_address>0x842b7fb8</run_address>
         <size>0x18</size>
         <input_file_ref idref="fl-10"/>
      </object_component>
      <object_component id="oc-9e">
         <name>.far</name>
         <uninitialized>true</uninitialized>
         <run_address>0x842b7f80</run_address>
         <size>0x1c</size>
         <input_file_ref idref="fl-13"/>
      </object_component>
      <object_component id="oc-c0">
         <name>.far</name>
         <uninitialized>true</uninitialized>
         <run_address>0x842b7ff8</run_address>
         <size>0x10</size>
         <input_file_ref idref="fl-a3"/>
      </object_component>
      <object_component id="oc-c5">
         <name>.far</name>
         <uninitialized>true</uninitialized>
         <run_address>0x842b8044</run_address>
         <size>0x8</size>
         <input_file_ref idref="fl-a4"/>
      </object_component>
      <object_component id="oc-dc">
         <name>.far</name>
         <uninitialized>true</uninitialized>
         <run_address>0x842b8008</run_address>
         <size>0xc</size>
         <input_file_ref idref="fl-aa"/>
      </object_component>
      <object_component id="oc-129">
         <name>.far</name>
         <uninitialized>true</uninitialized>
         <run_address>0x842b7434</run_address>
         <size>0x4</size>
         <input_file_ref idref="fl-be"/>
      </object_component>
      <object_component id="oc-131">
         <name>.far</name>
         <uninitialized>true</uninitialized>
         <run_address>0x842b8060</run_address>
         <size>0x4</size>
         <input_file_ref idref="fl-c0"/>
      </object_component>
      <object_component id="oc-138">
         <name>.far</name>
         <uninitialized>true</uninitialized>
         <run_address>0x842b5b78</run_address>
         <size>0x8</size>
         <input_file_ref idref="fl-c1"/>
      </object_component>
      <object_component id="oc-145">
         <name>.far</name>
         <uninitialized>true</uninitialized>
         <run_address>0x842b5b80</run_address>
         <size>0x910</size>
         <input_file_ref idref="fl-c3"/>
      </object_component>
      <object_component id="oc-150">
         <name>.far</name>
         <uninitialized>true</uninitialized>
         <run_address>0x842b71e4</run_address>
         <size>0x4</size>
         <input_file_ref idref="fl-c5"/>
      </object_component>
      <object_component id="oc-15c">
         <name>.far</name>
         <uninitialized>true</uninitialized>
         <run_address>0x842b7f60</run_address>
         <size>0x20</size>
         <input_file_ref idref="fl-c7"/>
      </object_component>
      <object_component id="oc-170">
         <name>.far</name>
         <uninitialized>true</uninitialized>
         <run_address>0x842b7fe8</run_address>
         <size>0x10</size>
         <input_file_ref idref="fl-ca"/>
      </object_component>
      <object_component id="oc-18c">
         <name>.far</name>
         <uninitialized>true</uninitialized>
         <run_address>0x842b803c</run_address>
         <size>0x8</size>
         <input_file_ref idref="fl-d0"/>
      </object_component>
      <object_component id="oc-19c">
         <name>.far</name>
         <uninitialized>true</uninitialized>
         <run_address>0x842b7fd0</run_address>
         <size>0x18</size>
         <input_file_ref idref="fl-d3"/>
      </object_component>
      <object_component id="oc-1a7">
         <name>.far</name>
         <uninitialized>true</uninitialized>
         <run_address>0x842b7710</run_address>
         <size>0x13c</size>
         <input_file_ref idref="fl-d5"/>
      </object_component>
      <object_component id="oc-1ae">
         <name>.far</name>
         <uninitialized>true</uninitialized>
         <run_address>0x842b7b50</run_address>
         <size>0xd8</size>
         <input_file_ref idref="fl-d6"/>
      </object_component>
      <object_component id="oc-1c8">
         <name>.far</name>
         <uninitialized>true</uninitialized>
         <run_address>0x842b7a70</run_address>
         <size>0xe0</size>
         <input_file_ref idref="fl-dc"/>
      </object_component>
      <object_component id="oc-1e5">
         <name>.far</name>
         <uninitialized>true</uninitialized>
         <run_address>0x842b7cf0</run_address>
         <size>0xb8</size>
         <input_file_ref idref="fl-e2"/>
      </object_component>
      <object_component id="oc-207">
         <name>.far</name>
         <uninitialized>true</uninitialized>
         <run_address>0x842b7e78</run_address>
         <size>0x54</size>
         <input_file_ref idref="fl-ea"/>
      </object_component>
      <object_component id="oc-213">
         <name>.far</name>
         <uninitialized>true</uninitialized>
         <run_address>0x84180044</run_address>
         <size>0x4</size>
         <input_file_ref idref="fl-ec"/>
      </object_component>
      <object_component id="oc-228">
         <name>.far</name>
         <uninitialized>true</uninitialized>
         <run_address>0x842b7f9c</run_address>
         <size>0x1c</size>
         <input_file_ref idref="fl-f0"/>
      </object_component>
      <object_component id="oc-23c">
         <name>.far</name>
         <uninitialized>true</uninitialized>
         <run_address>0x842b7c28</run_address>
         <size>0xc8</size>
         <input_file_ref idref="fl-f4"/>
      </object_component>
      <object_component id="oc-248">
         <name>.far</name>
         <uninitialized>true</uninitialized>
         <run_address>0x842b1dc8</run_address>
         <size>0x1a30</size>
         <input_file_ref idref="fl-f6"/>
      </object_component>
      <object_component id="oc-251">
         <name>.far</name>
         <uninitialized>true</uninitialized>
         <run_address>0x842afc48</run_address>
         <size>0x2180</size>
         <input_file_ref idref="fl-f7"/>
      </object_component>
      <object_component id="oc-259">
         <name>.far</name>
         <uninitialized>true</uninitialized>
         <run_address>0x842b4c70</run_address>
         <size>0xee8</size>
         <input_file_ref idref="fl-f8"/>
      </object_component>
      <object_component id="oc-279">
         <name>.far</name>
         <uninitialized>true</uninitialized>
         <run_address>0x842b37f8</run_address>
         <size>0x1478</size>
         <input_file_ref idref="fl-fe"/>
      </object_component>
      <object_component id="oc-2b6">
         <name>.far</name>
         <uninitialized>true</uninitialized>
         <run_address>0x842b7e1c</run_address>
         <size>0x5c</size>
         <input_file_ref idref="fl-10b"/>
      </object_component>
      <object_component id="oc-2ca">
         <name>.far</name>
         <uninitialized>true</uninitialized>
         <run_address>0x842b5b58</run_address>
         <size>0x20</size>
         <input_file_ref idref="fl-10f"/>
      </object_component>
      <object_component id="oc-2d7">
         <name>.far</name>
         <uninitialized>true</uninitialized>
         <run_address>0x842b7ecc</run_address>
         <size>0x50</size>
         <input_file_ref idref="fl-112"/>
      </object_component>
      <object_component id="oc-2e3">
         <name>.far</name>
         <uninitialized>true</uninitialized>
         <run_address>0x842b7970</run_address>
         <size>0x100</size>
         <input_file_ref idref="fl-114"/>
      </object_component>
      <object_component id="oc-2ed">
         <name>.far</name>
         <uninitialized>true</uninitialized>
         <run_address>0x842b6a08</run_address>
         <size>0x4b8</size>
         <input_file_ref idref="fl-116"/>
      </object_component>
      <object_component id="oc-31b">
         <name>.far</name>
         <uninitialized>true</uninitialized>
         <run_address>0x842b7da8</run_address>
         <size>0x74</size>
         <input_file_ref idref="fl-11e"/>
      </object_component>
      <object_component id="oc-323">
         <name>.far</name>
         <uninitialized>true</uninitialized>
         <run_address>0x842b75c0</run_address>
         <size>0x14c</size>
         <input_file_ref idref="fl-11f"/>
      </object_component>
      <object_component id="oc-33c">
         <name>.far</name>
         <uninitialized>true</uninitialized>
         <run_address>0x842b8024</run_address>
         <size>0xc</size>
         <input_file_ref idref="fl-123"/>
      </object_component>
      <object_component id="oc-345">
         <name>.far</name>
         <uninitialized>true</uninitialized>
         <run_address>0x842b71e8</run_address>
         <size>0x24c</size>
         <input_file_ref idref="fl-124"/>
      </object_component>
      <object_component id="oc-380">
         <name>.far</name>
         <uninitialized>true</uninitialized>
         <run_address>0x842b8018</run_address>
         <size>0xc</size>
         <input_file_ref idref="fl-12f"/>
      </object_component>
      <object_component id="oc-3a7">
         <name>.far</name>
         <uninitialized>true</uninitialized>
         <run_address>0x842b6ec0</run_address>
         <size>0x324</size>
         <input_file_ref idref="fl-139"/>
      </object_component>
      <object_component id="oc-3ab">
         <name>.far</name>
         <uninitialized>true</uninitialized>
         <run_address>0x842b804c</run_address>
         <size>0x8</size>
         <input_file_ref idref="fl-13a"/>
      </object_component>
      <object_component id="oc-3be">
         <name>.far</name>
         <uninitialized>true</uninitialized>
         <run_address>0x842b7438</run_address>
         <size>0x188</size>
         <input_file_ref idref="fl-13e"/>
      </object_component>
      <object_component id="oc-3c3">
         <name>.far</name>
         <uninitialized>true</uninitialized>
         <run_address>0x842b784c</run_address>
         <size>0x4</size>
         <input_file_ref idref="fl-13f"/>
      </object_component>
      <object_component id="oc-3c8">
         <name>.far</name>
         <uninitialized>true</uninitialized>
         <run_address>0x842b8030</run_address>
         <size>0xc</size>
         <input_file_ref idref="fl-140"/>
      </object_component>
      <object_component id="oc-3dc">
         <name>.far</name>
         <uninitialized>true</uninitialized>
         <run_address>0x842b6490</run_address>
         <size>0x578</size>
         <input_file_ref idref="fl-146"/>
      </object_component>
      <object_component id="oc-3e6">
         <name>.far</name>
         <uninitialized>true</uninitialized>
         <run_address>0x842b7f20</run_address>
         <size>0x20</size>
         <input_file_ref idref="fl-148"/>
      </object_component>
      <object_component id="oc-3ef">
         <name>.far</name>
         <uninitialized>true</uninitialized>
         <run_address>0x842b7f40</run_address>
         <size>0x20</size>
         <input_file_ref idref="fl-14a"/>
      </object_component>
      <object_component id="oc-44c">
         <name>.far</name>
         <uninitialized>true</uninitialized>
         <run_address>0x842b7850</run_address>
         <size>0x11c</size>
         <input_file_ref idref="fl-166"/>
      </object_component>
      <object_component id="oc-450">
         <name>.far</name>
         <uninitialized>true</uninitialized>
         <run_address>0x842b8058</run_address>
         <size>0x8</size>
         <input_file_ref idref="fl-167"/>
      </object_component>
      <object_component id="oc-462">
         <name>.far</name>
         <uninitialized>true</uninitialized>
         <run_address>0x842b770c</run_address>
         <size>0x4</size>
         <input_file_ref idref="fl-16c"/>
      </object_component>
      <object_component id="oc-83">
         <name>.sem</name>
         <uninitialized>true</uninitialized>
         <run_address>0x84309318</run_address>
         <size>0x58</size>
         <input_file_ref idref="fl-e"/>
      </object_component>
      <object_component id="oc-6b">
         <name>.mem</name>
         <uninitialized>true</uninitialized>
         <run_address>0x84308278</run_address>
         <size>0x4</size>
         <input_file_ref idref="fl-e"/>
      </object_component>
      <object_component id="oc-2af">
         <name>.bios</name>
         <load_address>0x842f2820</load_address>
         <run_address>0x842f2820</run_address>
         <size>0x5c0</size>
         <input_file_ref idref="fl-10a"/>
      </object_component>
      <object_component id="oc-ab">
         <name>.bios</name>
         <load_address>0x842f2de0</load_address>
         <run_address>0x842f2de0</run_address>
         <size>0x5c0</size>
         <input_file_ref idref="fl-9e"/>
      </object_component>
      <object_component id="oc-171">
         <name>.bios</name>
         <load_address>0x842f33a0</load_address>
         <run_address>0x842f33a0</run_address>
         <size>0x520</size>
         <input_file_ref idref="fl-ca"/>
      </object_component>
      <object_component id="oc-50">
         <name>.bios</name>
         <load_address>0x842f38c0</load_address>
         <run_address>0x842f38c0</run_address>
         <size>0x4e0</size>
         <input_file_ref idref="fl-9c"/>
      </object_component>
      <object_component id="oc-4c">
         <name>.bios</name>
         <load_address>0x842f3da0</load_address>
         <run_address>0x842f3da0</run_address>
         <size>0x4c0</size>
         <input_file_ref idref="fl-9f"/>
      </object_component>
      <object_component id="oc-10d">
         <name>.bios</name>
         <load_address>0x842f4260</load_address>
         <run_address>0x842f4260</run_address>
         <size>0x380</size>
         <input_file_ref idref="fl-b7"/>
      </object_component>
      <object_component id="oc-182">
         <name>.bios</name>
         <load_address>0x842f45e0</load_address>
         <run_address>0x842f45e0</run_address>
         <size>0x2a0</size>
         <input_file_ref idref="fl-ce"/>
      </object_component>
      <object_component id="oc-469">
         <name>.bios</name>
         <load_address>0x842f4880</load_address>
         <run_address>0x842f4880</run_address>
         <size>0x2a0</size>
         <input_file_ref idref="fl-16e"/>
      </object_component>
      <object_component id="oc-112">
         <name>.bios</name>
         <load_address>0x842f4b20</load_address>
         <run_address>0x842f4b20</run_address>
         <size>0x280</size>
         <input_file_ref idref="fl-b8"/>
      </object_component>
      <object_component id="oc-1c1">
         <name>.bios</name>
         <load_address>0x842f4da0</load_address>
         <run_address>0x842f4da0</run_address>
         <size>0x240</size>
         <input_file_ref idref="fl-db"/>
      </object_component>
      <object_component id="oc-214">
         <name>.bios</name>
         <load_address>0x842f4fe0</load_address>
         <run_address>0x842f4fe0</run_address>
         <size>0x240</size>
         <input_file_ref idref="fl-ec"/>
      </object_component>
      <object_component id="oc-218">
[...]
         <value>0x842f0300</value>
         <object_component_ref idref="oc-483"/>
      </symbol>
      <symbol id="sm-310f">
         <name>__divi</name>
         <value>0x842f0300</value>
         <object_component_ref idref="oc-483"/>
      </symbol>
      <symbol id="sm-3118">
         <name>__c6xabi_divu</name>
         <value>0x842f0b40</value>
         <object_component_ref idref="oc-47a"/>
      </symbol>
      <symbol id="sm-3119">
         <name>__divu</name>
         <value>0x842f0b40</value>
         <object_component_ref idref="oc-47a"/>
      </symbol>
      <symbol id="sm-3126">
         <name>__fixdu</name>
         <value>0x842f19c0</value>
         <object_component_ref idref="oc-493"/>
      </symbol>
      <symbol id="sm-3130">
         <name>__fltuf</name>
         <value>0x842f2120</value>
         <object_component_ref idref="oc-48f"/>
      </symbol>
      <symbol id="sm-313a">
         <name>__frcmpyf_div</name>
         <value>0x842f21a0</value>
         <object_component_ref idref="oc-4b5"/>
      </symbol>
      <symbol id="sm-3144">
         <name>__tmpnams</name>
         <value>0x842b70a0</value>
         <object_component_ref idref="oc-3a7"/>
      </symbol>
      <symbol id="sm-3145">
         <name>__ft_end</name>
         <value>0x842b71e0</value>
         <object_component_ref idref="oc-3a7"/>
      </symbol>
      <symbol id="sm-3146">
         <name>__ftable</name>
         <value>0x842b6ec0</value>
         <object_component_ref idref="oc-3a7"/>
      </symbol>
      <symbol id="sm-3158">
         <name>__unlock</name>
         <value>0x842b8050</value>
         <object_component_ref idref="oc-3ab"/>
      </symbol>
      <symbol id="sm-3159">
         <name>__lock</name>
         <value>0x842b804c</value>
         <object_component_ref idref="oc-3ab"/>
      </symbol>
      <symbol id="sm-315a">
         <name>__register_lock</name>
         <value>0x842f2420</value>
         <object_component_ref idref="oc-48d"/>
      </symbol>
      <symbol id="sm-315b">
         <name>__nop</name>
         <value>0x842f23c0</value>
         <object_component_ref idref="oc-49d"/>
      </symbol>
      <symbol id="sm-315c">
         <name>__register_unlock</name>
         <value>0x842f2440</value>
         <object_component_ref idref="oc-48e"/>
      </symbol>
      <symbol id="sm-3165">
         <name>__remu</name>
         <value>0x842f14e0</value>
         <object_component_ref idref="oc-48c"/>
      </symbol>
      <symbol id="sm-3166">
         <name>__c6xabi_remu</name>
         <value>0x842f14e0</value>
         <object_component_ref idref="oc-48c"/>
      </symbol>
      <symbol id="sm-316e">
         <name>__c6xabi_strasgi_64plus</name>
         <value>0x842f22a0</value>
         <object_component_ref idref="oc-478"/>
      </symbol>
      <symbol id="sm-316f">
         <name>__strasgi_64plus</name>
         <value>0x842f22a0</value>
         <object_component_ref idref="oc-478"/>
      </symbol>
      <symbol id="sm-3275">
         <name>_aic33_closeCodec</name>
         <value>0x842de7cc</value>
         <object_component_ref idref="oc-3b4"/>
      </symbol>
      <symbol id="sm-3276">
         <name>_aic33_outGainControl</name>
         <value>0x842de6f8</value>
         <object_component_ref idref="oc-3b4"/>
      </symbol>
      <symbol id="sm-3277">
         <name>_aic33_inGainControl</name>
         <value>0x842de600</value>
         <object_component_ref idref="oc-3b4"/>
      </symbol>
      <symbol id="sm-3278">
         <name>_aic33_sampleRateControl</name>
         <value>0x842dd674</value>
         <object_component_ref idref="oc-3b4"/>
      </symbol>
      <symbol id="sm-3279">
         <name>_writeToIOExpander</name>
         <value>0x842de800</value>
         <object_component_ref idref="oc-3b4"/>
      </symbol>
      <symbol id="sm-327a">
         <name>_aic33Codec_config</name>
         <value>0x842ddec4</value>
         <object_component_ref idref="oc-3b4"/>
      </symbol>
      <symbol id="sm-3290">
         <name>_atexit</name>
         <value>0x842f0cc0</value>
         <object_component_ref idref="oc-4b3"/>
      </symbol>
      <symbol id="sm-3291">
         <name>___atexit_func_id__</name>
         <value>0x842b7438</value>
         <object_component_ref idref="oc-3be"/>
      </symbol>
      <symbol id="sm-32a9">
         <name>_dtors</name>
         <value>0x842b784c</value>
         <object_component_ref idref="oc-3c3"/>
      </symbol>
      <symbol id="sm-32aa">
         <name>_call_dtors</name>
         <value>0x842eff40</value>
         <object_component_ref idref="oc-4cc"/>
      </symbol>
      <symbol id="sm-32ab">
         <name>___add_dtor</name>
         <value>0x842f2060</value>
         <object_component_ref idref="oc-4c2"/>
      </symbol>
      <symbol id="sm-32b7">
         <name>___TI_enable_exit_profile_output</name>
         <value>0x842b8038</value>
         <object_component_ref idref="oc-3c8"/>
      </symbol>
      <symbol id="sm-32b8">
         <name>__cleanup_ptr</name>
         <value>0x842b8030</value>
         <object_component_ref idref="oc-3c8"/>
      </symbol>
      <symbol id="sm-32b9">
         <name>__dtors_ptr</name>
         <value>0x842b8034</value>
         <object_component_ref idref="oc-3c8"/>
      </symbol>
      <symbol id="sm-32c5">
         <name>_ceil</name>
         <value>0x842f1e80</value>
         <object_component_ref idref="oc-492"/>
      </symbol>
      <symbol id="sm-32d5">
         <name>__addd</name>
         <value>0x842edc80</value>
         <object_component_ref idref="oc-4b8"/>
      </symbol>
      <symbol id="sm-32e4">
         <name>__cmpd</name>
         <value>0x842f0220</value>
         <object_component_ref idref="oc-4b7"/>
      </symbol>
      <symbol id="sm-32f4">
         <name>__frcaddd</name>
         <value>0x842ede80</value>
         <object_component_ref idref="oc-4c4"/>
      </symbol>
      <symbol id="sm-3301">
         <name>__renormd</name>
         <value>0x842f1b40</value>
         <object_component_ref idref="oc-4cd"/>
      </symbol>
      <symbol id="sm-330b">
         <name>_edma3GblCfgParams</name>
         <value>0x842b6490</value>
         <object_component_ref idref="oc-3dc"/>
      </symbol>
      <symbol id="sm-330c">
         <name>_instanceInitConfig</name>
         <value>0x842b6768</value>
         <object_component_ref idref="oc-3dc"/>
      </symbol>
      <symbol id="sm-3347">
         <name>_edma3OsProtectExit</name>
         <value>0x842eb398</value>
         <object_component_ref idref="oc-3de"/>
      </symbol>
      <symbol id="sm-3348">
         <name>_edma3OsWaitMsecs</name>
         <value>0x842eb430</value>
         <object_component_ref idref="oc-3de"/>
      </symbol>
      <symbol id="sm-3349">
         <name>_edma3OsSemCreate</name>
         <value>0x842eb4cc</value>
         <object_component_ref idref="oc-3de"/>
      </symbol>
      <symbol id="sm-334a">
         <name>_edma3OsProtectEntry</name>
         <value>0x842eb2e0</value>
         <object_component_ref idref="oc-3de"/>
      </symbol>
      <symbol id="sm-334b">
         <name>_edma3OsSemGive</name>
         <value>0x842eb5c4</value>
         <object_component_ref idref="oc-3de"/>
      </symbol>
      <symbol id="sm-334c">
         <name>_Edma3_CacheFlush</name>
         <value>0x842eb4ac</value>
         <object_component_ref idref="oc-3de"/>
      </symbol>
      <symbol id="sm-334d">
         <name>_Edma3_CacheInvalidate</name>
         <value>0x842eb48c</value>
         <object_component_ref idref="oc-3de"/>
      </symbol>
      <symbol id="sm-334e">
         <name>_edma3OsSemTake</name>
         <value>0x842eb568</value>
         <object_component_ref idref="oc-3de"/>
      </symbol>
      <symbol id="sm-334f">
         <name>_edma3OsSemDelete</name>
         <value>0x842eb52c</value>
         <object_component_ref idref="oc-3de"/>
      </symbol>
      <symbol id="sm-335d">
         <name>_tcErrorInt</name>
         <value>0x842b7f20</value>
         <object_component_ref idref="oc-3e6"/>
      </symbol>
      <symbol id="sm-335e">
         <name>_ccXferCompInt</name>
         <value>0x843073b4</value>
         <object_component_ref idref="oc-3e3"/>
      </symbol>
      <symbol id="sm-335f">
         <name>_ccErrorInt</name>
         <value>0x843073b8</value>
         <object_component_ref idref="oc-3e3"/>
      </symbol>
      <symbol id="sm-3360">
         <name>_numEdma3EvtQue</name>
         <value>0x843073ac</value>
         <object_component_ref idref="oc-3e3"/>
      </symbol>
      <symbol id="sm-3361">
         <name>_numEdma3Tc</name>
         <value>0x843073b0</value>
         <object_component_ref idref="oc-3e3"/>
      </symbol>
      <symbol id="sm-3379">
         <name>__doflush</name>
         <value>0x842f0c00</value>
         <object_component_ref idref="oc-4be"/>
      </symbol>
      <symbol id="sm-337a">
         <name>_fflush</name>
         <value>0x842f05a0</value>
         <object_component_ref idref="oc-4ab"/>
      </symbol>
      <symbol id="sm-33b0">
         <name>_edma3deinit</name>
         <value>0x842ec670</value>
         <object_component_ref idref="oc-3eb"/>
      </symbol>
      <symbol id="sm-33b1">
         <name>_hEdma</name>
         <value>0x8430744c</value>
         <object_component_ref idref="oc-3ec"/>
      </symbol>
      <symbol id="sm-33b2">
         <name>_ptrEdma3TcIsrHandler</name>
         <value>0x842b7f40</value>
         <object_component_ref idref="oc-3ef"/>
      </symbol>
      <symbol id="sm-33b3">
         <name>_edma3init</name>
         <value>0x842ec4a0</value>
         <object_component_ref idref="oc-3eb"/>
      </symbol>
      <symbol id="sm-33d1">
         <name>_i2c_readReg</name>
         <value>0x842ee92c</value>
         <object_component_ref idref="oc-3f4"/>
      </symbol>
      <symbol id="sm-33d2">
         <name>_i2c_deInit</name>
         <value>0x842ee9ec</value>
         <object_component_ref idref="oc-3f4"/>
      </symbol>
      <symbol id="sm-33d3">
         <name>_i2c_writeReg</name>
         <value>0x842ee8a8</value>
         <object_component_ref idref="oc-3f4"/>
      </symbol>
      <symbol id="sm-33d4">
         <name>_i2c_init</name>
         <value>0x842ee860</value>
         <object_component_ref idref="oc-3f4"/>
      </symbol>
      <symbol id="sm-33de">
         <name>_memcpy</name>
         <value>0x842f16c0</value>
         <object_component_ref idref="oc-481"/>
      </symbol>
      <symbol id="sm-33e9">
         <name>_memset</name>
         <value>0x842f0680</value>
         <object_component_ref idref="oc-47c"/>
      </symbol>
      <symbol id="sm-33f6">
         <name>_modf</name>
         <value>0x842f1760</value>
         <object_component_ref idref="oc-4b6"/>
      </symbol>
      <symbol id="sm-3400">
         <name>__subd</name>
         <value>0x842f22e0</value>
         <object_component_ref idref="oc-4c3"/>
      </symbol>
      <symbol id="sm-3415">
         <name>_printf</name>
         <value>0x842f0760</value>
         <object_component_ref idref="oc-4aa"/>
      </symbol>
      <symbol id="sm-3533">
         <name>__printfi</name>
         <value>0x842e9cc0</value>
         <object_component_ref idref="oc-4bc"/>
      </symbol>
      <symbol id="sm-353d">
         <name>___isinf</name>
         <value>0x842f20a0</value>
         <object_component_ref idref="oc-4d7"/>
      </symbol>
      <symbol id="sm-3555">
         <name>__divd</name>
         <value>0x842e8460</value>
         <object_component_ref idref="oc-4e7"/>
      </symbol>
      <symbol id="sm-3565">
         <name>__divul</name>
         <value>0x842eedc0</value>
         <object_component_ref idref="oc-4f1"/>
      </symbol>
      <symbol id="sm-3566">
         <name>__remli</name>
         <value>0x842f2260</value>
         <object_component_ref idref="oc-4f5"/>
      </symbol>
      <symbol id="sm-3567">
         <name>__divli</name>
         <value>0x842f11c0</value>
         <object_component_ref idref="oc-4f6"/>
      </symbol>
      <symbol id="sm-357b">
         <name>__subcull</name>
         <value>0x842f1e20</value>
         <object_component_ref idref="oc-4f8"/>
      </symbol>
      <symbol id="sm-357c">
         <name>__divull</name>
         <value>0x842ecca0</value>
         <object_component_ref idref="oc-4f2"/>
      </symbol>
      <symbol id="sm-3589">
         <name>__fixdi</name>
         <value>0x842f1940</value>
         <object_component_ref idref="oc-4ed"/>
      </symbol>
      <symbol id="sm-3596">
         <name>__fixdli</name>
         <value>0x842f13a0</value>
         <object_component_ref idref="oc-4ea"/>
      </symbol>
      <symbol id="sm-35a1">
         <name>__fltlid</name>
         <value>0x842f1a40</value>
         <object_component_ref idref="oc-4ec"/>
      </symbol>
      <symbol id="sm-35ab">
         <name>__frcmpyd_div</name>
         <value>0x842f2160</value>
         <object_component_ref idref="oc-4f0"/>
      </symbol>
      <symbol id="sm-35b9">
         <name>__llshl</name>
         <value>0x842f1ac0</value>
         <object_component_ref idref="oc-4f7"/>
      </symbol>
      <symbol id="sm-35ba">
         <name>__llshru</name>
         <value>0x842f21e0</value>
         <object_component_ref idref="oc-4f9"/>
      </symbol>
      <symbol id="sm-35d0">
         <name>__mpyd</name>
         <value>0x842ecf00</value>
         <object_component_ref idref="oc-4e6"/>
      </symbol>
      <symbol id="sm-35da">
         <name>__frcmpyd</name>
         <value>0x842efd40</value>
         <object_component_ref idref="oc-4ee"/>
      </symbol>
      <symbol id="sm-35e4">
         <name>__negd</name>
         <value>0x842f2220</value>
         <object_component_ref idref="oc-4d8"/>
      </symbol>
      <symbol id="sm-35ee">
         <name>__negll</name>
         <value>0x842f23a0</value>
         <object_component_ref idref="oc-4dd"/>
      </symbol>
      <symbol id="sm-35fc">
         <name>_atoi</name>
         <value>0x842f03e0</value>
         <object_component_ref idref="oc-4cf"/>
      </symbol>
      <symbol id="sm-3604">
         <name>__ctypes_</name>
         <value>0x84306540</value>
         <object_component_ref idref="oc-4d5"/>
      </symbol>
      <symbol id="sm-361f">
         <name>_putc</name>
         <value>0x842eda60</value>
         <object_component_ref idref="oc-4ca"/>
      </symbol>
      <symbol id="sm-3620">
         <name>_fputc</name>
         <value>0x842eda60</value>
         <object_component_ref idref="oc-4ca"/>
      </symbol>
      <symbol id="sm-362f">
         <name>__wrt_ok</name>
         <value>0x842efe40</value>
         <object_component_ref idref="oc-4ce"/>
      </symbol>
      <symbol id="sm-3651">
         <name>_fputs</name>
         <value>0x842ea540</value>
         <object_component_ref idref="oc-4c5"/>
      </symbol>
      <symbol id="sm-3662">
         <name>_fseek</name>
         <value>0x842efb20</value>
         <object_component_ref idref="oc-4d3"/>
      </symbol>
      <symbol id="sm-36a6">
         <name>_unlink</name>
         <value>0x842f1c40</value>
         <object_component_ref idref="oc-4fa"/>
      </symbol>
      <symbol id="sm-36a7">
         <name>_lseek</name>
         <value>0x842f1620</value>
         <object_component_ref idref="oc-4df"/>
      </symbol>
      <symbol id="sm-36a8">
         <name>_close</name>
         <value>0x842f04c0</value>
         <object_component_ref idref="oc-4f3"/>
      </symbol>
      <symbol id="sm-36a9">
         <name>_write</name>
         <value>0x842f1800</value>
         <object_component_ref idref="oc-4cb"/>
      </symbol>
      <symbol id="sm-36d2">
         <name>_HOSTopen</name>
         <value>0x842f0140</value>
         <object_component_ref idref="oc-4a0"/>
      </symbol>
      <symbol id="sm-36d3">
         <name>_HOSTread</name>
         <value>0x842f0840</value>
         <object_component_ref idref="oc-4a2"/>
      </symbol>
      <symbol id="sm-36d4">
         <name>_HOSTrename</name>
         <value>0x842ef100</value>
         <object_component_ref idref="oc-4a6"/>
      </symbol>
      <symbol id="sm-36d5">
         <name>_HOSTwrite</name>
         <value>0x842f09c0</value>
         <object_component_ref idref="oc-4a3"/>
      </symbol>
      <symbol id="sm-36d6">
         <name>_HOSTlseek</name>
         <value>0x842efc40</value>
         <object_component_ref idref="oc-4a4"/>
      </symbol>
      <symbol id="sm-36d7">
         <name>_HOSTunlink</name>
         <value>0x842f0900</value>
         <object_component_ref idref="oc-4a5"/>
      </symbol>
      <symbol id="sm-36d8">
         <name>_HOSTclose</name>
         <value>0x842f1080</value>
         <object_component_ref idref="oc-4a1"/>
      </symbol>
      <symbol id="sm-36e5">
         <name>_ltoa</name>
         <value>0x842f0d80</value>
         <object_component_ref idref="oc-4eb"/>
      </symbol>
      <symbol id="sm-36f2">
         <name>_memccpy</name>
         <value>0x842f1ee0</value>
         <object_component_ref idref="oc-4d2"/>
      </symbol>
      <symbol id="sm-3702">
         <name>C$$IO$$</name>
         <value>0x842f1ff8</value>
         <object_component_ref idref="oc-4b9"/>
      </symbol>
      <symbol id="sm-3703">
         <name>__CIOBUF_</name>
         <value>0x842fee98</value>
         <object_component_ref idref="oc-45a"/>
      </symbol>
      <symbol id="sm-3704">
         <name>_readmsg</name>
         <value>0x842f1bc0</value>
         <object_component_ref idref="oc-4ba"/>
      </symbol>
      <symbol id="sm-3705">
         <name>_writemsg</name>
         <value>0x842f1fa0</value>
         <object_component_ref idref="oc-4b9"/>
      </symbol>
      <symbol id="sm-371b">
         <name>_setvbuf</name>
         <value>0x842ee280</value>
         <object_component_ref idref="oc-4d4"/>
      </symbol>
      <symbol id="sm-372e">
         <name>__cleanup</name>
         <value>0x842f1120</value>
         <object_component_ref idref="oc-4e0"/>
      </symbol>
      <symbol id="sm-3740">
         <name>__closefile</name>
         <value>0x842ef7c0</value>
         <object_component_ref idref="oc-4e9"/>
      </symbol>
      <symbol id="sm-375c">
         <name>_memalign</name>
         <value>0x842f49d8</value>
         <object_component_ref idref="oc-469"/>
      </symbol>
      <symbol id="sm-375d">
         <name>_malloc</name>
         <value>0x842f48a8</value>
         <object_component_ref idref="oc-469"/>
      </symbol>
      <symbol id="sm-375e">
         <name>_realloc</name>
         <value>0x842f490c</value>
         <object_component_ref idref="oc-469"/>
      </symbol>
      <symbol id="sm-375f">
         <name>_free</name>
         <value>0x842f4880</value>
         <object_component_ref idref="oc-469"/>
      </symbol>
      <symbol id="sm-3760">
         <name>_calloc</name>
         <value>0x842f4ab8</value>
         <object_component_ref idref="oc-469"/>
      </symbol>
      <symbol id="sm-376c">
         <name>_remove</name>
         <value>0x842f2460</value>
         <object_component_ref idref="oc-4f4"/>
      </symbol>
      <symbol id="sm-3777">
         <name>_strcpy</name>
         <value>0x842f1f40</value>
         <object_component_ref idref="oc-47e"/>
      </symbol>
   </symbol_table>
</link_info>
