******************************************************************************
               TMS320C6x Linker PC v7.4.4                      
******************************************************************************
>> Linked Thu Jul 24 08:21:41 2014

OUTPUT FILE NAME:   <TemplateVideoLoopback.out>
ENTRY POINT SYMBOL: "_c_int00"  address: 84307a80


MEMORY CONFIGURATION

         name            origin    length      used     unused   attr    fill
----------------------  --------  ---------  --------  --------  ----  --------
  CACHE_L2              10800000   00020000  00000000  00020000  RWIX
  CACHE_L1P             10e08000   00008000  00000000  00008000  RWIX
  L1DSRAM               10f04000   00010000  00010000  00000000  RWIX
  CACHE_L1D             10f14000   00004000  00000000  00004000  RWIX
  SRAM                  42000000   00200000  00000000  00200000  RWIX
  DDR2                  80000000   08000000  043093cd  03cf6c33  RWIX


SECTION ALLOCATION MAP

 output                                  attributes/
section   page    origin      length       input sections
--------  ----  ----------  ----------   ----------------
.vers      0    00000000    00000038     COPY SECTION
                  00000000    00000038     tskcfg.obj (.vers)

.L1DSRAM$heap 
*          0    10f04000    00010000     UNINITIALIZED
                  10f04000    00010000     --HOLE--

.prd       0    80000000    00000000     UNINITIALIZED

.data      0    80000000    00000000     UNINITIALIZED

.DDR2$heap 
*          0    80000000    04000000     UNINITIALIZED
                  80000000    04000000     --HOLE--

.far       0    84000000    002b8064     UNINITIALIZED
                  84000000    00180044     imageProcessing.obj (.far)
                  84180044    00000004     bios.a64P : mem_defi.o64P (.far)
                  84180048    0012fc00     video_loopback.obj (.far)
                  842afc48    00002180     edma3_drv_bios.lib : edma3.obj (.far)
                  842b1dc8    00001a30     mcasp_bios_drv.lib : ddc_mcasp.obj (.far)
                  842b37f8    00001478     mcbsp_bios_drv.lib : ddc_mcbsp.obj (.far)
                  842b4c70    00000ee8     edma3_rm_bios.lib : edma3resmgr.obj (.far)
                  842b5b58    00000020     bios.a64P : sys.o64P (.far)
                  842b5b78    00000008               : ecm_dispatch.o64P (.far)
                  842b5b80    00000910     audio_bios_drv.lib : psp_audio.obj (.far)
                  842b6490    00000578     edma3_drv_bios.lib : edma3cfg.obj (.far)
                  842b6a08    000004b8     vpbe_bios_drv.lib : ddc_vpbe.obj (.far)
                  842b6ec0    00000324     rts64plus.lib : defs.obj (.far)
                  842b71e4    00000004     bios6424.a64P : bcache_wait.o64P (.far)
                  842b71e8    0000024c     prev_bios_drv.lib : ddc_previewer.obj (.far)
                  842b7434    00000004     bios6424.a64P : clk_data.o64P (.far)
                  842b7438    00000188     rts64plus.lib : atexit.obj (.far)
                  842b75c0    0000014c     vpfe_bios_drv.lib : ddc_vpfe.obj (.far)
                  842b770c    00000004     rts64plus.lib : fopen.obj (.far)
                  842b7710    0000013c     i2c_bios_drv.lib : dda_i2cIom.obj (.far)
                  842b784c    00000004     rts64plus.lib : sinit.obj (.far)
                  842b7850    0000011c                   : lowlev.obj (.far)
                  842b796c    00000004     --HOLE--
                  842b7970    00000100     vpbe_bios_drv.lib : dda_vpbeIom.obj (.far)
                  842b7a70    000000e0     mcasp_bios_drv.lib : dda_mcasp_bios.obj (.far)
                  842b7b50    000000d8     bios.a64P : knl.o64P (.far)
                  842b7c28    000000c8     i2c_bios_drv.lib : ddc_i2c.obj (.far)
                  842b7cf0    000000b8     mcbsp_bios_drv.lib : dda_mcbsp_bios.obj (.far)
                  842b7da8    00000074     vpfe_bios_drv.lib : dda_vpfeIom.obj (.far)
                  842b7e1c    0000005c     bios.a64P : tsk.o64P (.far)
                  842b7e78    00000054               : obj_init.o64P (.far)
                  842b7ecc    00000050               : tsk_stup.o64P (.far)
                  842b7f1c    00000004     --HOLE--
                  842b7f20    00000020     edma3_drv_sample.lib : bios_edma3_sample_cfg.obj (.far)
                  842b7f40    00000020                          : bios_edma3_sample_init.obj (.far)
                  842b7f60    00000020     evmdm6437bsl.lib : evmdm6437_gpio.obj (.far)
                  842b7f80    0000001c     audio_params.obj (.far)
                  842b7f9c    0000001c     video_bios_drv.lib : tvp5146_extDecoder.obj (.far)
                  842b7fb8    00000018     i2c_params.obj (.far)
                  842b7fd0    00000018     rtdx64xplus.lib : rtdx_mon.o64P (.far)
                  842b7fe8    00000010     bios.a64P : exc.o64P (.far)
                  842b7ff8    00000010               : knl_tick.o64P (.far)
                  842b8008    0000000c               : utl_putc.o64P (.far)
                  842b8014    00000004     --HOLE--
                  842b8018    0000000c     evmdm6437bsl.lib : evmdm6437_flash_id.obj (.far)
                  842b8024    0000000c     prev_bios_drv.lib : dda_previewer.obj (.far)
                  842b8030    0000000c     rts64plus.lib : exit.obj (.far)
                  842b803c    00000008     bios.a64P : gio.o64P (.far)
                  842b8044    00000008               : sem_crea.o64P (.far)
                  842b804c    00000008     rts64plus.lib : _lock.obj (.far)
                  842b8054    00000004     --HOLE--
                  842b8058    00000008                   : trgdrv.obj (.far)
                  842b8060    00000004     bios.a64P : dev_init.o64P (.far)

.gio       0    842b8064    00000010     UNINITIALIZED
                  842b8064    00000010     tskcfg.obj (.gio)

.pinit     0    842b8074    0000000c     
                  842b8074    00000004     rtdx64xplus.lib : buffer1.o64P (.pinit)
                  842b8078    00000004                     : rtdx_mon.o64P (.pinit)
                  842b807c    00000004     --HOLE-- [fill = 0]

.text      0    842b8080    0003a7a0     
                  842b8080    00006780     mcasp_bios_drv.lib : ddc_mcasp.obj (.text)
                  842be800    00005380     edma3_drv_bios.lib : edma3.obj (.text)
                  842c3b80    00004680     mcbsp_bios_drv.lib : ddc_mcbsp.obj (.text)
                  842c8200    00003da0     edma3_rm_bios.lib : edma3resmgr.obj (.text)
                  842cbfa0    00003060     prev_bios_drv.lib : llc_previewer.obj (.text)
                  842cf000    00002ec0     mcasp_bios_drv.lib : llc_mcasp.obj (.text)
                  842d1ec0    00002b80     prev_bios_drv.lib : ddc_previewer.obj (.text)
                  842d4a40    00002420     vpbe_bios_drv.lib : llc_vpbeOsd.obj (.text)
                  842d6e60    00001e40                       : ddc_vpbe.obj (.text)
                  842d8ca0    000019e0     vpfe_bios_drv.lib : llc_vpfeCcdc.obj (.text)
                  842da680    000019c0     i2c_bios_drv.lib : ddc_i2c.obj (.text)
                  842dc040    00001580     vpfe_bios_drv.lib : ddc_vpfe.obj (.text)
                  842dd5c0    00001500     audio_bios_drv.lib : psp_aic33Codec.obj (.text)
                  842deac0    00001200                        : psp_audio.obj (.text)
                  842dfcc0    00000fe0     mcbsp_bios_drv.lib : llc_mcbsp.obj (.text)
                  842e0ca0    00000f40     prev_bios_drv.lib : dda_previewer.obj (.text)
                  842e1be0    00000a00     video_bios_drv.lib : tvp5146_extDecoder.obj (.text)
                  842e25e0    00000980     vpfe_bios_drv.lib : ddc_vpfeCcdc.obj (.text)
                  842e2f60    000008e0     mcasp_bios_drv.lib : dda_mcasp_bios.obj (.text)
                  842e3840    00000860     vpbe_bios_drv.lib : ddc_vpbeOsd.obj (.text)
                  842e40a0    00000840     mcbsp_bios_drv.lib : dda_mcbsp_bios.obj (.text)
                  842e48e0    00000840     palos_bios.lib : pal_osList.obj (.text)
                  842e5120    00000840     vpbe_bios_drv.lib : llc_vpbeVenc.obj (.text)
                  842e5960    00000800     imageProcessing.obj (.text)
                  842e6160    000007c0     i2c_bios_drv.lib : dda_i2cIom.obj (.text)
                  842e6920    00000760     vpbe_bios_drv.lib : dda_vpbeIom.obj (.text)
                  842e7080    00000740                       : ddc_vpbeVenc.obj (.text)
                  842e77c0    00000720     vpfe_bios_drv.lib : dda_vpfeIom.obj (.text)
                  842e7ee0    00000580     rts64plus.lib : _printfi.obj (.text:__getarg_diouxp)
                  842e8460    00000540                   : divd.obj (.text:__divd)
                  842e89a0    00000520     vpbe_bios_drv.lib : dda_vpbe.obj (.text)
                  842e8ec0    00000520     vpfe_bios_drv.lib : dda_vpfe.obj (.text)
                  842e93e0    00000480     evmdm6437bsl.lib : evmdm6437_pll.obj (.text)
                  842e9860    00000460     video_loopback.obj (.text)
                  842e9cc0    00000440     rts64plus.lib : _printfi.obj (.text:__printfi)
                  842ea100    00000440                   : _printfi.obj (.text:__setfield)
                  842ea540    000003a0                   : fputs.obj (.text:_fputs)
                  842ea8e0    00000380     evmdm6437bsl.lib : evmdm6437.obj (.text)
                  842eac60    00000340     rts64plus.lib : divf.obj (.text:__divf)
                  842eafa0    00000340                   : _printfi.obj (.text:__pproc_fge)
                  842eb2e0    00000320     edma3_drv_sample.lib : bios_edma3_sample_cs.obj (.text)
                  842eb600    00000300     rts64plus.lib : _printfi.obj (.text:_ecvt)
                  842eb900    00000300                   : _printfi.obj (.text:_fcvt)
                  842ebc00    00000300     evmdm6437bsl.lib : evmdm6437_flash_id.obj (.text)
                  842ebf00    000002e0     vpbe_bios_drv.lib : llc_vpbeCursor.obj (.text)
                  842ec1e0    000002c0     rts64plus.lib : _printfi.obj (.text:__pproc_fwp)
                  842ec4a0    000002c0     edma3_drv_sample.lib : bios_edma3_sample_init.obj (.text)
                  842ec760    000002a0     rts64plus.lib : _printfi.obj (.text:__pconv_e)
                  842eca00    000002a0     palos_bios.lib : pal_osmem.obj (.text)
                  842ecca0    00000260     rts64plus.lib : imath64.obj (.text:__divull)
                  842ecf00    00000260                   : mpyd.obj (.text:__mpyd)
                  842ed160    00000260     evmdm6437bsl.lib : evmdm6437_i2c.obj (.text)
                  842ed3c0    00000240     rts64plus.lib : _printfi.obj (.text:__pproc_diouxp)
                  842ed600    00000240     evmdm6437bsl.lib : evmdm6437_psc.obj (.text)
                  842ed840    00000220     rts64plus.lib : _printfi.obj (.text:__pproc_str)
                  842eda60    00000220                   : fputc.obj (.text:_fputc)
                  842edc80    00000200                   : addd.obj (.text:__addd)
                  842ede80    00000200                   : frcaddd.obj (.text:__frcaddd)
                  842ee080    00000200                   : _printfi.obj (.text:__pconv_g)
                  842ee280    00000200                   : setvbuf.obj (.text:_setvbuf)
                  842ee480    00000200     vpbe_bios_drv.lib : ddc_vpbeCursor.obj (.text)
                  842ee680    000001e0     evmdm6437bsl.lib : evmdm6437_i2c_gpio.obj (.text)
                  842ee860    000001e0     video_bios_drv.lib : psp_i2c_interface.obj (.text)
                  842eea40    000001c0     rts64plus.lib : _printfi.obj (.text:__mcpy)
                  842eec00    000001c0     evmdm6437bsl.lib : evmdm6437_gpio.obj (.text)
                  842eedc0    000001a0     rts64plus.lib : imath40.obj (.text:__divul)
                  842eef60    000001a0     evmdm6437bsl.lib : evmdm6437_ddr.obj (.text)
                  842ef100    00000180     rts64plus.lib : trgdrv.obj (.text:_HOSTrename)
                  842ef280    00000180     i2c_bios_drv.lib : dda_i2cBios.obj (.text)
                  842ef400    00000140     rts64plus.lib : lowlev.obj (.text:_getdevice)
                  842ef540    00000140     evmdm6437bsl.lib : evmdm6437_flash.obj (.text)
                  842ef680    00000140     palos_bios.lib : pal_oscache.obj (.text)
                  842ef7c0    00000120     rts64plus.lib : fclose.obj (.text:__closefile)
                  842ef8e0    00000120                   : _printfi.obj (.text:__ltostr)
                  842efa00    00000120                   : _printfi.obj (.text:__pproc_fflags)
                  842efb20    00000120                   : fseek.obj (.text:_fseek)
                  842efc40    00000100                   : trgdrv.obj (.text:_HOSTlseek)
                  842efd40    00000100                   : frcmpyd.obj (.text:__frcmpyd)
                  842efe40    00000100                   : _io_perm.obj (.text:__wrt_ok)
                  842eff40    00000100                   : sinit.obj (.text:_call_dtors)
                  842f0040    00000100     palos_bios.lib : pal_ossem.obj (.text)
                  842f0140    000000e0     rts64plus.lib : trgdrv.obj (.text:_HOSTopen)
                  842f0220    000000e0                   : cmpd.obj (.text:__cmpd)
                  842f0300    000000e0                   : divi.obj (.text:__divi)
                  842f03e0    000000e0                   : atoi.obj (.text:_atoi)
                  842f04c0    000000e0                   : lowlev.obj (.text:_close)
                  842f05a0    000000e0                   : fflush.obj (.text:_fflush)
                  842f0680    000000e0                   : memset.obj (.text:_memset)
                  842f0760    000000e0                   : printf.obj (.text:_printf)
                  842f0840    000000c0                   : trgdrv.obj (.text:_HOSTread)
                  842f0900    000000c0                   : trgdrv.obj (.text:_HOSTunlink)
                  842f09c0    000000c0                   : trgdrv.obj (.text:_HOSTwrite)
                  842f0a80    000000c0                   : _printfi.obj (.text:__div)
                  842f0b40    000000c0                   : divu.obj (.text:__divu)
                  842f0c00    000000c0                   : fflush.obj (.text:__doflush)
                  842f0cc0    000000c0                   : atexit.obj (.text:_atexit)
                  842f0d80    000000c0                   : ltoa.obj (.text:_ltoa)
                  842f0e40    000000c0     bios.a64P : tsk_stup.o64P (.text)
                  842f0f00    000000c0     palos_bios.lib : pal_osWait.obj (.text)
                  842f0fc0    000000c0     vpbe_bios_drv.lib : dda_vpbeBios.obj (.text)
                  842f1080    000000a0     rts64plus.lib : trgdrv.obj (.text:_HOSTclose)
                  842f1120    000000a0                   : fopen.obj (.text:__cleanup)
                  842f11c0    000000a0                   : imath40.obj (.text:__divli)
                  842f1260    000000a0                   : _printfi.obj (.text:__ecpy)
                  842f1300    000000a0                   : _printfi.obj (.text:__fcpy)
                  842f13a0    000000a0                   : fixdli.obj (.text:__fixdli)
                  842f1440    000000a0                   : _printfi.obj (.text:__pconv_f)
                  842f14e0    000000a0                   : remu.obj (.text:__remu)
                  842f1580    000000a0                   : lowlev.obj (.text:_finddevice)
                  842f1620    000000a0                   : lowlev.obj (.text:_lseek)
                  842f16c0    000000a0                   : memcpy64.obj (.text:_memcpy)
                  842f1760    000000a0                   : modf.obj (.text:_modf)
                  842f1800    000000a0                   : lowlev.obj (.text:_write)
                  842f18a0    000000a0     vpfe_bios_drv.lib : dda_vpfeBios.obj (.text)
                  842f1940    00000080     rts64plus.lib : fixdi.obj (.text:__fixdi)
                  842f19c0    00000080                   : fixdu.obj (.text:__fixdu)
                  842f1a40    00000080                   : fltlid.obj (.text:__fltlid)
                  842f1ac0    00000080                   : llshift.obj (.text:__llshl)
                  842f1b40    00000080                   : renormd.obj (.text:__renormd)
                  842f1bc0    00000080                   : trgmsg.obj (.text:_readmsg)
                  842f1c40    00000080                   : lowlev.obj (.text:_unlink)
                  842f1cc0    00000080     evmdm6437bsl.lib : evmdm6437_dip.obj (.text)
                  842f1d40    00000080     palos_bios.lib : pal_osprotect.obj (.text)
                  842f1dc0    00000060     rts64plus.lib : cvtfd.obj (.text:__cvtfd)
                  842f1e20    00000060                   : imath64.obj (.text:__subcull)
                  842f1e80    00000060                   : ceil.obj (.text:_ceil)
                  842f1ee0    00000060                   : memccpy.obj (.text:_memccpy)
                  842f1f40    00000060                   : strcpy.obj (.text:_strcpy)
                  842f1fa0    00000060                   : trgmsg.obj (.text:_writemsg)
                  842f2000    00000060     y_cb_cr_to_ycbcr.obj (.text)
                  842f2060    00000040     rts64plus.lib : sinit.obj (.text:___add_dtor)
                  842f20a0    00000040                   : isinf.obj (.text:___isinf)
                  842f20e0    00000040                   : _printfi.obj (.text:___isnan)
                  842f2120    00000040                   : fltuf.obj (.text:__fltuf)
                  842f2160    00000040                   : frcmpyd_div.obj (.text:__frcmpyd_div)
                  842f21a0    00000040                   : frcmpyf_div.obj (.text:__frcmpyf_div)
                  842f21e0    00000040                   : llshift.obj (.text:__llshru)
                  842f2220    00000040                   : negd.obj (.text:__negd)
                  842f2260    00000040                   : imath40.obj (.text:__remli)
                  842f22a0    00000040                   : strasg.obj (.text:__strasgi_64plus)
                  842f22e0    00000040                   : subd.obj (.text:__subd)
                  842f2320    00000040     extractY.obj (.text)
                  842f2360    00000040     palos_bios.lib : pal_osInt.obj (.text)
                  842f23a0    00000020     rts64plus.lib : negll.obj (.text:__negll)
                  842f23c0    00000020                   : _lock.obj (.text:__nop)
                  842f23e0    00000020                   : printf.obj (.text:__outc)
                  842f2400    00000020                   : printf.obj (.text:__outs)
                  842f2420    00000020                   : _lock.obj (.text:__register_lock)
                  842f2440    00000020                   : _lock.obj (.text:__register_unlock)
                  842f2460    00000020                   : remove.obj (.text:_remove)
                  842f2480    00000020     bios.a64P : log_printf.o64P ($Tramp$S$$_LOG_printf)
                  842f24a0    00000020     bios6424.a64P : bcache_block.o64P ($Tramp$S$$_BCACHE_wbInv)
                  842f24c0    00000020     bios.a64P : mem_allo.o64P ($Tramp$S$$_MEM_alloc)
                  842f24e0    00000020               : mem_free.o64P ($Tramp$S$$_MEM_free)
                  842f2500    00000020               : ecm_disableEvent.o64P ($Tramp$S$$_ECM_disableEvent)
                  842f2520    00000020               : ecm_dispatchPlug.o64P ($Tramp$S$$_ECM_dispatchPlug)
                  842f2540    00000020               : ecm_enableEvent.o64P ($Tramp$S$$_ECM_enableEvent)
                  842f2560    00000020               : c62_c.o64P ($Tramp$S$$_C64_enableIER)
                  842f2580    00000020               : clk_getltime.o64P ($Tramp$S$$_CLK_getltime)
                  842f25a0    00000010               : sem_pend_counting.o64P ($Tramp$S$$_SEM_pend)
                  842f25b0    00000010               : gio_crea.o64P ($Tramp$S$$_GIO_create)
                  842f25c0    00000010               : gio_cntl.o64P ($Tramp$S$$_GIO_control)
                  842f25d0    00000010               : gio_sbmt.o64P ($Tramp$S$$_GIO_submit)
                  842f25e0    00000020               : hwi_c.o64P ($Tramp$S$$_HWI_disable)
                  842f2600    00000020               : tsk_disa.o64P ($Tramp$S$$_TSK_disable)
                  842f2620    00000020               : hwi_c.o64P ($Tramp$S$$_HWI_restore)
                  842f2640    00000020               : tsk_disa.o64P ($Tramp$S$$_TSK_enable)
                  842f2660    00000020               : clk_countspms.o64P ($Tramp$S$$_CLK_countspms)
                  842f2680    00000020               : clk_getprd.o64P ($Tramp$S$$_CLK_getprd)
                  842f26a0    00000020               : sem_pend_counting.o64P ($Tramp$S$$_SEM_pend)
                  842f26c0    00000020     bios6424.a64P : bcache_block.o64P ($Tramp$S$$_BCACHE_inv)
                  842f26e0    00000020                   : bcache_block.o64P ($Tramp$S$$_BCACHE_wb)
                  842f2700    00000020     bios.a64P : sem_crea.o64P ($Tramp$S$$_SEM_create)
                  842f2720    00000020               : sem_dele.o64P ($Tramp$S$$_SEM_delete)
                  842f2740    00000020               : sem_post_asm.o64P ($Tramp$S$$_SEM_post)
                  842f2760    00000020               : mem_defi.o64P ($Tramp$S$$_MEM_define)
                  842f2780    00000020               : mem_unde.o64P ($Tramp$S$$_MEM_undefine)
                  842f27a0    00000010               : malloc.o64P ($Tramp$S$$_free)
                  842f27b0    00000010               : malloc.o64P ($Tramp$S$$_malloc)
                  842f27c0    00000020               : lck.o64P ($Tramp$S$$_LCK_post)
                  842f27e0    00000020               : lck.o64P ($Tramp$S$$_LCK_pend)
                  842f2800    00000020               : sys_abor.o64P ($Tramp$S$$_SYS_abort)

.bios      0    842f2820    00005ce0     
                  842f2820    000005c0     bios.a64P : sys_prin.o64P (.bios)
                  842f2de0    000005c0     lnkrtdx.a64P : rtdx.o64P (.bios)
                  842f33a0    00000520     bios.a64P : exc.o64P (.bios)
                  842f38c0    000004e0               : hwi_disp_asm.o64P (.bios)
                  842f3da0    000004c0               : swi.o64P (.bios)
                  842f4260    00000380               : prd.o64P (.bios)
                  842f45e0    000002a0               : gio_crea.o64P (.bios)
                  842f4880    000002a0               : malloc.o64P (.bios)
                  842f4b20    00000280               : rta.o64P (.bios)
                  842f4da0    00000240               : knl_run.o64P (.bios)
                  842f4fe0    00000240               : mem_defi.o64P (.bios)
                  842f5220    00000220               : mem_rede.o64P (.bios)
                  842f5440    00000200               : mem_free.o64P (.bios:.near)
                  842f5640    00000200               : sem_pend.o64P (.bios)
                  842f5840    000001e0               : mem_allo.o64P (.bios:.near)
                  842f5a20    000001e0               : exc_asm.o64P (.bios)
                  842f5c00    000001e0               : knl_tick.o64P (.bios)
                  842f5de0    000001e0               : pip.o64P (.bios)
                  842f5fc0    000001c0               : gio_sbmt.o64P (.bios)
                  842f6180    000001c0               : sem_dopo.o64P (.bios)
                  842f6340    000001c0     bios6424.a64P : bcache_block.o64P (.bios)
                  842f6500    000001a0     bios.a64P : tsk_setu.o64P (.bios)
                  842f66a0    000001a0     bios6424.a64P : clk.o64P (.bios)
                  842f6840    00000180     bios.a64P : knl_swit.o64P (.bios)
                  842f69c0    00000140               : autoinit.o64P (.bios)
                  842f6b00    00000140               : tsk_exit.o64P (.bios)
                  842f6c40    00000140     bios6424.a64P : bcache_init.o64P (.bios)
                  842f6d80    00000120     bios.a64P : gbl_cacheinit64P.o64P (.bios)
                  842f6ea0    00000120               : knl_chec.o64P (.bios)
                  842f6fc0    00000120               : mem_unde.o64P (.bios)
                  842f70e0    00000120               : tsk_stup.o64P (.bios)
                  842f7200    00000100               : ecm_dispatch.o64P (.bios)
                  842f7300    00000100               : gio_dele.o64P (.bios)
                  842f7400    000000e0               : sem_post_asm.o64P (.bios)
                  842f74e0    000000c0               : dev_matc.o64P (.bios)
                  842f75a0    000000c0               : knl_exit.o64P (.bios)
                  842f7660    000000a0               : sem_post.o64P (.bios)
                  842f7700    000000a0               : sys_exit.o64P (.bios)
                  842f77a0    00000080               : atm.o64P (.bios)
                  842f7820    00000080               : gio_cbck.o64P (.bios)
                  842f78a0    00000080               : knl_ipos.o64P (.bios)
                  842f7920    00000080               : knl_post.o64P (.bios)
                  842f79a0    00000080               : lck.o64P (.bios)
                  842f7a20    00000080               : log.o64P (.bios)
                  842f7aa0    00000080               : obj_crea.o64P (.bios)
                  842f7b20    00000080               : sem_crea.o64P (.bios)
                  842f7ba0    00000080               : tsk_disa.o64P (.bios)
                  842f7c20    00000080     bios6424.a64P : bcache_wait.o64P (.bios)
                  842f7ca0    00000080                   : idl_cal.o64P (.bios)
                  842f7d20    00000060     bios.a64P : mem_vall.o64P (.bios:.near)
                  842f7d80    00000060               : sys_erro.o64P (.bios:.near)
                  842f7de0    00000060               : ecm_dispatchPlug.o64P (.bios)
                  842f7e40    00000060               : fxn.o64P (.bios)
                  842f7ea0    00000060               : hwi_c.o64P (.bios)
                  842f7f00    00000060               : idl_busy.o64P (.bios)
                  842f7f60    00000060               : obj_dele.o64P (.bios)
                  842f7fc0    00000060               : sem_pend_counting.o64P (.bios)
                  842f8020    00000060               : sts.o64P (.bios)
                  842f8080    00000060               : sys_abor.o64P (.bios)
                  842f80e0    00000060               : utl_putc.o64P (.bios)
                  842f8140    00000060     bios6424.a64P : clk_meas.o64P (.bios)
                  842f81a0    00000040     bios.a64P : c62_c.o64P (.bios)
                  842f81e0    00000040               : ecm_disableEvent.o64P (.bios)
                  842f8220    00000040               : ecm_enableEvent.o64P (.bios)
                  842f8260    00000040               : idl_stub.o64P (.bios)
                  842f82a0    00000040               : que_get.o64P (.bios)
                  842f82e0    00000040               : rta_andn.o64P (.bios)
                  842f8320    00000040               : utl_doab.o64P (.bios)
                  842f8360    00000020               : clk_countspms.o64P (.bios)
                  842f8380    00000020               : clk_getltime.o64P (.bios)
                  842f83a0    00000020               : clk_getprd.o64P (.bios)
                  842f83c0    00000020               : fxn_c.o64P (.bios)
                  842f83e0    00000020               : gbl_vers.o64P (.bios)
                  842f8400    00000020               : gio_cntl.o64P (.bios)
                  842f8420    00000020               : idl.o64P (.bios)
                  842f8440    00000020               : log_printf.o64P (.bios)
                  842f8460    00000020               : sem_dele.o64P (.bios)
                  842f8480    00000020               : sts_set.o64P (.bios)
                  842f84a0    00000020               : utl_doer.o64P (.bios)
                  842f84c0    00000020               : utl_halt.o64P (.bios)
                  842f84e0    00000020     bios6424.a64P : clk_gethtime.o64P (.bios)

.TSK_video_loopback$stk 
*          0    842f8500    00004000     UNINITIALIZED
                  842f8500    00004000     tskcfg.obj (.TSK_video_loopback$stk)

.cinit     0    842fc500    00002994     
                  842fc500    000010bc     tskcfg.obj (.cinit)
                  842fd5bc    00000004     --HOLE-- [fill = 0]
                  842fd5c0    00000588     edma3_drv_bios.lib : edma3cfg.obj (.cinit)
                  842fdb48    0000026c     bios.a64P : biosdata.o64P (.cinit)
                  842fddb4    00000004     --HOLE-- [fill = 0]
                  842fddb8    000001cc     audio_bios_drv.lib : psp_audio.obj (.cinit)
                  842fdf84    00000004     --HOLE-- [fill = 0]
                  842fdf88    000001a4     bios.a64P : knl.o64P (.cinit)
                  842fe12c    00000004     --HOLE-- [fill = 0]
                  842fe130    00000104     mcasp_bios_drv.lib : dda_mcasp_bios.obj (.cinit)
                  842fe234    00000004     --HOLE-- [fill = 0]
                  842fe238    000000dc     mcbsp_bios_drv.lib : dda_mcbsp_bios.obj (.cinit)
                  842fe314    00000004     --HOLE-- [fill = 0]
                  842fe318    000000d4                        : ddc_mcbsp.obj (.cinit)
                  842fe3ec    00000004     --HOLE-- [fill = 0]
                  842fe3f0    000000b0     bios.a64P : swi.o64P (.cinit)
                  842fe4a0    00000080               : tsk.o64P (.cinit)
                  842fe520    0000006a     edma3_drv_bios.lib : edma3.obj (.cinit)
                  842fe58a    00000006     --HOLE-- [fill = 0]
                  842fe590    00000068     edma3_drv_sample.lib : bios_edma3_sample_cfg.obj (.cinit)
                  842fe5f8    00000068     rtdx64xplus.lib : rtdx_mon.o64P (.cinit)
                  842fe660    00000060     bios.a64P : tsk_stup.o64P (.cinit)
                  842fe6c0    0000005c     lnkrtdx.a64P : rtdx.o64P (.cinit)
                  842fe71c    00000004     --HOLE-- [fill = 0]
                  842fe720    0000005c     rts64plus.lib : defs.obj (.cinit)
                  842fe77c    00000004     --HOLE-- [fill = 0]
                  842fe780    0000005c                   : lowlev.obj (.cinit)
                  842fe7dc    00000004     --HOLE-- [fill = 0]
                  842fe7e0    00000058     evmdm6437bsl.lib : evmdm6437_gpio.obj (.cinit)
                  842fe838    00000058     vpbe_bios_drv.lib : dda_vpbeIom.obj (.cinit)
                  842fe890    00000058     vpfe_bios_drv.lib : dda_vpfeIom.obj (.cinit)
                  842fe8e8    0000004c     bios.a64P : rta.o64P (.cinit)
                  842fe934    00000004     --HOLE-- [fill = 0]
                  842fe938    0000004c     rtdx64xplus.lib : buffer1.o64P (.cinit)
                  842fe984    00000004     --HOLE-- [fill = 0]
                  842fe988    0000004a     edma3_rm_bios.lib : edma3resmgr.obj (.cinit)
                  842fe9d2    00000006     --HOLE-- [fill = 0]
                  842fe9d8    00000048     edma3_drv_sample.lib : bios_edma3_sample_init.obj (.cinit)
                  842fea20    00000044     prev_bios_drv.lib : dda_previewer.obj (.cinit)
                  842fea64    00000004     --HOLE-- [fill = 0]
                  842fea68    0000003c     bios.a64P : exc.o64P (.cinit)
                  842feaa4    00000004     --HOLE-- [fill = 0]
                  842feaa8    0000003c     evmdm6437bsl.lib : evmdm6437_flash_id.obj (.cinit)
                  842feae4    00000004     --HOLE-- [fill = 0]
                  842feae8    0000003c     mcbsp_bios_drv.lib : llc_mcbsp.obj (.cinit)
                  842feb24    00000004     --HOLE-- [fill = 0]
                  842feb28    00000034     bios.a64P : hwi.o64P (.cinit)
                  842feb5c    00000004     --HOLE-- [fill = 0]
                  842feb60    00000034     prev_bios_drv.lib : ddc_previewer.obj (.cinit)
                  842feb94    00000004     --HOLE-- [fill = 0]
                  842feb98    0000002c     bios.a64P : utl_putc.o64P (.cinit)
                  842febc4    00000004     --HOLE-- [fill = 0]
                  842febc8    0000002c     imageProcessing.obj (.cinit)
                  842febf4    00000004     --HOLE-- [fill = 0]
                  842febf8    0000002c     rts64plus.lib : exit.obj (.cinit)
                  842fec24    00000004     --HOLE-- [fill = 0]
                  842fec28    00000024     audio_params.obj (.cinit)
                  842fec4c    00000004     --HOLE-- [fill = 0]
                  842fec50    00000024     bios.a64P : obj_init.o64P (.cinit)
                  842fec74    00000004     --HOLE-- [fill = 0]
                  842fec78    00000020     i2c_bios_drv.lib : dda_i2cIom.obj (.cinit)
                  842fec98    00000020     i2c_params.obj (.cinit)
                  842fecb8    0000001c     audio_bios_drv.lib : psp_aic33Codec.obj (.cinit)
                  842fecd4    00000004     --HOLE-- [fill = 0]
                  842fecd8    0000001c     bios.a64P : exc_asm.o64P (.cinit)
                  842fecf4    00000004     --HOLE-- [fill = 0]
                  842fecf8    0000001c               : mem_defi.o64P (.cinit)
                  842fed14    00000004     --HOLE-- [fill = 0]
                  842fed18    0000001c               : sys.o64P (.cinit)
                  842fed34    00000004     --HOLE-- [fill = 0]
                  842fed38    0000001c     rts64plus.lib : _lock.obj (.cinit)
                  842fed54    00000004     --HOLE-- [fill = 0]
                  842fed58    0000001c                   : atexit.obj (.cinit)
                  842fed74    00000004     --HOLE-- [fill = 0]
                  842fed78    0000001c     video_bios_drv.lib : psp_i2c_interface.obj (.cinit)
                  842fed94    00000004     --HOLE-- [fill = 0]
                  842fed98    00000018     bios.a64P : knl_tick.o64P (.cinit)
                  842fedb0    00000010               : gio.o64P (.cinit)
                  842fedc0    00000010               : sem_crea.o64P (.cinit)
                  842fedd0    0000000e               : ecm_dispatch.o64P (.cinit)
                  842fedde    00000002     --HOLE-- [fill = 0]
                  842fede0    0000000c               : idl_busy.o64P (.cinit)
                  842fedec    00000004     --HOLE-- [fill = 0]
                  842fedf0    0000000c               : knl_swit.o64P (.cinit)
                  842fedfc    00000004     --HOLE-- [fill = 0]
                  842fee00    0000000c               : tsk_disa.o64P (.cinit)
                  842fee0c    00000004     --HOLE-- [fill = 0]
                  842fee10    0000000c     bios6424.a64P : bcache_wait.o64P (.cinit)
                  842fee1c    00000004     --HOLE-- [fill = 0]
                  842fee20    0000000c     evmdm6437bsl.lib : evmdm6437_i2c.obj (.cinit)
                  842fee2c    00000004     --HOLE-- [fill = 0]
                  842fee30    0000000c                      : evmdm6437_psc.obj (.cinit)
                  842fee3c    00000004     --HOLE-- [fill = 0]
                  842fee40    0000000c     prev_bios_drv.lib : llc_previewer.obj (.cinit)
                  842fee4c    00000004     --HOLE-- [fill = 0]
                  842fee50    0000000c     rts64plus.lib : fopen.obj (.cinit)
                  842fee5c    00000004     --HOLE-- [fill = 0]
                  842fee60    0000000c                   : sinit.obj (.cinit)
                  842fee6c    00000004     --HOLE-- [fill = 0]
                  842fee70    0000000c     video_loopback.obj (.cinit)
                  842fee7c    00000004     --HOLE-- [fill = 0]
                  842fee80    0000000c     vpfe_bios_drv.lib : ddc_vpfe.obj (.cinit)
                  842fee8c    00000004     --HOLE-- [fill = 0]
                  842fee90    00000004     (.pad.cinit) [fill = 0]

.args      0    842fee94    00000004     
                  842fee94    00000004     --HOLE-- [fill = 0]

.cio       0    842fee98    00000120     UNINITIALIZED
                  842fee98    00000120     rts64plus.lib : trgmsg.obj (.cio)

.sts       0    842fefb8    00000040     
                  842fefb8    00000040     tskcfg.obj (.sts)

.clk       0    842feff8    00000008     UNINITIALIZED
                  842feff8    00000008     tskcfg.obj (.clk)

.LOG_system$buf 
*          0    842ff000    00001000     UNINITIALIZED
                  842ff000    00001000     tskcfg.obj (.LOG_system$buf)

.trace$buf 
*          0    84300000    00004000     UNINITIALIZED
                  84300000    00004000     tskcfg.obj (.trace$buf)

.stack     0    84304000    00001000     UNINITIALIZED
                  84304000    00001000     --HOLE--

.rtdx_text 
*          0    84305000    00000fc0     
                  84305000    000002a0     rtdx64xplus.lib : rtdx_mon.o64P (.rtdx_text:_HSRTDX_rec)
                  843052a0    00000260                     : buffer1.o64P (.rtdx_text:_RTDX_Buffer_WriteCB)
                  84305500    00000260                     : buffer1.o64P (.rtdx_text:_RTDX_write_next)
                  84305760    000001a0                     : rtdx_mon.o64P (.rtdx_text:_HSRTDX_xmt)
                  84305900    00000160                     : rtdx_mon.o64P (.rtdx_text:_RTDX_Send_To_Host)
                  84305a60    000000e0                     : rtdx_mon.o64P (.rtdx_text:_RTDX_Mon_Queue)
                  84305b40    000000e0                     : buffer1.o64P (.rtdx_text:_claim)
                  84305c20    000000a0                     : rtdx_mon.o64P (.rtdx_text:_RTDX_GetH2THeader)
                  84305cc0    000000a0                     : rtdx_mon.o64P (.rtdx_text:_RTDX_Poll)
                  84305d60    00000080                     : rtdx_mon.o64P (.rtdx_text:_RTDX_Final_RT_Monitor)
                  84305de0    00000060                     : buffer1.o64P (.rtdx_text:_RTDX_Buffer_Initialize)
                  84305e40    00000060                     : rtdx_mon.o64P (.rtdx_text:_RTDX_Init_RT_Monitor)
                  84305ea0    00000040                     : buffer2.o64P (.rtdx_text:_RTDX_Buffer_ReadCB)
                  84305ee0    00000040                     : buffer1.o64P (.rtdx_text:_RTDX_Buffer_Size)
                  84305f20    00000040                     : memfill.o64P (.rtdx_text:_RTDX_memfill)
                  84305f60    00000020                     : buffer2.o64P (.rtdx_text:_RTDX_Buffer_Read)
                  84305f80    00000020                     : buffer1.o64P (.rtdx_text:_RTDX_Buffer_Write)
                  84305fa0    00000020                     : intr_tgt.o64P (.rtdx_text)

.const     0    84305fc0    00000c35     
                  84305fc0    00000289     prev_bios_drv.lib : ddc_previewer.obj (.const)
                  84306249    00000193     bios.a64P : exc.o64P (.const)
                  843063dc    0000015d     audio_bios_drv.lib : psp_aic33Codec.obj (.const)
                  84306539    00000007     bios.a64P : sys_prin.o64P (.const)
                  84306540    00000101     rts64plus.lib : ctype.obj (.const:.string:__ctypes_)
                  84306641    00000002                   : fputs.obj (.const:.string)
                  84306643    00000001     --HOLE-- [fill = 0]
                  84306644    000000b4     video_loopback.obj (.const)
                  843066f8    000000a2     prev_bios_drv.lib : dda_previewer.obj (.const)
                  8430679a    00000002     --HOLE-- [fill = 0]
                  8430679c    00000098     audio_bios_drv.lib : psp_audio.obj (.const)
                  84306834    00000098     mcasp_bios_drv.lib : ddc_mcasp.obj (.const)
                  843068cc    00000080     mcbsp_bios_drv.lib : ddc_mcbsp.obj (.const)
                  8430694c    0000004e     bios.a64P : tsk_stup.o64P (.const)
                  8430699a    00000004               : gio_crea.o64P (.const)
                  8430699e    00000002     --HOLE-- [fill = 0]
                  843069a0    0000004a     video_bios_drv.lib : tvp5146_extDecoder.obj (.const)
                  843069ea    00000032     bios.a64P : mem_rede.o64P (.const)
                  84306a1c    0000002c     i2c_bios_drv.lib : ddc_i2c.obj (.const)
                  84306a48    0000002b     palos_bios.lib : pal_oscache.obj (.const)
                  84306a73    00000001     --HOLE-- [fill = 0]
                  84306a74    00000028     video_loopback.obj (.const:.string)
                  84306a9c    00000028     mcasp_bios_drv.lib : dda_mcasp_bios.obj (.const)
                  84306ac4    00000023     rts64plus.lib : _printfi.obj (.const:.string)
                  84306ae7    00000023     bios.a64P : utl_doab.o64P (.const)
                  84306b0a    00000022               : utl_doer.o64P (.const)
                  84306b2c    00000020               : dev_init.o64P (.const)
                  84306b4c    0000001f     tskcfg.obj (.const)
                  84306b6b    00000001     --HOLE-- [fill = 0]
                  84306b6c    0000001c     mcbsp_bios_drv.lib : dda_mcbsp_bios.obj (.const)
                  84306b88    00000017     vpbe_bios_drv.lib : ddc_vpbe.obj (.const)
                  84306b9f    00000001     --HOLE-- [fill = 0]
                  84306ba0    00000017     vpfe_bios_drv.lib : ddc_vpfe.obj (.const)
                  84306bb7    00000001     --HOLE-- [fill = 0]
                  84306bb8    00000011     bios.a64P : sys_prin.o64P (.const:_digtohex)
                  84306bc9    00000004               : mem_allo.o64P (.const)
                  84306bcd    00000003     --HOLE-- [fill = 0]
                  84306bd0    00000008     rts64plus.lib : divd.obj (.const:.string:_initial_approx$1)
                  84306bd8    00000008                   : divf.obj (.const:.string:_initial_approx$1)
                  84306be0    00000008     edma3_drv_sample.lib : bios_edma3_sample_init.obj (.const)
                  84306be8    00000004     bios.a64P : mem_free.o64P (.const)
                  84306bec    00000004               : mem_unde.o64P (.const)
                  84306bf0    00000001               : sem_crea.o64P (.const)
                  84306bf1    00000003     --HOLE-- [fill = 0]
                  84306bf4    00000001               : tsk.o64P (.const)

.printf    0    84306bf5    00000059     COPY SECTION
                  84306bf5    00000059     tskcfg.obj (.printf)

.bss       0    84306bf8    000008ac     UNINITIALIZED
                  84306bf8    00000444     tskcfg.obj (.bss)
                  8430703c    00000100     bios.a64P : hwi_disp_asm.o64P (.bss)
                  8430713c    000000cc               : biosdata.o64P (.bss)
                  84307208    0000009c               : swi.o64P (.bss)
                  843072a4    00000048               : knl.o64P (.bss)
                  843072ec    00000024     imageProcessing.obj (.bss)
                  84307310    00000020     audio_bios_drv.lib : psp_audio.obj (.bss)
                  84307330    00000020     bios.a64P : exc_asm.o64P (.bss)
                  84307350    0000001a     edma3_drv_bios.lib : edma3.obj (.bss)
                  8430736a    00000002     --HOLE--
                  8430736c    00000018     bios.a64P : hwi.o64P (.bss)
                  84307384    00000018     lnkrtdx.a64P : rtdx.o64P (.bss)
                  8430739c    00000010     bios.a64P : exc.o64P (.bss)
                  843073ac    00000010     edma3_drv_sample.lib : bios_edma3_sample_cfg.obj (.bss)
                  843073bc    00000010     evmdm6437bsl.lib : evmdm6437_flash_id.obj (.bss)
                  843073cc    00000010     mcbsp_bios_drv.lib : llc_mcbsp.obj (.bss)
                  843073dc    00000010     rtdx64xplus.lib : buffer1.o64P (.bss)
                  843073ec    00000010                     : rtdx_mon.o64P (.bss)
                  843073fc    0000000e     edma3_rm_bios.lib : edma3resmgr.obj (.bss)
                  8430740a    00000002     --HOLE--
                  8430740c    0000000c     audio_bios_drv.lib : psp_aic33Codec.obj (.bss)
                  84307418    0000000c     bios.a64P : tsk.o64P (.bss)
                  84307424    0000000c     prev_bios_drv.lib : dda_previewer.obj (.bss)
                  84307430    0000000c                       : llc_previewer.obj (.bss)
                  8430743c    00000008     bios.a64P : clk_data.o64P (.bss)
                  84307444    00000008               : sys.o64P (.bss)
                  8430744c    00000008     edma3_drv_sample.lib : bios_edma3_sample_init.obj (.bss)
                  84307454    00000008     prev_bios_drv.lib : ddc_previewer.obj (.bss)
                  8430745c    00000008     video_bios_drv.lib : psp_i2c_interface.obj (.bss)
                  84307464    00000004     bios.a64P : clk_data2.o64P (.bss)
                  84307468    00000004               : dev_init.o64P (.bss)
                  8430746c    00000004               : idl_busy.o64P (.bss)
                  84307470    00000004               : mem_asm.o64P (.bss)
                  84307474    00000004               : mem_defi.o64P (.bss)
                  84307478    00000004               : tsk_disa.o64P (.bss)
                  8430747c    00000004     evmdm6437bsl.lib : evmdm6437_i2c.obj (.bss)
                  84307480    00000004                      : evmdm6437_psc.obj (.bss)
                  84307484    00000004     mcasp_bios_drv.lib : dda_mcasp_bios.obj (.bss)
                  84307488    00000004     mcbsp_bios_drv.lib : dda_mcbsp_bios.obj (.bss)
                  8430748c    00000004     video_loopback.obj (.bss)
                  84307490    00000004     vpbe_bios_drv.lib : llc_vpbeCursor.obj (.bss)
                  84307494    00000004                       : llc_vpbeOsd.obj (.bss)
                  84307498    00000004                       : llc_vpbeVenc.obj (.bss)
                  8430749c    00000004     vpfe_bios_drv.lib : ddc_vpfe.obj (.bss)
                  843074a0    00000004                       : llc_vpfeCcdc.obj (.bss)

.hst1      0    843074a4    00000010     UNINITIALIZED
                  843074a4    00000010     tskcfg.obj (.hst1)

.trcdata   0    843074b4    0000000c     
                  843074b4    0000000c     bios.a64P : trc.o64P (.trcdata)

.sysinit   0    843074c0    000007c0     
                  843074c0    000003c0     tskcfg.obj (.sysinit)
                  84307880    00000120     bios.a64P : dev_init.o64P (.sysinit)
                  843079a0    000000e0     bios6424.a64P : clk_enable64LcTimer.o64P (.sysinit)
                  84307a80    000000c0     bios.a64P : boot.o64P (.sysinit)
                  84307b40    000000a0               : mem_init.o64P (.sysinit)
                  84307be0    00000060               : tsk_init.o64P (.sysinit)
                  84307c40    00000020               : gio.o64P (.sysinit)
                  84307c60    00000020               : obj_init.o64P (.sysinit)

.switch    0    84307c80    000005c8     
                  84307c80    000000e4     mcasp_bios_drv.lib : llc_mcasp.obj (.switch)
                  84307d64    000000e0     vpbe_bios_drv.lib : llc_vpbeOsd.obj (.switch)
                  84307e44    000000b8     edma3_drv_bios.lib : edma3.obj (.switch)
                  84307efc    00000070     audio_bios_drv.lib : psp_audio.obj (.switch)
                  84307f6c    0000005c     mcbsp_bios_drv.lib : ddc_mcbsp.obj (.switch)
                  84307fc8    00000050     mcasp_bios_drv.lib : ddc_mcasp.obj (.switch)
                  84308018    00000040     edma3_rm_bios.lib : edma3resmgr.obj (.switch)
                  84308058    00000040     i2c_bios_drv.lib : ddc_i2c.obj (.switch)
                  84308098    00000030     prev_bios_drv.lib : llc_previewer.obj (.switch)
                  843080c8    0000002c     vpbe_bios_drv.lib : dda_vpbe.obj (.switch)
                  843080f4    00000028     edma3_drv_sample.lib : bios_edma3_sample_cs.obj (.switch)
                  8430811c    00000028     prev_bios_drv.lib : ddc_previewer.obj (.switch)
                  84308144    00000024     vpfe_bios_drv.lib : dda_vpfe.obj (.switch)
                  84308168    00000024                       : ddc_vpfeCcdc.obj (.switch)
                  8430818c    00000020     evmdm6437bsl.lib : evmdm6437.obj (.switch)
                  843081ac    00000020     vpbe_bios_drv.lib : ddc_vpbeVenc.obj (.switch)
                  843081cc    00000018     prev_bios_drv.lib : dda_previewer.obj (.switch)
                  843081e4    00000014     audio_bios_drv.lib : psp_aic33Codec.obj (.switch)
                  843081f8    00000010     i2c_bios_drv.lib : dda_i2cIom.obj (.switch)
                  84308208    00000010     mcasp_bios_drv.lib : dda_mcasp_bios.obj (.switch)
                  84308218    00000010     mcbsp_bios_drv.lib : dda_mcbsp_bios.obj (.switch)
                  84308228    00000010                        : llc_mcbsp.obj (.switch)
                  84308238    00000010     vpbe_bios_drv.lib : ddc_vpbeOsd.obj (.switch)

.log       0    84308248    00000030     
                  84308248    00000030     tskcfg.obj (.log)

.mem       0    84308278    00000004     UNINITIALIZED
                  84308278    00000004     tskcfg.obj (.mem)

.rtdx_data 
*          0    84308280    000004f4     UNINITIALIZED
                  84308280    00000080     --HOLE--
                  84308300    00000410     tskcfg.obj (.rtdx_data)
                  84308710    00000044     rtdx64xplus.lib : rtdx_mon.o64P (.rtdx_data)
                  84308754    00000020                     : buffer1.o64P (.rtdx_data)

.TSK_idle$stk 
*          0    84308778    00000400     UNINITIALIZED
                  84308778    00000400     tskcfg.obj (.TSK_idle$stk)

.gblinit   0    84308b78    00000058     
                  84308b78    00000058     tskcfg.obj (.gblinit)

.swi       0    84308bd0    0000002c     UNINITIALIZED
                  84308bd0    0000002c     tskcfg.obj (.swi)

.hwi_vec   0    84308c00    00000200     
                  84308c00    00000200     tskcfg.obj (.hwi_vec)

.trace     0    84308e00    00000200     
                  84308e00    00000200     --HOLE-- [fill = 00000000]

.hst0      0    84309000    00000100     UNINITIALIZED
                  84309000    00000100     tskcfg.obj (.hst0)

.pip       0    84309100    000000c8     UNINITIALIZED
                  84309100    000000c8     tskcfg.obj (.pip)

.tsk       0    843091c8    000000c0     UNINITIALIZED
                  843091c8    000000c0     tskcfg.obj (.tsk)

.devtable 
*          0    84309288    00000090     UNINITIALIZED
                  84309288    00000090     tskcfg.obj (.devtable)

.sem       0    84309318    00000058     UNINITIALIZED
                  84309318    00000058     tskcfg.obj (.sem)

.hst       0    84309370    0000003c     UNINITIALIZED
                  84309370    0000003c     tskcfg.obj (.hst)

.idl       0    843093ac    00000010     UNINITIALIZED
                  843093ac    00000010     tskcfg.obj (.idl)

.idlcal    0    843093bc    00000010     UNINITIALIZED
                  843093bc    00000010     tskcfg.obj (.idlcal)

.sys       0    843093cc    00000010     UNINITIALIZED
                  843093cc    00000010     tskcfg.obj (.sys)


FAR CALL TRAMPOLINES

callee name               trampoline name
   callee addr  tramp addr   call addr  call info
--------------  -----------  ---------  ----------------
$.bios:bios.a64P<log_printf.o64P>$0x0  $Tramp$S$$_LOG_printf
   842f8440     842f2480     842d2038   prev_bios_drv.lib : ddc_previewer.obj (.text)
                             842d20f4                     : ddc_previewer.obj (.text)
                             842d2184                     : ddc_previewer.obj (.text)
                             842d22cc                     : ddc_previewer.obj (.text)
                             842d2374                     : ddc_previewer.obj (.text)
                             842d24d4                     : ddc_previewer.obj (.text)
                             842d2550                     : ddc_previewer.obj (.text)
                             842d2614                     : ddc_previewer.obj (.text)
                             842d2694                     : ddc_previewer.obj (.text)
                             842d2734                     : ddc_previewer.obj (.text)
                             842d27b4                     : ddc_previewer.obj (.text)
                             842d2890                     : ddc_previewer.obj (.text)
                             842d2934                     : ddc_previewer.obj (.text)
                             842d29d4                     : ddc_previewer.obj (.text)
                             842d2a58                     : ddc_previewer.obj (.text)
                             842d2b40                     : ddc_previewer.obj (.text)
                             842d2be0                     : ddc_previewer.obj (.text)
                             842d2c50                     : ddc_previewer.obj (.text)
                             842d2ccc                     : ddc_previewer.obj (.text)
                             842d2d88                     : ddc_previewer.obj (.text)
                             842d2e40                     : ddc_previewer.obj (.text)
                             842d2e8c                     : ddc_previewer.obj (.text)
                             842d2ee0                     : ddc_previewer.obj (.text)
                             842d2f44                     : ddc_previewer.obj (.text)
                             842d2f68                     : ddc_previewer.obj (.text)
                             842d2fc8                     : ddc_previewer.obj (.text)
                             842d2fec                     : ddc_previewer.obj (.text)
                             842d3060                     : ddc_previewer.obj (.text)
                             842d3080                     : ddc_previewer.obj (.text)
                             842d30e4                     : ddc_previewer.obj (.text)
                             842d3170                     : ddc_previewer.obj (.text)
                             842d31d4                     : ddc_previewer.obj (.text)
                             842d3270                     : ddc_previewer.obj (.text)
                             842d3294                     : ddc_previewer.obj (.text)
                             842d3340                     : ddc_previewer.obj (.text)
                             842d3364                     : ddc_previewer.obj (.text)
                             842d33a8                     : ddc_previewer.obj (.text)
                             842d3458                     : ddc_previewer.obj (.text)
                             842d34e8                     : ddc_previewer.obj (.text)
                             842d350c                     : ddc_previewer.obj (.text)
                             842d35c0                     : ddc_previewer.obj (.text)
                             842d35e4                     : ddc_previewer.obj (.text)
                             842d3614                     : ddc_previewer.obj (.text)
                             842d36c4                     : ddc_previewer.obj (.text)
                             842d3734                     : ddc_previewer.obj (.text)
                             842d3820                     : ddc_previewer.obj (.text)
                             842d3890                     : ddc_previewer.obj (.text)
                             842d3910                     : ddc_previewer.obj (.text)
                             842d39d0                     : ddc_previewer.obj (.text)
                             842d3aa4                     : ddc_previewer.obj (.text)
                             842d3b14                     : ddc_previewer.obj (.text)
                             842d3ba8                     : ddc_previewer.obj (.text)
                             842d3c50                     : ddc_previewer.obj (.text)
                             842d3cd8                     : ddc_previewer.obj (.text)
                             842d3d00                     : ddc_previewer.obj (.text)
                             842d3f2c                     : ddc_previewer.obj (.text)
                             842d3fa0                     : ddc_previewer.obj (.text)
                             842d4100                     : ddc_previewer.obj (.text)
                             842d41d4                     : ddc_previewer.obj (.text)
                             842d42a0                     : ddc_previewer.obj (.text)
                             842d4378                     : ddc_previewer.obj (.text)
                             842d44b0                     : ddc_previewer.obj (.text)
                             842d456c                     : ddc_previewer.obj (.text)
                             842d4634                     : ddc_previewer.obj (.text)
                             842d46a8                     : ddc_previewer.obj (.text)
                             842d4738                     : ddc_previewer.obj (.text)
                             842d4858                     : ddc_previewer.obj (.text)
                             842d48f8                     : ddc_previewer.obj (.text)
                             842d4968                     : ddc_previewer.obj (.text)
                             842d49e4                     : ddc_previewer.obj (.text)
                             842ddef8   audio_bios_drv.lib : psp_aic33Codec.obj (.text)
                             842ddf84                      : psp_aic33Codec.obj (.text)
                             842ddfb4                      : psp_aic33Codec.obj (.text)
                             842de880                      : psp_aic33Codec.obj (.text)
                             842de8d4                      : psp_aic33Codec.obj (.text)
                             842de938                      : psp_aic33Codec.obj (.text)
                             842de9d8                      : psp_aic33Codec.obj (.text)
                             842dea74                      : psp_aic33Codec.obj (.text)
                             842e0ec4   prev_bios_drv.lib : dda_previewer.obj (.text)
                             842e0f70                     : dda_previewer.obj (.text)
                             842e1020                     : dda_previewer.obj (.text)
                             842e10cc                     : dda_previewer.obj (.text)
                             842e1210                     : dda_previewer.obj (.text)
                             842e1234                     : dda_previewer.obj (.text)
                             842e1368                     : dda_previewer.obj (.text)
                             842e144c                     : dda_previewer.obj (.text)
                             842e1500                     : dda_previewer.obj (.text)
                             842e15e8                     : dda_previewer.obj (.text)
                             842e1730                     : dda_previewer.obj (.text)
                             842e1864                     : dda_previewer.obj (.text)
                             842e18ec                     : dda_previewer.obj (.text)
                             842e1970                     : dda_previewer.obj (.text)
                             842ef6b0   palos_bios.lib : pal_oscache.obj (.text)
$.bios:bios6424.a64P<bcache_block.o64P>$0x170  $Tramp$S$$_BCACHE_wbInv
   842f64b0     842f24a0     842deb34   audio_bios_drv.lib : psp_audio.obj (.text)
                             842deb48                      : psp_audio.obj (.text)
                             842debb4                      : psp_audio.obj (.text)
                             842debc8                      : psp_audio.obj (.text)
                             842ef734   palos_bios.lib : pal_oscache.obj (.text)
$.bios:.near:bios.a64P<mem_allo.o64P>$0x0  $Tramp$S$$_MEM_alloc
   842f5840     842f24c0     842e1094   prev_bios_drv.lib : dda_previewer.obj (.text)
                             842ecacc   palos_bios.lib : pal_osmem.obj (.text)
$.bios:.near:bios.a64P<mem_free.o64P>$0x0  $Tramp$S$$_MEM_free
   842f5440     842f24e0     842e11a0   prev_bios_drv.lib : dda_previewer.obj (.text)
                             842e16ac                     : dda_previewer.obj (.text)
                             842ecb20   palos_bios.lib : pal_osmem.obj (.text)
$.bios:bios.a64P<ecm_disableEvent.o64P>$0x0  $Tramp$S$$_ECM_disableEvent
   842f81e0     842f2500     842e1a70   prev_bios_drv.lib : dda_previewer.obj (.text)
                             842e1b28                     : dda_previewer.obj (.text)
                             842e380c   mcasp_bios_drv.lib : dda_mcasp_bios.obj (.text)
                             842e48c0   mcbsp_bios_drv.lib : dda_mcbsp_bios.obj (.text)
                             842eb320   edma3_drv_sample.lib : bios_edma3_sample_cs.obj (.text)
                             842eb32c                        : bios_edma3_sample_cs.obj (.text)
                             842eb34c                        : bios_edma3_sample_cs.obj (.text)
                             842ec6f8                        : bios_edma3_sample_init.obj (.text)
                             842ec704                        : bios_edma3_sample_init.obj (.text)
                             842ec72c                        : bios_edma3_sample_init.obj (.text)
                             842ef360   i2c_bios_drv.lib : dda_i2cBios.obj (.text)
                             842f1050   vpbe_bios_drv.lib : dda_vpbeBios.obj (.text)
                             842f1920   vpfe_bios_drv.lib : dda_vpfeBios.obj (.text)
                             842f2378   palos_bios.lib : pal_osInt.obj (.text)
$.bios:bios.a64P<ecm_dispatchPlug.o64P>$0x0  $Tramp$S$$_ECM_dispatchPlug
   842f7de0     842f2520     842e1a88   prev_bios_drv.lib : dda_previewer.obj (.text)
                             842e37b4   mcasp_bios_drv.lib : dda_mcasp_bios.obj (.text)
                             842e4850   mcbsp_bios_drv.lib : dda_mcbsp_bios.obj (.text)
                             842ec5ac   edma3_drv_sample.lib : bios_edma3_sample_init.obj (.text)
                             842ec5d4                        : bios_edma3_sample_init.obj (.text)
                             842ec618                        : bios_edma3_sample_init.obj (.text)
                             842ef2f4   i2c_bios_drv.lib : dda_i2cBios.obj (.text)
                             842f100c   vpbe_bios_drv.lib : dda_vpbeBios.obj (.text)
                             842f18e0   vpfe_bios_drv.lib : dda_vpfeBios.obj (.text)
$.bios:bios.a64P<ecm_enableEvent.o64P>$0x0  $Tramp$S$$_ECM_enableEvent
   842f8220     842f2540     842e1a94   prev_bios_drv.lib : dda_previewer.obj (.text)
                             842eb3c0   edma3_drv_sample.lib : bios_edma3_sample_cs.obj (.text)
                             842eb3cc                        : bios_edma3_sample_cs.obj (.text)
                             842eb3e8                        : bios_edma3_sample_cs.obj (.text)
                             842ec5b8                        : bios_edma3_sample_init.obj (.text)
                             842ec5e0                        : bios_edma3_sample_init.obj (.text)
                             842ec634                        : bios_edma3_sample_init.obj (.text)
                             842ef324   i2c_bios_drv.lib : dda_i2cBios.obj (.text)
                             842f1018   vpbe_bios_drv.lib : dda_vpbeBios.obj (.text)
                             842f18ec   vpfe_bios_drv.lib : dda_vpfeBios.obj (.text)
                             842f2368   palos_bios.lib : pal_osInt.obj (.text)
$.bios:bios.a64P<c62_c.o64P>$0x18  $Tramp$S$$_C64_enableIER
   842f81b8     842f2560     842e1aa0   prev_bios_drv.lib : dda_previewer.obj (.text)
                             842e37b8   mcasp_bios_drv.lib : dda_mcasp_bios.obj (.text)
                             842e4860   mcbsp_bios_drv.lib : dda_mcbsp_bios.obj (.text)
                             842ec654   edma3_drv_sample.lib : bios_edma3_sample_init.obj (.text)
                             842ef334   i2c_bios_drv.lib : dda_i2cBios.obj (.text)
                             842f1028   vpbe_bios_drv.lib : dda_vpbeBios.obj (.text)
                             842f1900   vpfe_bios_drv.lib : dda_vpfeBios.obj (.text)
$.bios:bios.a64P<clk_getltime.o64P>$0x0  $Tramp$S$$_CLK_getltime
   842f8380     842f2580     842e704c   vpbe_bios_drv.lib : dda_vpbeIom.obj (.text)
                             842e7eb0   vpfe_bios_drv.lib : dda_vpfeIom.obj (.text)
$.bios:bios.a64P<sem_pend_counting.o64P>$0x0  $Tramp$S$$_SEM_pend
   842f7fc0     842f25a0     842e9880   video_loopback.obj (.text)
$.bios:bios.a64P<gio_crea.o64P>$0x0  $Tramp$S$$_GIO_create
   842f45e0     842f25b0     842e9970   video_loopback.obj (.text)
                             842e99b4   video_loopback.obj (.text)
                             842e99f4   video_loopback.obj (.text)
$.bios:bios.a64P<gio_cntl.o64P>$0x0  $Tramp$S$$_GIO_control
   842f8400     842f25c0     842e9a28   video_loopback.obj (.text)
$.bios:bios.a64P<gio_sbmt.o64P>$0x0  $Tramp$S$$_GIO_submit
   842f5fc0     842f25d0     842e9a60   video_loopback.obj (.text)
                             842e9ac4   video_loopback.obj (.text)
                             842e9ae4   video_loopback.obj (.text)
                             842e9af4   video_loopback.obj (.text)
                             842e9b08   video_loopback.obj (.text)
                             842e9b20   video_loopback.obj (.text)
                             842e9b30   video_loopback.obj (.text)
                             842e9b44   video_loopback.obj (.text)
                             842e9bb0   video_loopback.obj (.text)
                             842e9c20   video_loopback.obj (.text)
$.bios:bios.a64P<hwi_c.o64P>$0x0  $Tramp$S$$_HWI_disable
   842f7ea0     842f25e0     842eb308   edma3_drv_sample.lib : bios_edma3_sample_cs.obj (.text)
                             842ec58c                        : bios_edma3_sample_init.obj (.text)
                             842ec6f0                        : bios_edma3_sample_init.obj (.text)
                             842f1d54   palos_bios.lib : pal_osprotect.obj (.text)
$.bios:bios.a64P<tsk_disa.o64P>$0x24  $Tramp$S$$_TSK_disable
   842f7bc4     842f2600     842eb314   edma3_drv_sample.lib : bios_edma3_sample_cs.obj (.text)
                             842f1d6c   palos_bios.lib : pal_osprotect.obj (.text)
$.bios:bios.a64P<hwi_c.o64P>$0x2c  $Tramp$S$$_HWI_restore
   842f7ecc     842f2620     842eb3ac   edma3_drv_sample.lib : bios_edma3_sample_cs.obj (.text)
                             842ec660                        : bios_edma3_sample_init.obj (.text)
                             842ec74c                        : bios_edma3_sample_init.obj (.text)
                             842f1d94   palos_bios.lib : pal_osprotect.obj (.text)
$.bios:bios.a64P<tsk_disa.o64P>$0x0  $Tramp$S$$_TSK_enable
   842f7ba0     842f2640     842eb3b4   edma3_drv_sample.lib : bios_edma3_sample_cs.obj (.text)
                             842f1da8   palos_bios.lib : pal_osprotect.obj (.text)
$.bios:bios.a64P<clk_countspms.o64P>$0x0  $Tramp$S$$_CLK_countspms
   842f8360     842f2660     842eb448   edma3_drv_sample.lib : bios_edma3_sample_cs.obj (.text)
                             842f0f14   palos_bios.lib : pal_osWait.obj (.text)
                             842f0f78                  : pal_osWait.obj (.text)
$.bios:bios.a64P<clk_getprd.o64P>$0x0  $Tramp$S$$_CLK_getprd
   842f83a0     842f2680     842eb44c   edma3_drv_sample.lib : bios_edma3_sample_cs.obj (.text)
                             842f0f20   palos_bios.lib : pal_osWait.obj (.text)
                             842f0f80                  : pal_osWait.obj (.text)
$.bios:bios.a64P<sem_pend_counting.o64P>$0x0  $Tramp$S$$_SEM_pend
   842f7fc0     842f26a0     842eb474   edma3_drv_sample.lib : bios_edma3_sample_cs.obj (.text)
                             842eb594                        : bios_edma3_sample_cs.obj (.text)
                             842f00d4   palos_bios.lib : pal_ossem.obj (.text)
                             842f0f48                  : pal_osWait.obj (.text)
$.bios:bios6424.a64P<bcache_block.o64P>$0x194  $Tramp$S$$_BCACHE_inv
   842f64d4     842f26c0     842eb498   edma3_drv_sample.lib : bios_edma3_sample_cs.obj (.text)
                             842ef70c   palos_bios.lib : pal_oscache.obj (.text)
$.bios:bios6424.a64P<bcache_block.o64P>$0x184  $Tramp$S$$_BCACHE_wb
   842f64c4     842f26e0     842eb4b8   edma3_drv_sample.lib : bios_edma3_sample_cs.obj (.text)
                             842ef6e4   palos_bios.lib : pal_oscache.obj (.text)
$.bios:bios.a64P<sem_crea.o64P>$0x0  $Tramp$S$$_SEM_create
   842f7b20     842f2700     842eb500   edma3_drv_sample.lib : bios_edma3_sample_cs.obj (.text)
                             842f0070   palos_bios.lib : pal_ossem.obj (.text)
$.bios:bios.a64P<sem_dele.o64P>$0x0  $Tramp$S$$_SEM_delete
   842f8460     842f2720     842eb554   edma3_drv_sample.lib : bios_edma3_sample_cs.obj (.text)
                             842f00ac   palos_bios.lib : pal_ossem.obj (.text)
$.bios:bios.a64P<sem_post_asm.o64P>$0x0  $Tramp$S$$_SEM_post
   842f7400     842f2740     842eb5ec   edma3_drv_sample.lib : bios_edma3_sample_cs.obj (.text)
                             842f0114   palos_bios.lib : pal_ossem.obj (.text)
$.bios:bios.a64P<mem_defi.o64P>$0x0  $Tramp$S$$_MEM_define
   842f4fe0     842f2760     842eca68   palos_bios.lib : pal_osmem.obj (.text)
$.bios:bios.a64P<mem_unde.o64P>$0x0  $Tramp$S$$_MEM_undefine
   842f6fc0     842f2780     842eca94   palos_bios.lib : pal_osmem.obj (.text)
$.bios:bios.a64P<malloc.o64P>$0x0  $Tramp$S$$_free
   842f4880     842f27a0     842ee320   rts64plus.lib : setvbuf.obj (.text:_setvbuf)
                             842ef828                 : fclose.obj (.text:__closefile)
$.bios:bios.a64P<malloc.o64P>$0x28  $Tramp$S$$_malloc
   842f48a8     842f27b0     842ee3b4   rts64plus.lib : setvbuf.obj (.text:_setvbuf)
$.bios:bios.a64P<lck.o64P>$0x0  $Tramp$S$$_LCK_post
   842f79a0     842f27c0     842f0e40   bios.a64P : tsk_stup.o64P (.text)
$.bios:bios.a64P<lck.o64P>$0x20  $Tramp$S$$_LCK_pend
   842f79c0     842f27e0     842f0ea4   bios.a64P : tsk_stup.o64P (.text)
$.bios:bios.a64P<sys_abor.o64P>$0x0  $Tramp$S$$_SYS_abort
   842f8080     842f2800     842f0ea8   bios.a64P : tsk_stup.o64P (.text)
                             842f0ec4             : tsk_stup.o64P (.text)

[32 trampolines]
[202 trampoline calls]


GLOBAL SYMBOLS: SORTED ALPHABETICALLY BY Name 

address    name
--------   ----
84306bf8   $bss
84306bf8   .bss
80000000   .data
842b8080   .text
84307684   BIOS$$CLKOFF
84307644   BIOS$$CLKON
843074c0   BIOS_init
84307740   BIOS_start
00000000   BUF$
00000001   BUF_ENABLED
842f1ff8   C$$IO$$
ffffffff   CACHE_L1D
ffffffff   CACHE_L1P
ffffffff   CACHE_L2
00000001   CLK$
842feff8   CLK_A_TABBEG
00000001   CLK_CALDIV
00000001   CLK_CALMULT
00091050   CLK_COUNTSPMS
00000009   CLK_COUNTSPMSHIGH
84307164   CLK_D_idletime
84307160   CLK_D_isrhook
8430715c   CLK_D_tabbeg
84307158   CLK_D_timefxn
00000001   CLK_ENABLEHTIME
842f84e0   CLK_F_gethtime
842f66a0   CLK_F_getltime
842f66b0   CLK_F_isr
842f67f0   CLK_F_itime
842f38c0   CLK_HOOKFXN
00000001   CLK_HTIMEDIV
00000001   CLK_HTIMEMULT
00091050   CLK_HTIMEPERLTIME
00006978   CLK_INPUTCLK
00004000   CLK_INTBIT
00000001   CLK_LTIMEDIV
00091050   CLK_LTIMEMULT
000003e8   CLK_MICROSECS
00000001   CLK_POWERENABLE
00006978   CLK_PRD
00000000   CLK_PRDHIGH
01c21400   CLK_REGS
00000001   CLK_RESETTIMER
84307154   CLK_R_time
00000020   CLK_TCR
00000000   CLK_TDDR
00000000   CLK_TDDRHIGH
842f84e0   CLK_TIMEFXN
00000000   CLK_TIMERNUM
00000005   CLK_TIMMODE
00000001   CLK_USETIMER
842feffc   CLK_null
84307014   DDR2
80000000   DDR2$B
04000000   DDR2$L
00000000   DEV$
00000000   DGN$
00000000   DHL$
00000000   DHL_gChannelsAvailable
00000000   DIO$
00000000   DIO_NUMSWIBASE
00000000   DIO_NUMTSKBASE
00000000   DIO_STATIC
00000000   DPI$
00000001   ECM$
00000001   ECM_ENABLE
ffffffff   ECM_EVTMASK0
ffffffff   ECM_EVTMASK1
ffffffff   ECM_EVTMASK2
ffffffff   ECM_EVTMASK3
0000000a   EVENT10
00000064   EVENT100
00000065   EVENT101
00000066   EVENT102
00000067   EVENT103
00000068   EVENT104
00000069   EVENT105
0000006a   EVENT106
0000006b   EVENT107
0000006c   EVENT108
0000006d   EVENT109
0000000b   EVENT11
0000006e   EVENT110
0000006f   EVENT111
00000070   EVENT112
00000071   EVENT113
00000072   EVENT114
00000073   EVENT115
00000074   EVENT116
00000075   EVENT117
00000076   EVENT118
00000077   EVENT119
0000000c   EVENT12
00000078   EVENT120
00000079   EVENT121
0000007a   EVENT122
0000007b   EVENT123
0000007c   EVENT124
0000007d   EVENT125
0000007e   EVENT126
0000007f   EVENT127
0000000d   EVENT13
0000000e   EVENT14
0000000f   EVENT15
00000010   EVENT16
00000011   EVENT17
00000012   EVENT18
00000013   EVENT19
00000014   EVENT20
00000015   EVENT21
00000016   EVENT22
00000017   EVENT23
00000018   EVENT24
00000019   EVENT25
0000001a   EVENT26
0000001b   EVENT27
0000001c   EVENT28
0000001d   EVENT29
0000001e   EVENT30
0000001f   EVENT31
00000020   EVENT32
00000021   EVENT33
00000022   EVENT34
00000023   EVENT35
00000024   EVENT36
00000025   EVENT37
00000026   EVENT38
00000027   EVENT39
00000004   EVENT4
00000028   EVENT40
00000029   EVENT41
0000002a   EVENT42
0000002b   EVENT43
0000002c   EVENT44
0000002d   EVENT45
0000002e   EVENT46
0000002f   EVENT47
00000030   EVENT48
00000031   EVENT49
00000005   EVENT5
00000032   EVENT50
00000033   EVENT51
00000034   EVENT52
00000035   EVENT53
00000036   EVENT54
00000037   EVENT55
00000038   EVENT56
00000039   EVENT57
0000003a   EVENT58
0000003b   EVENT59
00000006   EVENT6
0000003c   EVENT60
0000003d   EVENT61
0000003e   EVENT62
0000003f   EVENT63
00000040   EVENT64
00000041   EVENT65
00000042   EVENT66
00000043   EVENT67
00000044   EVENT68
00000045   EVENT69
00000007   EVENT7
00000046   EVENT70
00000047   EVENT71
00000048   EVENT72
00000049   EVENT73
0000004a   EVENT74
0000004b   EVENT75
0000004c   EVENT76
0000004d   EVENT77
0000004e   EVENT78
0000004f   EVENT79
00000008   EVENT8
00000050   EVENT80
00000051   EVENT81
00000052   EVENT82
00000053   EVENT83
00000054   EVENT84
00000055   EVENT85
00000056   EVENT86
00000057   EVENT87
00000058   EVENT88
00000059   EVENT89
00000009   EVENT9
0000005a   EVENT90
0000005b   EVENT91
0000005c   EVENT92
0000005d   EVENT93
0000005e   EVENT94
0000005f   EVENT95
00000060   EVENT96
00000061   EVENT97
00000062   EVENT98
00000063   EVENT99
842f7e40   FXN_F_nop
842f7e44   FXN_F_run
842f7e80   FXN_F_zero
00000001   GBL$
00005205   GBL_A_VERSION
00000000   GBL_BCACHEREADADDR0
00000000   GBL_BCACHEREADADDR1
00000000   GBL_BCACHEREADADDR2
00000000   GBL_BIGENDIAN
00000000   GBL_CACHE
00000000   GBL_CALLCSLCFGINIT
00004e20   GBL_CLKIN
00001918   GBL_CLKTYPE
00001963   GBL_DSPSUBTYPE
0000003e   GBL_DSPTYPE
00000001   GBL_ENABLEINST
00000000   GBL_ENABLE_SK
00000042   GBL_FOOTPRINT
00091050   GBL_FREQ
00000000   GBL_GEMTRUECOMPEN
00000003   GBL_L1DMODE
00000007   GBL_L1PMODE
00000001   GBL_L2CONFIGURE
00000000   GBL_L2MAR0_31
0000ffff   GBL_L2MAR128_159
00000000   GBL_L2MAR160_191
00000000   GBL_L2MAR192_223
00000000   GBL_L2MAR224_255
00000000   GBL_L2MAR32_63
00000000   GBL_L2MAR64_95
00000000   GBL_L2MAR96_127
00000003   GBL_L2MODE
00000000   GBL_NULL
00000000   GBL_PROCID
00000000   GBL_ROM
00000000   GBL_SUPPORTCSL
0000dbef   GBL_TRCMASKVALUE
00000000   GBL_USERINIT
842f83c0   GBL_USERINITFXN
00000001   GBL_boot
843074bc   GBL_initdone
84304000   GBL_stackbeg
84304fff   GBL_stackend
00000001   GIO$
842b8064   GIO$config
842f7b20   GIO_CREATEFXN
842f8460   GIO_DELETEFXN
842f7fc0   GIO_PENDFXN
842f7400   GIO_POSTFXN
00000000   HOOK$
00000000   HOOK_KNLID
00000001   HST$
84309370   HST_A_TABBEG
843093ac   HST_A_TABEND
00000000   HST_DSM
84307014   HST_DSMBUFSEG
00000400   HST_DSMMEMSIZE
843071d0   HST_D_chanmask
843071d4   HST_D_tabbeg
843071d8   HST_D_tabend
000000ff   HST_MAXFRAMEALLOWED
00000040   HST_MAXFRAMESET
00000000   HST_NONE
00000001   HST_RTDX
00000001   HWI$
84308c00   HWI_A_VECS
00005f88   HWI_CFGDISPATCHED
8430737c   HWI_D_bss
84307380   HWI_D_ccmask
8430736c   HWI_D_spsave
00000001   HWI_ENABLE_EXC
842f38c0   HWI_F_dispatch
00000000   HWI_GENERATE_RESET_VEC
0000000a   HWI_INT10
00000000   HWI_INT10$hwi
0000000b   HWI_INT11
00000000   HWI_INT11$hwi
0000000c   HWI_INT12
00000000   HWI_INT12$hwi
0000000d   HWI_INT13
00000000   HWI_INT13$hwi
0000000e   HWI_INT14
00000000   HWI_INT14$hwi
0000000f   HWI_INT15
00000000   HWI_INT15$hwi
00000004   HWI_INT4
00000000   HWI_INT4$hwi
00000005   HWI_INT5
00000000   HWI_INT5$hwi
00000006   HWI_INT6
00000000   HWI_INT6$hwi
00000007   HWI_INT7
00000000   HWI_INT7$hwi
00000008   HWI_INT8
00000000   HWI_INT8$hwi
00000009   HWI_INT9
00000000   HWI_INT9$hwi
00060504   HWI_INTRMUX1
0b030201   HWI_INTRMUX2
06040d0c   HWI_INTRMUX3
00000001   HWI_NMI
00000000   HWI_NMI$hwi
00000000   HWI_POLARITYMASK
00000002   HWI_RESERVED0
00000000   HWI_RESERVED0$hwi
00000003   HWI_RESERVED1
00000000   HWI_RESERVED1$hwi
00000000   HWI_RESET
00000000   HWI_RESET$hwi
00000000   HWI_ZEROTAB
00000001   IDL$
843093bc   IDL_A_CALBEG
843093ac   IDL_A_TABBEG
00000006   IDL_CALIBRERROR
842f8260   IDL_CALIBRFXN
8430746c   IDL_D_busyObj
84307144   IDL_D_calbeg
84307140   IDL_D_calibrate
8430713c   IDL_D_tabbeg
843093b8   IDL_END
843093c8   IDL_END$
842f7f00   IDL_F_busy
842f7ca0   IDL_F_calibrate
842f8420   IDL_F_loop
842f8260   IDL_F_stub
00000001   IDL_USECLKIDLTIME
842fefec   IDL_busyObj
84306c49   IDL_busyObj$avgfmt
00000001   IDL_busyObj$filter
00000001   IDL_busyObj$iA
00000000   IDL_busyObj$iB
00000001   IDL_busyObj$iC
84306c43   IDL_busyObj$maxfmt
00000000   IDL_busyObj$operation
842fefe8   IDL_busyObj$stsobj
84306c46   IDL_busyObj$sumfmt
[...]
842e8ec0   _PSP_VPFECreate
842e8f40   _PSP_VPFEDelete
842e8fb8   _PSP_VPFEOpen
842e90ac   _PSP_VPFEClose
842e9138   _PSP_VPFESubmitRequest
842e92a4   _PSP_VPFEIoctl
842e93e0   _EVMDM6437_enablePll1
842e95f0   _EVMDM6437_enablePll2
842e9898   _processing_task
842e9c34   _main
842e9cc0   __printfi
842ea540   _fputs
842ea8e0   _EVMDM6437_startupGEL
842ea940   _EVMDM6437_init
842ea960   __setupPinMux
842ea998   __setPinMux
842ea9e0   __clrPinMux
842eaa24   __resetEMIF
842eab24   __setupEMIF
842eac0c   __wait
842eac40   __waitusec
842eac60   __divf
842eb2e0   _edma3OsProtectEntry
842eb398   _edma3OsProtectExit
842eb430   _edma3OsWaitMsecs
842eb48c   _Edma3_CacheInvalidate
842eb4ac   _Edma3_CacheFlush
842eb4cc   _edma3OsSemCreate
842eb52c   _edma3OsSemDelete
842eb568   _edma3OsSemTake
842eb5c4   _edma3OsSemGive
842ebc00   __FLASH_getId
842ebd04   __FLASH_getMfg
842ebd18   _EVMDM6437_FLASH_getTotalPages
842ebe58   __FLASH_getPageLength
842ebe64   __FLASH_nextPage
842ebf00   _LLC_setCursorEnable
842ebf34   _LLC_setCursorDisable
842ebf68   _LLC_setCursorCLUTSelectROM
842ebf98   _LLC_setCursorCLUTSelectRAM
842ebfcc   _LLC_setCursorROMTYPE
842ec008   _LLC_setCursorVWidth
842ec04c   _LLC_setCursorHWidth
842ec094   _LLC_setCursorXPosition
842ec0e4   _LLC_setCursorYPosition
842ec134   _LLC_setCursorXSize
842ec184   _LLC_setCursorYSize
842ec4a0   _edma3init
842ec670   _edma3deinit
842eca00   _PAL_osMemInit
842eca14   _PAL_osMemSegDefine
842eca8c   _PAL_osMemSegUndefine
842ecaa4   _PAL_osMemAlloc
842ecaf8   _PAL_osMemFree
842ecb50   _PAL_osMemCopy
842ecbcc   _PAL_osMemSet
842ecc28   _PAL_osMemLock
842ecc44   _PAL_osMemUnlock
842ecc60   _PAL_osMemVirt2Phy
842ecc70   _PAL_osMemPhy2Virt
842ecc84   _PAL_osMemReport
842ecca0   __divull
842ecf00   __mpyd
842ed160   _EVMDM6437_I2C_init
842ed1a0   _EVMDM6437_I2C_close
842ed1b4   _EVMDM6437_I2C_reset
842ed1c8   _EVMDM6437_I2C_write
842ed2c0   _EVMDM6437_I2C_read
842ed600   _EVMDM6437_PSC_enableAll
842ed6b0   _EVMDM6437_PSC_changeState
842eda60   _fputc
842eda60   _putc
842edc80   __addd
842ede80   __frcaddd
842ee280   _setvbuf
842ee480   _DDC_VPBEConfigCursorParams
842ee680   _EVMDM6437_I2C_GPIO_init
842ee698   _EVMDM6437_I2C_GPIO_getall
842ee6c0   _EVMDM6437_I2C_GPIO_setall
842ee6e4   _EVMDM6437_I2C_GPIO_setOutput
842ee794   _EVMDM6437_I2C_GPIO_getInput
842ee7e8   _EVMDM6437_I2C_GPIO_setupIntr
842ee820   _EVMDM6437_I2C_GPIO_checkIntr
842ee830   _EVMDM6437_I2C_GPIO_waitForIntr
842ee860   _i2c_init
842ee8a8   _i2c_writeReg
842ee92c   _i2c_readReg
842ee9ec   _i2c_deInit
842eec00   _EVMDM6437_GPIO_init
842eec14   _EVMDM6437_GPIO_setDir
842eecb4   _EVMDM6437_GPIO_setOutput
842eed44   _EVMDM6437_GPIO_getInput
842eedc0   __divul
842eef60   _EVMDM6437_DDR_init
842ef100   _HOSTrename
842ef280   __DDA_i2cRegisterIntrHandler
842ef350   __DDA_i2cUnregisterIntrHandler
842ef3c0   __DDA_i2cSleep
842ef3d0   __DDA_i2cOsGetTicks
842ef540   _EVMDM6437_FLASH_init
842ef58c   __FLASH_waitWhileErasing
842ef5f8   __FLASH_waitWhileProgramming
842ef6cc   _PAL_osCacheFlush
842ef6f4   _PAL_osCacheInvalidate
842ef720   _PAL_osCacheFlushAndInvalidate
842ef748   _PAL_osCacheSetCacheLineLength
842ef76c   _PAL_osCacheGetCacheLineLength
842ef784   _PSP_cacheDrainWriteBuffer
842ef7c0   __closefile
842efb20   _fseek
842efc40   _HOSTlseek
842efd40   __frcmpyd
842efe40   __wrt_ok
842eff40   _call_dtors
842f0040   _PAL_osSemCreate
842f0098   _PAL_osSemDelete
842f00c0   _PAL_osSemTake
842f0104   _PAL_osSemGive
842f0140   _HOSTopen
842f0220   __cmpd
842f0300   __c6xabi_divi
842f0300   __divi
842f03e0   _atoi
842f04c0   _close
842f05a0   _fflush
842f0680   _memset
842f0760   _printf
842f0840   _HOSTread
842f0900   _HOSTunlink
842f09c0   _HOSTwrite
842f0b40   __c6xabi_divu
842f0b40   __divu
842f0c00   __doflush
842f0cc0   _atexit
842f0d80   _ltoa
842f0f00   _PAL_osWaitMsecs
842f0f64   _BIOS_OsGetOsTicksPerMSecs
842f0fc0   __DDA_VPBERegisterIntrHandler
842f1044   __DDA_VPBEUnregisterIntrHandler
842f1080   _HOSTclose
842f1120   __cleanup
842f11c0   __divli
842f13a0   __fixdli
842f14e0   __c6xabi_remu
842f14e0   __remu
842f1620   _lseek
842f16c0   _memcpy
842f1760   _modf
842f1800   _write
842f18a0   __DDA_VPFERegisterIntrHandler
842f1910   __DDA_VPFEUnregisterIntrHandler
842f1940   __fixdi
842f19c0   __fixdu
842f1a40   __fltlid
842f1ac0   __llshl
842f1b40   __renormd
842f1bc0   _readmsg
842f1c40   _unlink
842f1cc0   _EVMDM6437_DIP_init
842f1ccc   _EVMDM6437_DIP_get
842f1d40   _PAL_osProtectEntry
842f1d80   _PAL_osProtectExit
842f1dc0   __cvtfd
842f1e20   __subcull
842f1e80   _ceil
842f1ee0   _memccpy
842f1f40   _strcpy
842f1fa0   _writemsg
842f1ff8   C$$IO$$
842f2000   _y_cb_cr_to_ycbcr
842f2060   ___add_dtor
842f20a0   ___isinf
842f2120   __fltuf
842f2160   __frcmpyd_div
842f21a0   __frcmpyf_div
842f21e0   __llshru
842f2220   __negd
842f2260   __remli
842f22a0   __c6xabi_strasgi_64plus
842f22a0   __strasgi_64plus
842f22e0   __subd
842f2320   _extractY
842f2360   _PAL_osEvtEnable
842f2370   _PAL_osEvtDisable
842f23a0   __negll
842f23c0   __nop
842f2420   __register_lock
842f2440   __register_unlock
842f2460   _remove
842f2820   ___etext__
842f2820   etext
842f2920   _SYS_vsprintf
842f2d54   _SYS_vprintf
842f2d64   _SYS_sprintf
842f2d90   _SYS_printf
842f2de0   LNK_F_checkBufferCall
842f2e00   LNK_F_getChanPtr
842f2e58   LNK_F_init
842f2e60   LNK_F_dataPump
842f2e70   LNK_rcloop
842f2f34   LNK_rdrtry
842f2f44   LNK_rrloop
842f3004   LNK_wrrtry
842f3010   LNK_wrloop
842f30e0   LNK_newin
842f3214   LNK_newout
842f3368   LNK_F_readCallBack
842f33a0   _EXC_nmi
842f33d4   _EXC_internal
842f3680   _EXC_init
842f36c0   _EXC_getLastStatus
842f36e0   _EXC_external
842f3714   _EXC_exceptionHandler
842f3890   _EXC_clearLastStatus
842f38c0   CLK_HOOKFXN
842f38c0   HWI_F_dispatch
842f38c0   _HWI_F_dispatch
842f38c0   __HWI_lat1beg
842f3a48   __HWI_lat1end
842f3a48   __HWI_lat2beg
842f3bb0   __HWI_lat2end2
842f3be0   __HWI_lat3end2
842f3c24   __HWI_lat2end1
842f3c40   __HWI_lat3beg
842f3da0   SWI_F_enable
842f3da0   __SWI_lat3beg
842f3e0c   __SWI_lat3end
842f3e10   SWI_F_post
842f3e10   _SWI_post
842f3f18   __SWI_lat1beg
842f3f84   SWI_EXECFXN
842f3f84   SWI_F_exec
842f3fac   SWI_F_iexec
842f3fc4   __SWI_lat1end
842f3fc8   __SWI_lat2beg
842f4028   __SWI_lat2end
842f402c   SWI_F_run
842f402c   SWI_RUNFXN
842f4260   PRD_F_swi
842f44e4   PRD_F_tick
842f45e0   _GIO_create
842f4880   _free
842f48a8   _malloc
842f490c   _realloc
842f49d8   _memalign
842f4ab8   _calloc
842f4b20   RTA_F_getlog
842f4b58   RTA_F_getsts
842f4b98   RTA_F_readblk
842f4bb4   RTA_F_writeword
842f4bc0   RTA_F_resetmem
842f4bc0   __RTA_lat1beg
842f4bf4   __RTA_lat1end
842f4c00   RTA_F_dispatch
842f4c4c   RTA_execute
842f4da0   _KNL_run
842f4fe0   _MEM_define
842f5220   _MEM_redefine
842f5440   _MEM_free
842f5640   _SEM_pendEnterKnl
842f5840   _MEM_alloc
842f5a20   _EXC_dispatch
842f5be4   _EXC_setReturnPtr
842f5dcc   PRD_THOOKFXN
842f5dcc   _KNL_tick
842f5de0   PIP_F_take
842f5e58   PIP_F_give
842f5e58   PIP_F_probe
842f5f28   PIP_F_start
842f5fc0   _GIO_submit
842f6180   __SEM_dopost
842f64b0   _BCACHE_wbInv
842f64c4   _BCACHE_wb
842f64d4   _BCACHE_inv
842f6500   _TSK_setup
842f66a0   CLK_F_getltime
842f66b0   CLK_F_isr
842f67f0   CLK_F_itime
842f67f0   _CLK_F_itime
842f67f0   _CLK_itime
842f6810   __CLK_lat1beg
842f6830   __CLK_lat1end
842f6840   _KNL_saveIsrFrame
842f68ec   _KNL_switch
842f6998   KNL_glue
842f69c0   __auto_init
842f6b00   _TSK_exit
842f6c40   _BCACHE_setSize
842f6c84   _BCACHE_setMar
842f6cd4   _BCACHE_bootInit
842f6cd4   _BCACHE_setCacheToSram
842f6d04   _BCACHE_getSize
842f6d54   _BCACHE_getMar
842f6de4   _GBL_cacheInit64P
842f6ea0   _KNL_check
842f6eec   __KNL_lat1beg
842f6f68   _KNL_idle
842f6f68   __KNL_lat1end
842f6f90   _KNL_max
842f6fc0   _MEM_undefine
842f7184   _TSK_startup
842f7200   _ECM_dispatch
842f7300   _GIO_delete
842f7400   GIO_POSTFXN
842f7400   _SEM_post
842f7400   _SEM_postBinary
842f74e0   _DEV_match
842f75a0   _KNL_exit
842f75e0   _KNL_enter
842f7660   _SEM_postEnterKnl
842f7700   _SYS_exit
842f77a0   _ATM_andi
842f77a0   _ATM_andu
842f77b0   _ATM_cleari
842f77b0   _ATM_clearu
842f77c0   _ATM_deci
842f77c0   _ATM_decu
842f77d0   _ATM_inci
842f77d0   _ATM_incu
842f77e4   _ATM_ori
842f77e4   _ATM_oru
842f77f4   _ATM_seti
842f77f4   _ATM_setu
842f7820   __GIO_iomCallback
842f78a0   _KNL_ipost
842f7920   _KNL_post
842f79a0   _LCK_post
842f79c0   _LCK_pend
842f7a20   LOG_F_event
842f7a20   _LOG_event
842f7a20   __LOG_lat1beg
842f7aa0   _OBJ_create
842f7b20   GIO_CREATEFXN
842f7b20   _SEM_create
842f7ba0   _TSK_enable
842f7bc4   _TSK_disable
842f7c20   _BCACHE_wait
842f7ca0   IDL_F_calibrate
842f7d20   _MEM_valloc
842f7d80   _SYS_error
842f7de0   _ECM_dispatchPlug
842f7e40   FXN_F_nop
842f7e44   FXN_F_run
842f7e44   _FXN_F_run
842f7e80   FXN_F_zero
842f7e80   _FXN_F_zero
842f7ea0   _HWI_disable
842f7eb8   _HWI_enable
842f7ecc   _HWI_restore
842f7f00   IDL_F_busy
842f7f00   __IDL_lat1beg
842f7f40   __IDL_lat1end
842f7f60   _OBJ_delete
842f7fc0   GIO_PENDFXN
842f7fc0   _SEM_pend
842f8020   STS_F_delta
842f8020   _STS_delta
842f804c   STS_F_add
842f804c   _STS_add
842f8068   STS_F_reset
842f8068   _STS_reset
842f8080   _SYS_abort
842f80e0   SYS_PUTCFXN
842f80e0   _UTL_doPutc
842f8140   _CLK_measure
842f81a0   _C62_disableIER
842f81a0   _C64_disableIER
842f81b8   _C62_enableIER
842f81b8   _C64_enableIER
842f81cc   _C62_clearIFR
842f81cc   _C64_clearIFR
842f81e0   _ECM_disableEvent
842f8220   _ECM_enableEvent
842f8260   IDL_CALIBRFXN
842f8260   IDL_F_stub
842f82a0   _QUE_get
842f82a0   __QUE_lat1beg
842f82c0   __QUE_lat1end
842f82c8   _QUE_put
842f82c8   __QUE_lat2beg
842f82d4   __QUE_lat2end
842f82e0   RTA_F_andn
842f82f8   RTA_F_or
842f8320   SYS_ABORTFXN
842f8320   _UTL_doAbort
842f8360   _CLK_countspms
842f8380   _CLK_getltime
842f83a0   _CLK_getprd
842f83c0   GBL_USERINITFXN
842f83c0   TSK_VCREATEFXN
842f83c0   TSK_VDELETEFXN
842f83c0   TSK_VEXITFXN
842f83c0   _FXN_F_nop
842f83e0   _GBL_getVersion
842f8400   _GIO_control
842f8420   IDL_F_loop
842f8420   _IDL_loop
842f8440   _LOG_printf
842f8460   GIO_DELETEFXN
842f8460   _SEM_delete
842f8480   _STS_set
842f84a0   SYS_ERRORFXN
842f84a0   _UTL_doError
842f84c0   SYS_EXITFXN
842f84c0   _UTL_halt
842f84e0   CLK_F_gethtime
842f84e0   CLK_TIMEFXN
842f84e0   _CLK_gethtime
842f8500   TSK_video_loopback$stack
842fc498   TSK_video_loopback$stkptr
842fc500   ___cinit__
842fc500   cinit
842fee98   __CIOBUF_
842fefb8   KNL_swi$sts$stsobj
842fefb8   STS_A_TABBEG
842fefb8   _STS_A_TABBEG
842fefbc   KNL_swi$sts
842fefc8   TSK_idle$sts$stsobj
842fefcc   TSK_idle$sts
842fefd8   TSK_video_loopback$sts$stsobj
842fefdc   TSK_video_loopback$sts
842fefe8   IDL_busyObj$stsobj
842fefec   IDL_busyObj
842fefec   _IDL_busyObj
842feff8   CLK_A_TABBEG
842feff8   PRD_clock
842feff8   STS_A_TABEND
842feff8   _PRD_clock
842feff8   _STS_A_TABEND
842feffc   CLK_null
842ff000   LOG_system$buf
84300000   trace$buf
84304000   GBL_stackbeg
84304000   _HWI_STKTOP
84304000   __stack
84304ff8   _HWI_STKBOTTOM
84304fff   GBL_stackend
84305000   _HSRTDX_rec
84305000   __STACK_END
843052a0   _RTDX_Buffer_WriteCB
84305760   _HSRTDX_xmt
84305a60   _RTDX_Mon_Queue
84305cc0   _RTDX_Poll
84305d60   _RTDX_Final_RT_Monitor
84305de0   _RTDX_Buffer_Initialize
84305e40   _RTDX_Init_RT_Monitor
84305ea0   _RTDX_Buffer_ReadCB
84305ee0   _RTDX_Buffer_Size
84305f20   _RTDX_memfill
84305f60   _RTDX_Buffer_Read
84305f80   _RTDX_Buffer_Write
84305fa0   _RTDX_Mask_IER
84306540   __ctypes_
84306bf5   KNL_swi$sts$maxfmt
84306bf8   $bss
84306bf8   .bss
84306bf8   _MEM_memtab
84306bf8   ___bss__
84306bfd   KNL_swi$sts$sumfmt
84306c05   KNL_swi$sts$avgfmt
84306c0f   TSK_idle$sts$maxfmt
84306c10   _ECM_dispatchTab
84306c17   TSK_idle$sts$sumfmt
84306c1f   TSK_idle$sts$avgfmt
84306c29   TSK_video_loopback$sts$maxfmt
84306c31   TSK_video_loopback$sts$sumfmt
84306c39   TSK_video_loopback$sts$avgfmt
84306c43   IDL_busyObj$maxfmt
84306c46   IDL_busyObj$sumfmt
84306c49   IDL_busyObj$avgfmt
84307010   _GIO
84307014   DDR2
84307014   HST_DSMBUFSEG
84307014   MEM_MALLOCSEG
84307014   MEM_SEGZERO
84307014   RTDX_DATAMEMSEG
84307014   _DDR2
84307018   L1DSRAM
84307018   TSK_STACKSEG
84307018   _L1DHEAP
84307018   _L1DSRAM
8430701c   RTA_fromHost$pipe$dtab
84307028   RTA_toHost$pipe$dtab
84307034   _DEV_devinit
84307038   __DEV_NUMINITFXNS
8430703c   _HWI_dispatchTab
8430713c   IDL_D_tabbeg
84307140   IDL_D_calibrate
84307144   IDL_D_calbeg
84307148   LOG_D_system
84307148   _LOG_D_system
8430714c   PIP_D_tabbeg
84307150   PIP_D_tablen
84307154   CLK_R_time
84307158   CLK_D_timefxn
8430715c   CLK_D_tabbeg
84307160   CLK_D_isrhook
84307164   CLK_D_idletime
84307168   _CLK_htimeDiv
8430716c   _CLK_htimeMult
84307170   _CLK_ltimeDiv
84307174   _CLK_ltimeMult
84307178   _CLK_D_dirty
8430717c   _CLK_D_prd
84307180   _CLK_D_tddr
84307184   _CLK_D_countspms
84307188   PRD_D_tick
84307188   _PRD_D_tick
8430718c   PRD_D_cur
84307190   PRD_D_elapsed
84307194   PRD_D_prevtim
84307198   PRD_D_scalar
8430719c   PRD_D_swihandle
843071a0   PRD_D_tabbeg
843071a4   PRD_D_tablen
843071a8   PRD_D_thook
843071ac   RTA_D_fromHost
843071b0   RTA_D_toHost
843071b4   RTA_D_logval
843071c4   RTA_D_stsval
843071d0   HST_D_chanmask
843071d4   HST_D_tabbeg
843071d8   HST_D_tabend
843071dc   _GBL_procId
843071e0   _GBL_clkIn
843071e4   _GBL_freq
843071e8   _MEM_D_NUMSEGMENTS
843071ec   _MEM_D_memtab
843071f0   _MEM_D_freelist
843071f4   _MEM_D_lockaddr
843071f8   _MEM_D_unlockaddr
843071fc   _SYS
84307200   __HOOK_knlId
84307204   __HOOK_NUMHOOKS
84307208   SWI_D_runaddr
84307208   _SWI_D_runaddr
84307208   _SWI_data
8430720c   SWI_D_execaddr
8430720c   _SWI_D_execaddr
84307210   SWI_D_curmask
84307210   _SWI_D_curmask
84307214   SWI_D_curset
84307214   _SWI_D_curset
84307218   SWI_D_lock
84307218   _SWI_D_lock
8430721c   SWI_D_curmbox
84307220   SWI_D_curfxn
84307220   _SWI_D_curfxn
84307224   SWI_D_rdybeg
84307224   _SWI_D_rdybeg
84307228   SWI_D_inswi
84307228   _SWI_D_inswi
8430722c   SWI_D_rdytab
843072a4   _KNL_wFlag
843072a8   _KNL_wList
843072ac   _KNL_alarm
843072b0   _KNL_setpri
843072b4   _KNL_inactive
843072b8   _KNL_priority
843072bc   _KNL_set
843072c0   _KNL_curtask
843072c4   _KNL_prevtask
843072c8   _KNL_curtime
843072cc   _KNL_swiptr
843072d0   _KNL_curqueue
843072d4   _KNL_maxqueue
843072d8   _KNL_tswitchfxn
843072dc   _KNL_tcreatefxn
843072e0   _KNL_tdeletefxn
843072e4   _KNL_treadyfxn
843072e8   _KNL_idlefxn
843072ec   _i
843072f0   _j
843072f4   _temp
843072f8   _YBufferForLabeling
843072fc   _top
84307300   _x
84307304   _y
84307308   _sumh
8430730c   _sumw
84307330   _EXC_sysTrapTable
84307338   _EXC_returnPtr
8430736c   HWI_D_spsave
8430736c   _HWI_D_spsave
8430736c   _HWI_data
84307378   _HWI_D_inhwi
8430737c   HWI_D_bss
84307380   HWI_D_ccmask
84307384   LNK_dspFrameRequestMask
84307384   _LNK_dspFrameRequestMask
84307388   LNK_dspFrameReadyMask
84307388   _LNK_dspFrameReadyMask
8430738c   LNK_readPend
8430738c   _LNK_readPend
84307390   LNK_readDone
84307390   _LNK_readDone
84307394   LNK_readFail
84307394   _LNK_readFail
84307398   LNK_writeFail
84307398   _LNK_writeFail
8430739c   _EXC_exceptionHook
843073a0   _EXC_internalHook
843073a4   _EXC_externalHook
843073a8   _EXC_nmiHook
843073ac   _numEdma3EvtQue
843073b0   _numEdma3Tc
843073b4   _ccXferCompInt
843073b8   _ccErrorInt
843073e4   _rtdxNullChanCnt
843073e8   _rtdxNullFuncCnt
843073ec   _rtdxXmtNotDoneCnt
843073f0   _rtdxRecNotDoneCnt
843073f4   _rtdxXmtRestartCnt
843073f8   _rtdxXmtErrorCnt
84307404   _edma3NumPaRAMSets
84307418   _TSK_nTasks
8430741c   _TSK_pid
84307420   _TSK
84307424   _ddaPrevInterruptMapInfo
84307428   _ddaPrevInterruptMapRequired
8430742c   _ddaPrevSegId
84307430   _prevRegs
84307434   _vpssRegs
84307438   _llcPrevDebugErrorStatus
8430743c   _CLK_DFLTMICROSECS
84307440   _CLK_D_microseconds
84307444   _SYS_exitStackPtr
84307448   _SYS_exitStackTop
8430744c   _hEdma
84307454   _prevDebugErrorTraceIndex
84307458   _prevDebugTraceIndex
84307464   _CLK_htimePerLtime
84307468   __DEV_D_NUMINITFXNS
8430746c   IDL_D_busyObj
84307470   _MEM
84307474   _MEM_staticMemtab
8430747c   _i2c_timeout
843074a4   RTA_fromHost$buf
843074a4   ___end__
843074a4   end
843074b4   TRC_cinit
843074b8   TRC_R_mask
843074b8   _TRC_R_mask
843074bc   GBL_initdone
843074c0   BIOS_init
843074c0   _BIOS_init
84307644   BIOS$$CLKON
84307684   BIOS$$CLKOFF
84307740   BIOS_start
84307740   _BIOS_start
84307880   _DEV_init
843079a0   _CLK_enableTimer
84307a80   _c_int00
84307b40   _MEM_init
84307be0   _TSK_init
84307c40   _GIO_init
84307c60   _OBJ_init
84308248   LOG_A_TABBEG
84308248   LOG_system
84308248   _LOG_A_TABBEG
84308248   _LOG_system
84308260   _trace
84308260   trace
84308278   LOG_A_TABEND
84308278   _LOG_A_TABEND
84308300   _RTDX_Buffer
84308708   _RTDX_Buffer_Start
8430870c   _RTDX_Buffer_End
84308710   _rtdx_mon_state
84308754   _rtdx_buffer_state
84308760   _RTDX_writing
84308778   TSK_idle$stack
84308b10   TSK_idle$stkptr
84308bd0   KNL_swi
84308bd0   SWI_A_TABBEG
84308bd0   _KNL_swi
84308bfc   SWI_A_TABEND
84308c00   HWI_A_VECS
84308c00   hwi0
84308c20   hwi1
84308c40   hwi2
84308c60   hwi3
84308c80   hwi4
84308ca0   hwi5
84308cc0   hwi6
84308ce0   hwi7
84308d00   hwi8
84308d20   hwi9
84308d40   hwi10
84308d60   hwi11
84308d80   hwi12
84308da0   hwi13
84308dc0   hwi14
84308de0   hwi15
84308e00   _SYS_PUTCBEG
84308fff   _SYS_PUTCEND
84309000   RTA_toHost$buf
84309100   PIP_A_TABBEG
84309100   RTA_fromHost$pipe
84309100   _PIP_A_TABBEG
84309104   RTA_fromHost$pipe$rd
84309130   RTA_fromHost$pipe$aaa
84309134   RTA_fromHost$pipe$wr
84309160   RTA_fromHost$pipe$bbb
84309164   RTA_toHost$pipe
84309168   RTA_toHost$pipe$rd
84309194   RTA_toHost$pipe$aaa
84309198   RTA_toHost$pipe$wr
843091c4   RTA_toHost$pipe$bbb
843091c8   PIP_A_TABEND
843091c8   _PIP_A_TABEND
843091d4   TSK_idle
843091d4   _TSK_idle
84309234   TSK_video_loopback
84309234   _TSK_video_loopback
84309288   UDEV_udevCodec$obj
84309294   UDEV_udevCodec$device
843092ac   UDEV_VPBE0$obj
843092b8   UDEV_VPBE0$device
843092d0   UDEV_VPFE0$obj
843092dc   UDEV_VPFE0$device
843092f4   UDEV_I2C0$obj
84309300   UDEV_I2C0$device
84309324   _semRx
84309324   semRx
84309350   _semTx
84309350   semTx
84309370   HST_A_TABBEG
84309370   _HST_A_TABBEG
84309374   RTA_fromHost
84309374   _RTA_fromHost
8430937c   RTA_fromHost$rtdx
84309390   RTA_toHost
84309390   _RTA_toHost
84309398   RTA_toHost$rtdx
843093ac   HST_A_TABEND
843093ac   IDL_A_TABBEG
843093ac   IDL_cpuLoad
843093ac   _HST_A_TABEND
843093ac   _IDL_cpuLoad
843093b0   LNK_dataPump
843093b0   _LNK_dataPump
843093b4   RTA_dispatcher
843093b4   _RTA_dispatcher
843093b8   IDL_END
843093bc   IDL_A_CALBEG
843093bc   IDL_cpuLoad$
843093c0   LNK_dataPump$
843093c4   RTA_dispatcher$
843093c8   IDL_END$
843093cc   SYS$config
ffffffff   CACHE_L1D
ffffffff   CACHE_L1P
ffffffff   CACHE_L2
ffffffff   ECM_EVTMASK0
ffffffff   ECM_EVTMASK1
ffffffff   ECM_EVTMASK2
ffffffff   ECM_EVTMASK3
ffffffff   SRAM
ffffffff   _CACHE_L1D
ffffffff   _CACHE_L1P
ffffffff   _CACHE_L2
ffffffff   _SRAM
ffffffff   ___TI_pprof_out_hndl
ffffffff   ___TI_prof_data_size
ffffffff   ___TI_prof_data_start
ffffffff   ___binit__
ffffffff   ___c_args__
ffffffff   binit

[1791 symbols]
