<?xml version="1.0"?>
<link_info>
   <banner>TMS320C6x Linker PC v7.4.4</banner>
   <copyright>Copyright (c) 1996-2013 Texas Instruments Incorporated</copyright>
   <link_time>0x53d0d68a</link_time>
   <output_file>TemplateVideoLoopback.out</output_file>
   <entry_point>
      <name>_c_int00</name>
      <address>0x84312e00</address>
   </entry_point>
   <input_file_list>
      <input_file id="fl-a">
         <path>.\</path>
         <kind>object</kind>
         <file>ycbcr_to_y_cb_cr.obj</file>
         <name>ycbcr_to_y_cb_cr.obj</name>
      </input_file>
      <input_file id="fl-b">
         <path>.\</path>
         <kind>object</kind>
         <file>y_cb_cr_to_ycbcr.obj</file>
         <name>y_cb_cr_to_ycbcr.obj</name>
      </input_file>
      <input_file id="fl-c">
         <path>.\</path>
         <kind>object</kind>
         <file>video_loopback.obj</file>
         <name>video_loopback.obj</name>
      </input_file>
      <input_file id="fl-d">
         <path>.\</path>
         <kind>object</kind>
         <file>tskcfg_c.obj</file>
         <name>tskcfg_c.obj</name>
      </input_file>
      <input_file id="fl-e">
         <path>.\</path>
         <kind>object</kind>
         <file>tskcfg.obj</file>
         <name>tskcfg.obj</name>
      </input_file>
      <input_file id="fl-f">
         <path>.\</path>
         <kind>object</kind>
         <file>imageProcessing.obj</file>
         <name>imageProcessing.obj</name>
      </input_file>
      <input_file id="fl-10">
         <path>.\</path>
         <kind>object</kind>
         <file>i2c_params.obj</file>
         <name>i2c_params.obj</name>
      </input_file>
      <input_file id="fl-11">
         <path>.\</path>
         <kind>object</kind>
         <file>extractYCbCr.obj</file>
         <name>extractYCbCr.obj</name>
      </input_file>
      <input_file id="fl-12">
         <path>.\</path>
         <kind>object</kind>
         <file>extractY.obj</file>
         <name>extractY.obj</name>
      </input_file>
      <input_file id="fl-13">
         <path>.\</path>
         <kind>object</kind>
         <file>audio_params.obj</file>
         <name>audio_params.obj</name>
      </input_file>
      <input_file id="fl-9b">
         <path>C:\ti\bios_5_42_01_09\packages\ti\bios\lib\</path>
         <kind>archive</kind>
         <file>bios.a64P</file>
         <name>biosdata.o64P</name>
      </input_file>
      <input_file id="fl-9c">
         <path>C:\ti\bios_5_42_01_09\packages\ti\bios\lib\</path>
         <kind>archive</kind>
         <file>bios.a64P</file>
         <name>hwi_disp_asm.o64P</name>
      </input_file>
      <input_file id="fl-9d">
         <path>C:\ti\bios_5_42_01_09\packages\ti\bios\lib\</path>
         <kind>archive</kind>
         <file>bios.a64P</file>
         <name>idl_stub.o64P</name>
      </input_file>
      <input_file id="fl-9e">
         <path>C:\ti\bios_5_42_01_09\packages\ti\bios\lib\</path>
         <kind>archive</kind>
         <file>lnkrtdx.a64P</file>
         <name>rtdx.o64P</name>
      </input_file>
      <input_file id="fl-9f">
         <path>C:\ti\bios_5_42_01_09\packages\ti\bios\lib\</path>
         <kind>archive</kind>
         <file>bios.a64P</file>
         <name>swi.o64P</name>
      </input_file>
      <input_file id="fl-a0">
         <path>C:\ti\bios_5_42_01_09\packages\ti\bios\lib\</path>
         <kind>archive</kind>
         <file>bios6424.a64P</file>
         <name>bcache_init.o64P</name>
      </input_file>
      <input_file id="fl-a1">
         <path>C:\ti\bios_5_42_01_09\packages\ti\bios\lib\</path>
         <kind>archive</kind>
         <file>bios6424.a64P</file>
         <name>clk_gethtime.o64P</name>
      </input_file>
      <input_file id="fl-a2">
         <path>C:\ti\bios_5_42_01_09\packages\ti\bios\lib\</path>
         <kind>archive</kind>
         <file>bios.a64P</file>
         <name>fxn_c.o64P</name>
      </input_file>
      <input_file id="fl-a3">
         <path>C:\ti\bios_5_42_01_09\packages\ti\bios\lib\</path>
         <kind>archive</kind>
         <file>bios.a64P</file>
         <name>knl_tick.o64P</name>
      </input_file>
      <input_file id="fl-a4">
         <path>C:\ti\bios_5_42_01_09\packages\ti\bios\lib\</path>
         <kind>archive</kind>
         <file>bios.a64P</file>
         <name>sem_crea.o64P</name>
      </input_file>
      <input_file id="fl-a5">
         <path>C:\ti\bios_5_42_01_09\packages\ti\bios\lib\</path>
         <kind>archive</kind>
         <file>bios.a64P</file>
         <name>sem_dele.o64P</name>
      </input_file>
      <input_file id="fl-a6">
         <path>C:\ti\bios_5_42_01_09\packages\ti\bios\lib\</path>
         <kind>archive</kind>
         <file>bios.a64P</file>
         <name>sem_pend_counting.o64P</name>
      </input_file>
      <input_file id="fl-a7">
         <path>C:\ti\bios_5_42_01_09\packages\ti\bios\lib\</path>
         <kind>archive</kind>
         <file>bios.a64P</file>
         <name>sem_post_asm.o64P</name>
      </input_file>
      <input_file id="fl-a8">
         <path>C:\ti\bios_5_42_01_09\packages\ti\bios\lib\</path>
         <kind>archive</kind>
         <file>bios.a64P</file>
         <name>utl_doab.o64P</name>
      </input_file>
      <input_file id="fl-a9">
         <path>C:\ti\bios_5_42_01_09\packages\ti\bios\lib\</path>
         <kind>archive</kind>
         <file>bios.a64P</file>
         <name>utl_doer.o64P</name>
      </input_file>
      <input_file id="fl-aa">
         <path>C:\ti\bios_5_42_01_09\packages\ti\bios\lib\</path>
         <kind>archive</kind>
         <file>bios.a64P</file>
         <name>utl_putc.o64P</name>
      </input_file>
      <input_file id="fl-ab">
         <path>C:\ti\bios_5_42_01_09\packages\ti\bios\lib\</path>
         <kind>archive</kind>
         <file>bios.a64P</file>
         <name>utl_halt.o64P</name>
      </input_file>
      <input_file id="fl-ac">
         <path>C:\ti\bios_5_42_01_09\packages\ti\bios\lib\</path>
         <kind>archive</kind>
         <file>bios6424.a64P</file>
         <name>clk.o64P</name>
      </input_file>
      <input_file id="fl-ad">
         <path>C:\ti\bios_5_42_01_09\packages\ti\bios\lib\</path>
         <kind>archive</kind>
         <file>bios.a64P</file>
         <name>fxn.o64P</name>
      </input_file>
      <input_file id="fl-ae">
         <path>C:\ti\bios_5_42_01_09\packages\ti\bios\lib\</path>
         <kind>archive</kind>
         <file>bios.a64P</file>
         <name>boot.o64P</name>
      </input_file>
      <input_file id="fl-af">
         <path>C:\ti\bios_5_42_01_09\packages\ti\bios\lib\</path>
         <kind>archive</kind>
         <file>bios.a64P</file>
         <name>trc.o64P</name>
      </input_file>
      <input_file id="fl-b0">
         <path>C:\ti\bios_5_42_01_09\packages\ti\bios\lib\</path>
         <kind>archive</kind>
         <file>bios.a64P</file>
         <name>hwi.o64P</name>
      </input_file>
      <input_file id="fl-b1">
         <path>C:\ti\bios_5_42_01_09\packages\ti\bios\lib\</path>
         <kind>archive</kind>
         <file>bios.a64P</file>
         <name>idl_busy.o64P</name>
      </input_file>
      <input_file id="fl-b2">
         <path>C:\ti\bios_5_42_01_09\packages\ti\bios\lib\</path>
         <kind>archive</kind>
         <file>bios6424.a64P</file>
         <name>idl_cal.o64P</name>
      </input_file>
      <input_file id="fl-b3">
         <path>C:\ti\bios_5_42_01_09\packages\ti\bios\lib\</path>
         <kind>archive</kind>
         <file>bios.a64P</file>
         <name>idl.o64P</name>
      </input_file>
      <input_file id="fl-b4">
         <path>C:\ti\bios_5_42_01_09\packages\ti\bios\lib\</path>
         <kind>archive</kind>
         <file>bios.a64P</file>
         <name>knl_swit.o64P</name>
      </input_file>
      <input_file id="fl-b5">
         <path>C:\ti\bios_5_42_01_09\packages\ti\bios\lib\</path>
         <kind>archive</kind>
         <file>bios.a64P</file>
         <name>log.o64P</name>
      </input_file>
      <input_file id="fl-b6">
         <path>C:\ti\bios_5_42_01_09\packages\ti\bios\lib\</path>
         <kind>archive</kind>
         <file>bios.a64P</file>
         <name>pip.o64P</name>
      </input_file>
      <input_file id="fl-b7">
         <path>C:\ti\bios_5_42_01_09\packages\ti\bios\lib\</path>
         <kind>archive</kind>
         <file>bios.a64P</file>
         <name>prd.o64P</name>
      </input_file>
      <input_file id="fl-b8">
         <path>C:\ti\bios_5_42_01_09\packages\ti\bios\lib\</path>
         <kind>archive</kind>
         <file>bios.a64P</file>
         <name>rta.o64P</name>
      </input_file>
      <input_file id="fl-b9">
         <path>C:\ti\bios_5_42_01_09\packages\ti\bios\lib\</path>
         <kind>archive</kind>
         <file>bios.a64P</file>
         <name>rta_andn.o64P</name>
      </input_file>
      <input_file id="fl-ba">
         <path>C:\ti\bios_5_42_01_09\packages\ti\bios\lib\</path>
         <kind>archive</kind>
         <file>bios.a64P</file>
         <name>sts.o64P</name>
      </input_file>
      <input_file id="fl-bb">
         <path>C:\ti\bios_5_42_01_09\packages\ti\bios\lib\</path>
         <kind>archive</kind>
         <file>bios.a64P</file>
         <name>clk_data.o64P</name>
      </input_file>
      <input_file id="fl-bc">
         <path>C:\ti\bios_5_42_01_09\packages\ti\bios\lib\</path>
         <kind>archive</kind>
         <file>bios6424.a64P</file>
         <name>clk_enable64LcTimer.o64P</name>
      </input_file>
      <input_file id="fl-bd">
         <path>C:\ti\bios_5_42_01_09\packages\ti\bios\lib\</path>
         <kind>archive</kind>
         <file>bios.a64P</file>
         <name>clk_data2.o64P</name>
      </input_file>
      <input_file id="fl-be">
         <path>C:\ti\bios_5_42_01_09\packages\ti\bios\lib\</path>
         <kind>archive</kind>
         <file>bios6424.a64P</file>
         <name>clk_data.o64P</name>
      </input_file>
      <input_file id="fl-bf">
         <path>C:\ti\bios_5_42_01_09\packages\ti\bios\lib\</path>
         <kind>archive</kind>
         <file>bios6424.a64P</file>
         <name>clk_meas.o64P</name>
      </input_file>
      <input_file id="fl-c0">
         <path>C:\ti\bios_5_42_01_09\packages\ti\bios\lib\</path>
         <kind>archive</kind>
         <file>bios.a64P</file>
         <name>dev_init.o64P</name>
      </input_file>
      <input_file id="fl-c1">
         <path>C:\ti\bios_5_42_01_09\packages\ti\bios\lib\</path>
         <kind>archive</kind>
         <file>bios.a64P</file>
         <name>ecm_dispatch.o64P</name>
      </input_file>
      <input_file id="fl-c2">
         <path>C:\CCStudio_v3.3\EVMDM6437\boards\evmdm6437_v2\lib\</path>
         <kind>archive</kind>
         <file>evmdm6437bsl.lib</file>
         <name>evmdm6437_dip.obj</name>
      </input_file>
      <input_file id="fl-c3">
         <path>C:\dvsdk_1_01_00_15\psp_1_00_02_00\pspdrivers\lib\DM6437\Debug\</path>
         <kind>archive</kind>
         <file>audio_bios_drv.lib</file>
         <name>psp_audio.obj</name>
      </input_file>
      <input_file id="fl-c4">
         <path>C:\ti\bios_5_42_01_09\packages\ti\bios\lib\</path>
         <kind>archive</kind>
         <file>bios6424.a64P</file>
         <name>bcache_block.o64P</name>
      </input_file>
      <input_file id="fl-c5">
         <path>C:\ti\bios_5_42_01_09\packages\ti\bios\lib\</path>
         <kind>archive</kind>
         <file>bios6424.a64P</file>
         <name>bcache_wait.o64P</name>
      </input_file>
      <input_file id="fl-c6">
         <path>C:\CCStudio_v3.3\EVMDM6437\boards\evmdm6437_v2\lib\</path>
         <kind>archive</kind>
         <file>evmdm6437bsl.lib</file>
         <name>evmdm6437_i2c_gpio.obj</name>
      </input_file>
      <input_file id="fl-c7">
         <path>C:\CCStudio_v3.3\EVMDM6437\boards\evmdm6437_v2\lib\</path>
         <kind>archive</kind>
         <file>evmdm6437bsl.lib</file>
         <name>evmdm6437_gpio.obj</name>
      </input_file>
      <input_file id="fl-c8">
         <path>C:\CCStudio_v3.3\EVMDM6437\boards\evmdm6437_v2\lib\</path>
         <kind>archive</kind>
         <file>evmdm6437bsl.lib</file>
         <name>evmdm6437_i2c.obj</name>
      </input_file>
      <input_file id="fl-c9">
         <path>C:\ti\bios_5_42_01_09\packages\ti\bios\lib\</path>
         <kind>archive</kind>
         <file>bios.a64P</file>
         <name>exc_asm.o64P</name>
      </input_file>
      <input_file id="fl-ca">
         <path>C:\ti\bios_5_42_01_09\packages\ti\bios\lib\</path>
         <kind>archive</kind>
         <file>bios.a64P</file>
         <name>exc.o64P</name>
      </input_file>
      <input_file id="fl-cb">
         <path>C:\ti\bios_5_42_01_09\packages\ti\bios\lib\</path>
         <kind>archive</kind>
         <file>bios.a64P</file>
         <name>gbl_cacheinit64P.o64P</name>
      </input_file>
      <input_file id="fl-cc">
         <path>C:\ti\bios_5_42_01_09\packages\ti\bios\lib\</path>
         <kind>archive</kind>
         <file>bios.a64P</file>
         <name>gbl_vers.o64P</name>
      </input_file>
      <input_file id="fl-cd">
         <path>C:\ti\bios_5_42_01_09\packages\ti\bios\lib\</path>
         <kind>archive</kind>
         <file>bios.a64P</file>
         <name>gio_cntl.o64P</name>
      </input_file>
      <input_file id="fl-ce">
         <path>C:\ti\bios_5_42_01_09\packages\ti\bios\lib\</path>
         <kind>archive</kind>
         <file>bios.a64P</file>
         <name>gio_crea.o64P</name>
      </input_file>
      <input_file id="fl-cf">
         <path>C:\ti\bios_5_42_01_09\packages\ti\bios\lib\</path>
         <kind>archive</kind>
         <file>bios.a64P</file>
         <name>dev_matc.o64P</name>
      </input_file>
      <input_file id="fl-d0">
         <path>C:\ti\bios_5_42_01_09\packages\ti\bios\lib\</path>
         <kind>archive</kind>
         <file>bios.a64P</file>
         <name>gio.o64P</name>
      </input_file>
      <input_file id="fl-d1">
         <path>C:\ti\bios_5_42_01_09\packages\ti\bios\lib\</path>
         <kind>archive</kind>
         <file>bios.a64P</file>
         <name>gio_dele.o64P</name>
      </input_file>
      <input_file id="fl-d2">
         <path>C:\ti\bios_5_42_01_09\packages\ti\bios\lib\</path>
         <kind>archive</kind>
         <file>bios.a64P</file>
         <name>gio_sbmt.o64P</name>
      </input_file>
      <input_file id="fl-d3">
         <path>C:\ti\bios_5_42_01_09\packages\ti\rtdx\lib\c6000\</path>
         <kind>archive</kind>
         <file>rtdx64xplus.lib</file>
         <name>rtdx_mon.o64P</name>
      </input_file>
      <input_file id="fl-d4">
         <path>C:\ti\bios_5_42_01_09\packages\ti\bios\lib\</path>
         <kind>archive</kind>
         <file>bios.a64P</file>
         <name>hwi_c.o64P</name>
      </input_file>
      <input_file id="fl-d5">
         <path>C:\dvsdk_1_01_00_15\psp_1_00_02_00\pspdrivers\lib\DM6437\Debug\</path>
         <kind>archive</kind>
         <file>i2c_bios_drv.lib</file>
         <name>dda_i2cIom.obj</name>
      </input_file>
      <input_file id="fl-d6">
         <path>C:\ti\bios_5_42_01_09\packages\ti\bios\lib\</path>
         <kind>archive</kind>
         <file>bios.a64P</file>
         <name>knl.o64P</name>
      </input_file>
      <input_file id="fl-d7">
         <path>C:\ti\bios_5_42_01_09\packages\ti\bios\lib\</path>
         <kind>archive</kind>
         <file>bios.a64P</file>
         <name>knl_exit.o64P</name>
      </input_file>
      <input_file id="fl-d8">
         <path>C:\ti\bios_5_42_01_09\packages\ti\bios\lib\</path>
         <kind>archive</kind>
         <file>bios.a64P</file>
         <name>knl_chec.o64P</name>
      </input_file>
      <input_file id="fl-d9">
         <path>C:\ti\bios_5_42_01_09\packages\ti\bios\lib\</path>
         <kind>archive</kind>
         <file>bios.a64P</file>
         <name>knl_ipos.o64P</name>
      </input_file>
      <input_file id="fl-da">
         <path>C:\ti\bios_5_42_01_09\packages\ti\bios\lib\</path>
         <kind>archive</kind>
         <file>bios.a64P</file>
         <name>knl_post.o64P</name>
      </input_file>
      <input_file id="fl-db">
         <path>C:\ti\bios_5_42_01_09\packages\ti\bios\lib\</path>
         <kind>archive</kind>
         <file>bios.a64P</file>
         <name>knl_run.o64P</name>
      </input_file>
      <input_file id="fl-dc">
         <path>C:\dvsdk_1_01_00_15\psp_1_00_02_00\pspdrivers\lib\DM6437\Debug\</path>
         <kind>archive</kind>
         <file>mcasp_bios_drv.lib</file>
         <name>dda_mcasp_bios.obj</name>
      </input_file>
      <input_file id="fl-dd">
         <path>C:\ti\bios_5_42_01_09\packages\ti\bios\lib\</path>
         <kind>archive</kind>
         <file>bios.a64P</file>
         <name>c62_c.o64P</name>
      </input_file>
      <input_file id="fl-de">
         <path>C:\ti\bios_5_42_01_09\packages\ti\bios\lib\</path>
         <kind>archive</kind>
         <file>bios.a64P</file>
         <name>ecm_disableEvent.o64P</name>
      </input_file>
      <input_file id="fl-df">
         <path>C:\ti\bios_5_42_01_09\packages\ti\bios\lib\</path>
         <kind>archive</kind>
         <file>bios.a64P</file>
         <name>atm.o64P</name>
      </input_file>
      <input_file id="fl-e0">
         <path>C:\ti\bios_5_42_01_09\packages\ti\bios\lib\</path>
         <kind>archive</kind>
         <file>bios.a64P</file>
         <name>ecm_dispatchPlug.o64P</name>
      </input_file>
      <input_file id="fl-e1">
         <path>C:\ti\bios_5_42_01_09\packages\ti\bios\lib\</path>
         <kind>archive</kind>
         <file>bios.a64P</file>
         <name>ecm_enableEvent.o64P</name>
      </input_file>
      <input_file id="fl-e2">
         <path>C:\dvsdk_1_01_00_15\psp_1_00_02_00\pspdrivers\lib\DM6437\Debug\</path>
         <kind>archive</kind>
         <file>mcbsp_bios_drv.lib</file>
         <name>dda_mcbsp_bios.obj</name>
      </input_file>
      <input_file id="fl-e3">
         <path>C:\ti\bios_5_42_01_09\packages\ti\bios\lib\</path>
         <kind>archive</kind>
         <file>bios.a64P</file>
         <name>mem_asm.o64P</name>
      </input_file>
      <input_file id="fl-e4">
         <path>C:\ti\bios_5_42_01_09\packages\ti\bios\lib\</path>
         <kind>archive</kind>
         <file>bios.a64P</file>
         <name>mem_allo.o64P</name>
      </input_file>
      <input_file id="fl-e5">
         <path>C:\ti\bios_5_42_01_09\packages\ti\bios\lib\</path>
         <kind>archive</kind>
         <file>bios.a64P</file>
         <name>mem_free.o64P</name>
      </input_file>
      <input_file id="fl-e6">
         <path>C:\ti\bios_5_42_01_09\packages\ti\bios\lib\</path>
         <kind>archive</kind>
         <file>bios.a64P</file>
         <name>mem_init.o64P</name>
      </input_file>
      <input_file id="fl-e7">
         <path>C:\ti\bios_5_42_01_09\packages\ti\bios\lib\</path>
         <kind>archive</kind>
         <file>bios.a64P</file>
         <name>mem_vall.o64P</name>
      </input_file>
      <input_file id="fl-e8">
         <path>C:\ti\bios_5_42_01_09\packages\ti\bios\lib\</path>
         <kind>archive</kind>
         <file>bios.a64P</file>
         <name>obj_crea.o64P</name>
      </input_file>
      <input_file id="fl-e9">
         <path>C:\ti\bios_5_42_01_09\packages\ti\bios\lib\</path>
         <kind>archive</kind>
         <file>bios.a64P</file>
         <name>obj_dele.o64P</name>
      </input_file>
      <input_file id="fl-ea">
         <path>C:\ti\bios_5_42_01_09\packages\ti\bios\lib\</path>
         <kind>archive</kind>
         <file>bios.a64P</file>
         <name>obj_init.o64P</name>
      </input_file>
      <input_file id="fl-eb">
         <path>C:\dvsdk_1_01_00_15\psp_1_00_02_00\pspdrivers\lib\DM6437\Debug\</path>
         <kind>archive</kind>
         <file>palos_bios.lib</file>
         <name>pal_osmem.obj</name>
      </input_file>
      <input_file id="fl-ec">
         <path>C:\ti\bios_5_42_01_09\packages\ti\bios\lib\</path>
         <kind>archive</kind>
         <file>bios.a64P</file>
         <name>mem_defi.o64P</name>
      </input_file>
      <input_file id="fl-ed">
         <path>C:\ti\bios_5_42_01_09\packages\ti\bios\lib\</path>
         <kind>archive</kind>
         <file>bios.a64P</file>
         <name>mem_rede.o64P</name>
      </input_file>
      <input_file id="fl-ee">
         <path>C:\ti\bios_5_42_01_09\packages\ti\bios\lib\</path>
         <kind>archive</kind>
         <file>bios.a64P</file>
         <name>mem_unde.o64P</name>
      </input_file>
      <input_file id="fl-ef">
         <path>C:\dvsdk_1_01_00_15\psp_1_00_02_00\pspdrivers\lib\DM6437\Debug\</path>
         <kind>archive</kind>
         <file>palos_bios.lib</file>
         <name>pal_osprotect.obj</name>
      </input_file>
      <input_file id="fl-f0">
         <path>C:\dvsdk_1_01_00_15\psp_1_00_02_00\pspdrivers\lib\DM6437\Debug\</path>
         <kind>archive</kind>
         <file>video_bios_drv.lib</file>
         <name>tvp5146_extDecoder.obj</name>
      </input_file>
      <input_file id="fl-f1">
         <path>C:\dvsdk_1_01_00_15\psp_1_00_02_00\pspdrivers\lib\DM6437\Debug\</path>
         <kind>archive</kind>
         <file>palos_bios.lib</file>
         <name>pal_osWait.obj</name>
      </input_file>
      <input_file id="fl-f2">
         <path>C:\ti\bios_5_42_01_09\packages\ti\bios\lib\</path>
         <kind>archive</kind>
         <file>bios.a64P</file>
         <name>clk_countspms.o64P</name>
      </input_file>
      <input_file id="fl-f3">
         <path>C:\ti\bios_5_42_01_09\packages\ti\bios\lib\</path>
         <kind>archive</kind>
         <file>bios.a64P</file>
         <name>clk_getprd.o64P</name>
      </input_file>
      <input_file id="fl-f4">
         <path>C:\dvsdk_1_01_00_15\psp_1_00_02_00\pspdrivers\lib\DM6437\Debug\</path>
         <kind>archive</kind>
         <file>i2c_bios_drv.lib</file>
         <name>ddc_i2c.obj</name>
      </input_file>
      <input_file id="fl-f5">
         <path>C:\dvsdk_1_01_00_15\psp_1_00_02_00\pspdrivers\lib\DM6437\Debug\</path>
         <kind>archive</kind>
         <file>palos_bios.lib</file>
         <name>pal_ossem.obj</name>
      </input_file>
      <input_file id="fl-f6">
         <path>C:\dvsdk_1_01_00_15\psp_1_00_02_00\pspdrivers\lib\DM6437\Debug\</path>
         <kind>archive</kind>
         <file>mcasp_bios_drv.lib</file>
         <name>ddc_mcasp.obj</name>
      </input_file>
      <input_file id="fl-f7">
         <path>C:\dvsdk_1_01_00_15\psp_1_00_02_00\edma3\lib\Debug\</path>
         <kind>archive</kind>
         <file>edma3_drv_bios.lib</file>
         <name>edma3.obj</name>
      </input_file>
      <input_file id="fl-f8">
         <path>C:\dvsdk_1_01_00_15\psp_1_00_02_00\edma3\lib\Debug\</path>
         <kind>archive</kind>
         <file>edma3_rm_bios.lib</file>
         <name>edma3resmgr.obj</name>
      </input_file>
      <input_file id="fl-f9">
         <path>C:\dvsdk_1_01_00_15\psp_1_00_02_00\pspdrivers\lib\DM6437\Debug\</path>
         <kind>archive</kind>
         <file>mcasp_bios_drv.lib</file>
         <name>llc_mcasp.obj</name>
      </input_file>
      <input_file id="fl-fa">
         <path>C:\dvsdk_1_01_00_15\psp_1_00_02_00\pspdrivers\lib\DM6437\Debug\</path>
         <kind>archive</kind>
         <file>palos_bios.lib</file>
         <name>pal_oscache.obj</name>
      </input_file>
      <input_file id="fl-fb">
         <path>C:\ti\bios_5_42_01_09\packages\ti\bios\lib\</path>
         <kind>archive</kind>
         <file>bios.a64P</file>
         <name>log_printf.o64P</name>
      </input_file>
      <input_file id="fl-fc">
         <path>C:\dvsdk_1_01_00_15\psp_1_00_02_00\pspdrivers\lib\DM6437\Debug\</path>
         <kind>archive</kind>
         <file>palos_bios.lib</file>
         <name>pal_osInt.obj</name>
      </input_file>
      <input_file id="fl-fd">
         <path>C:\dvsdk_1_01_00_15\psp_1_00_02_00\pspdrivers\lib\DM6437\Debug\</path>
         <kind>archive</kind>
         <file>palos_bios.lib</file>
         <name>pal_osList.obj</name>
      </input_file>
      <input_file id="fl-fe">
         <path>C:\dvsdk_1_01_00_15\psp_1_00_02_00\pspdrivers\lib\DM6437\Debug\</path>
         <kind>archive</kind>
         <file>mcbsp_bios_drv.lib</file>
         <name>ddc_mcbsp.obj</name>
      </input_file>
      <input_file id="fl-ff">
         <path>C:\dvsdk_1_01_00_15\psp_1_00_02_00\pspdrivers\lib\DM6437\Debug\</path>
         <kind>archive</kind>
         <file>mcbsp_bios_drv.lib</file>
         <name>llc_mcbsp.obj</name>
      </input_file>
      <input_file id="fl-100">
         <path>C:\ti\bios_5_42_01_09\packages\ti\bios\lib\</path>
         <kind>archive</kind>
         <file>bios.a64P</file>
         <name>que_get.o64P</name>
      </input_file>
      <input_file id="fl-101">
         <path>C:\ti\bios_5_42_01_09\packages\ti\rtdx\lib\c6000\</path>
         <kind>archive</kind>
         <file>rtdx64xplus.lib</file>
         <name>buffer2.o64P</name>
      </input_file>
      <input_file id="fl-102">
         <path>C:\ti\bios_5_42_01_09\packages\ti\rtdx\lib\c6000\</path>
         <kind>archive</kind>
         <file>rtdx64xplus.lib</file>
         <name>buffer1.o64P</name>
      </input_file>
      <input_file id="fl-103">
         <path>C:\ti\bios_5_42_01_09\packages\ti\rtdx\lib\c6000\</path>
         <kind>archive</kind>
         <file>rtdx64xplus.lib</file>
         <name>intr_tgt.o64P</name>
      </input_file>
      <input_file id="fl-104">
         <path>C:\ti\bios_5_42_01_09\packages\ti\rtdx\lib\c6000\</path>
         <kind>archive</kind>
         <file>rtdx64xplus.lib</file>
         <name>memfill.o64P</name>
      </input_file>
      <input_file id="fl-105">
         <path>C:\ti\bios_5_42_01_09\packages\ti\bios\lib\</path>
         <kind>archive</kind>
         <file>bios.a64P</file>
         <name>sem_pend.o64P</name>
      </input_file>
      <input_file id="fl-106">
         <path>C:\ti\bios_5_42_01_09\packages\ti\bios\lib\</path>
         <kind>archive</kind>
         <file>bios.a64P</file>
         <name>sem_post.o64P</name>
      </input_file>
      <input_file id="fl-107">
         <path>C:\ti\bios_5_42_01_09\packages\ti\bios\lib\</path>
         <kind>archive</kind>
         <file>bios.a64P</file>
         <name>sts_set.o64P</name>
      </input_file>
      <input_file id="fl-108">
         <path>C:\ti\bios_5_42_01_09\packages\ti\bios\lib\</path>
         <kind>archive</kind>
         <file>bios.a64P</file>
         <name>sys_abor.o64P</name>
      </input_file>
      <input_file id="fl-109">
         <path>C:\ti\bios_5_42_01_09\packages\ti\bios\lib\</path>
         <kind>archive</kind>
         <file>bios.a64P</file>
         <name>sys_erro.o64P</name>
      </input_file>
      <input_file id="fl-10a">
         <path>C:\ti\bios_5_42_01_09\packages\ti\bios\lib\</path>
         <kind>archive</kind>
         <file>bios.a64P</file>
         <name>sys_prin.o64P</name>
      </input_file>
      <input_file id="fl-10b">
         <path>C:\ti\bios_5_42_01_09\packages\ti\bios\lib\</path>
         <kind>archive</kind>
         <file>bios.a64P</file>
         <name>tsk.o64P</name>
      </input_file>
      <input_file id="fl-10c">
         <path>C:\ti\bios_5_42_01_09\packages\ti\bios\lib\</path>
         <kind>archive</kind>
         <file>bios.a64P</file>
         <name>tsk_disa.o64P</name>
      </input_file>
      <input_file id="fl-10d">
         <path>C:\ti\bios_5_42_01_09\packages\ti\bios\lib\</path>
         <kind>archive</kind>
         <file>bios.a64P</file>
         <name>tsk_exit.o64P</name>
      </input_file>
      <input_file id="fl-10e">
         <path>C:\ti\bios_5_42_01_09\packages\ti\bios\lib\</path>
         <kind>archive</kind>
         <file>bios.a64P</file>
         <name>sys_exit.o64P</name>
      </input_file>
      <input_file id="fl-10f">
         <path>C:\ti\bios_5_42_01_09\packages\ti\bios\lib\</path>
         <kind>archive</kind>
         <file>bios.a64P</file>
         <name>sys.o64P</name>
      </input_file>
      <input_file id="fl-110">
         <path>C:\ti\bios_5_42_01_09\packages\ti\bios\lib\</path>
         <kind>archive</kind>
         <file>bios.a64P</file>
         <name>tsk_init.o64P</name>
      </input_file>
      <input_file id="fl-111">
         <path>C:\ti\bios_5_42_01_09\packages\ti\bios\lib\</path>
         <kind>archive</kind>
         <file>bios.a64P</file>
         <name>tsk_setu.o64P</name>
      </input_file>
      <input_file id="fl-112">
         <path>C:\ti\bios_5_42_01_09\packages\ti\bios\lib\</path>
         <kind>archive</kind>
         <file>bios.a64P</file>
         <name>tsk_stup.o64P</name>
      </input_file>
      <input_file id="fl-113">
         <path>C:\ti\bios_5_42_01_09\packages\ti\bios\lib\</path>
         <kind>archive</kind>
         <file>bios.a64P</file>
         <name>lck.o64P</name>
      </input_file>
      <input_file id="fl-114">
         <path>C:\dvsdk_1_01_00_15\psp_1_00_02_00\pspdrivers\lib\DM6437\Debug\</path>
         <kind>archive</kind>
         <file>vpbe_bios_drv.lib</file>
         <name>dda_vpbeIom.obj</name>
      </input_file>
      <input_file id="fl-115">
         <path>C:\ti\bios_5_42_01_09\packages\ti\bios\lib\</path>
         <kind>archive</kind>
         <file>bios.a64P</file>
         <name>clk_getltime.o64P</name>
      </input_file>
      <input_file id="fl-116">
         <path>C:\dvsdk_1_01_00_15\psp_1_00_02_00\pspdrivers\lib\DM6437\Debug\</path>
         <kind>archive</kind>
         <file>vpbe_bios_drv.lib</file>
         <name>ddc_vpbe.obj</name>
      </input_file>
      <input_file id="fl-117">
         <path>C:\dvsdk_1_01_00_15\psp_1_00_02_00\pspdrivers\lib\DM6437\Debug\</path>
         <kind>archive</kind>
         <file>vpbe_bios_drv.lib</file>
         <name>ddc_vpbeOsd.obj</name>
      </input_file>
      <input_file id="fl-118">
         <path>C:\dvsdk_1_01_00_15\psp_1_00_02_00\pspdrivers\lib\DM6437\Debug\</path>
         <kind>archive</kind>
         <file>vpbe_bios_drv.lib</file>
         <name>ddc_vpbeCursor.obj</name>
      </input_file>
      <input_file id="fl-119">
         <path>C:\dvsdk_1_01_00_15\psp_1_00_02_00\pspdrivers\lib\DM6437\Debug\</path>
         <kind>archive</kind>
         <file>vpbe_bios_drv.lib</file>
         <name>ddc_vpbeVenc.obj</name>
      </input_file>
      <input_file id="fl-11a">
         <path>C:\dvsdk_1_01_00_15\psp_1_00_02_00\pspdrivers\lib\DM6437\Debug\</path>
         <kind>archive</kind>
         <file>vpbe_bios_drv.lib</file>
         <name>llc_vpbeOsd.obj</name>
      </input_file>
      <input_file id="fl-11b">
         <path>C:\dvsdk_1_01_00_15\psp_1_00_02_00\pspdrivers\lib\DM6437\Debug\</path>
         <kind>archive</kind>
         <file>vpbe_bios_drv.lib</file>
         <name>llc_vpbeVenc.obj</name>
      </input_file>
      <input_file id="fl-11c">
         <path>C:\dvsdk_1_01_00_15\psp_1_00_02_00\pspdrivers\lib\DM6437\Debug\</path>
         <kind>archive</kind>
         <file>vpbe_bios_drv.lib</file>
         <name>llc_vpbeCursor.obj</name>
      </input_file>
      <input_file id="fl-11d">
         <path>C:\dvsdk_1_01_00_15\psp_1_00_02_00\pspdrivers\lib\DM6437\Debug\</path>
         <kind>archive</kind>
         <file>vpbe_bios_drv.lib</file>
         <name>dda_vpbe.obj</name>
      </input_file>
      <input_file id="fl-11e">
         <path>C:\dvsdk_1_01_00_15\psp_1_00_02_00\pspdrivers\lib\DM6437\Debug\</path>
         <kind>archive</kind>
         <file>vpfe_bios_drv.lib</file>
         <name>dda_vpfeIom.obj</name>
      </input_file>
      <input_file id="fl-11f">
         <path>C:\dvsdk_1_01_00_15\psp_1_00_02_00\pspdrivers\lib\DM6437\Debug\</path>
         <kind>archive</kind>
         <file>vpfe_bios_drv.lib</file>
         <name>ddc_vpfe.obj</name>
      </input_file>
      <input_file id="fl-120">
         <path>C:\dvsdk_1_01_00_15\psp_1_00_02_00\pspdrivers\lib\DM6437\Debug\</path>
         <kind>archive</kind>
         <file>vpfe_bios_drv.lib</file>
         <name>ddc_vpfeCcdc.obj</name>
      </input_file>
      <input_file id="fl-121">
         <path>C:\dvsdk_1_01_00_15\psp_1_00_02_00\pspdrivers\lib\DM6437\Debug\</path>
         <kind>archive</kind>
         <file>vpfe_bios_drv.lib</file>
         <name>llc_vpfeCcdc.obj</name>
      </input_file>
      <input_file id="fl-122">
         <path>C:\dvsdk_1_01_00_15\psp_1_00_02_00\pspdrivers\lib\DM6437\Debug\</path>
         <kind>archive</kind>
         <file>vpfe_bios_drv.lib</file>
         <name>dda_vpfe.obj</name>
      </input_file>
      <input_file id="fl-123">
         <path>C:\dvsdk_1_01_00_15\psp_1_00_02_00\pspdrivers\lib\DM6437\Debug\</path>
         <kind>archive</kind>
         <file>prev_bios_drv.lib</file>
         <name>dda_previewer.obj</name>
      </input_file>
      <input_file id="fl-124">
         <path>C:\dvsdk_1_01_00_15\psp_1_00_02_00\pspdrivers\lib\DM6437\Debug\</path>
         <kind>archive</kind>
         <file>prev_bios_drv.lib</file>
         <name>ddc_previewer.obj</name>
      </input_file>
      <input_file id="fl-125">
         <path>C:\dvsdk_1_01_00_15\psp_1_00_02_00\pspdrivers\lib\DM6437\Debug\</path>
         <kind>archive</kind>
         <file>prev_bios_drv.lib</file>
         <name>llc_previewer.obj</name>
      </input_file>
      <input_file id="fl-126">
         <path>C:\dvsdk_1_01_00_15\psp_1_00_02_00\pspdrivers\lib\DM6437\Debug\</path>
         <kind>archive</kind>
         <file>vpbe_bios_drv.lib</file>
         <name>dda_vpbeBios.obj</name>
      </input_file>
      <input_file id="fl-127">
         <path>C:\dvsdk_1_01_00_15\psp_1_00_02_00\pspdrivers\lib\DM6437\Debug\</path>
         <kind>archive</kind>
         <file>vpfe_bios_drv.lib</file>
         <name>dda_vpfeBios.obj</name>
      </input_file>
      <input_file id="fl-128">
         <path>C:\dvsdk_1_01_00_15\psp_1_00_02_00\pspdrivers\lib\DM6437\Debug\</path>
         <kind>archive</kind>
         <file>i2c_bios_drv.lib</file>
         <name>dda_i2cBios.obj</name>
      </input_file>
      <input_file id="fl-129">
         <path>C:\ti\bios_5_42_01_09\packages\ti\bios\lib\</path>
         <kind>archive</kind>
         <file>bios.a64P</file>
         <name>gio_cbck.o64P</name>
      </input_file>
      <input_file id="fl-12a">
         <path>C:\ti\bios_5_42_01_09\packages\ti\bios\lib\</path>
         <kind>archive</kind>
         <file>bios.a64P</file>
         <name>sem_dopo.o64P</name>
      </input_file>
      <input_file id="fl-12b">
         <path>C:\ti\bios_5_42_01_09\packages\ti\bios\lib\</path>
         <kind>archive</kind>
         <file>bios.a64P</file>
         <name>autoinit.o64P</name>
      </input_file>
      <input_file id="fl-12c">
         <path>C:\CCStudio_v3.3\EVMDM6437\boards\evmdm6437_v2\lib\</path>
         <kind>archive</kind>
         <file>evmdm6437bsl.lib</file>
         <name>evmdm6437.obj</name>
      </input_file>
      <input_file id="fl-12d">
         <path>C:\CCStudio_v3.3\EVMDM6437\boards\evmdm6437_v2\lib\</path>
         <kind>archive</kind>
         <file>evmdm6437bsl.lib</file>
         <name>evmdm6437_ddr.obj</name>
      </input_file>
      <input_file id="fl-12e">
         <path>C:\CCStudio_v3.3\EVMDM6437\boards\evmdm6437_v2\lib\</path>
         <kind>archive</kind>
         <file>evmdm6437bsl.lib</file>
         <name>evmdm6437_flash.obj</name>
      </input_file>
      <input_file id="fl-12f">
         <path>C:\CCStudio_v3.3\EVMDM6437\boards\evmdm6437_v2\lib\</path>
         <kind>archive</kind>
         <file>evmdm6437bsl.lib</file>
         <name>evmdm6437_flash_id.obj</name>
      </input_file>
      <input_file id="fl-130">
         <path>C:\CCStudio_v3.3\EVMDM6437\boards\evmdm6437_v2\lib\</path>
         <kind>archive</kind>
         <file>evmdm6437bsl.lib</file>
         <name>evmdm6437_psc.obj</name>
      </input_file>
      <input_file id="fl-131">
         <path>C:\CCStudio_v3.3\EVMDM6437\boards\evmdm6437_v2\lib\</path>
         <kind>archive</kind>
         <file>evmdm6437bsl.lib</file>
         <name>evmdm6437_pll.obj</name>
      </input_file>
      <input_file id="fl-132">
         <path>C:\ti\ccsv5\tools\compiler\c6000_7.4.4\lib\</path>
         <kind>archive</kind>
         <file>rts64plus.lib</file>
         <name>cvtfd.obj</name>
      </input_file>
      <input_file id="fl-133">
         <path>C:\ti\ccsv5\tools\compiler\c6000_7.4.4\lib\</path>
         <kind>archive</kind>
         <file>rts64plus.lib</file>
         <name>divf.obj</name>
      </input_file>
      <input_file id="fl-134">
         <path>C:\ti\ccsv5\tools\compiler\c6000_7.4.4\lib\</path>
         <kind>archive</kind>
         <file>rts64plus.lib</file>
         <name>divi.obj</name>
      </input_file>
      <input_file id="fl-135">
         <path>C:\ti\ccsv5\tools\compiler\c6000_7.4.4\lib\</path>
         <kind>archive</kind>
         <file>rts64plus.lib</file>
         <name>divu.obj</name>
      </input_file>
      <input_file id="fl-136">
         <path>C:\ti\ccsv5\tools\compiler\c6000_7.4.4\lib\</path>
         <kind>archive</kind>
         <file>rts64plus.lib</file>
         <name>fixdu.obj</name>
      </input_file>
      <input_file id="fl-137">
         <path>C:\ti\ccsv5\tools\compiler\c6000_7.4.4\lib\</path>
         <kind>archive</kind>
         <file>rts64plus.lib</file>
         <name>fltuf.obj</name>
      </input_file>
      <input_file id="fl-138">
         <path>C:\ti\ccsv5\tools\compiler\c6000_7.4.4\lib\</path>
         <kind>archive</kind>
         <file>rts64plus.lib</file>
         <name>frcmpyf_div.obj</name>
      </input_file>
      <input_file id="fl-139">
         <path>C:\ti\ccsv5\tools\compiler\c6000_7.4.4\lib\</path>
         <kind>archive</kind>
         <file>rts64plus.lib</file>
         <name>defs.obj</name>
      </input_file>
      <input_file id="fl-13a">
         <path>C:\ti\ccsv5\tools\compiler\c6000_7.4.4\lib\</path>
         <kind>archive</kind>
         <file>rts64plus.lib</file>
         <name>_lock.obj</name>
      </input_file>
      <input_file id="fl-13b">
         <path>C:\ti\ccsv5\tools\compiler\c6000_7.4.4\lib\</path>
         <kind>archive</kind>
         <file>rts64plus.lib</file>
         <name>remi.obj</name>
      </input_file>
      <input_file id="fl-13c">
         <path>C:\ti\ccsv5\tools\compiler\c6000_7.4.4\lib\</path>
         <kind>archive</kind>
         <file>rts64plus.lib</file>
         <name>remu.obj</name>
      </input_file>
      <input_file id="fl-13d">
         <path>C:\ti\ccsv5\tools\compiler\c6000_7.4.4\lib\</path>
         <kind>archive</kind>
         <file>rts64plus.lib</file>
         <name>strasg.obj</name>
      </input_file>
      <input_file id="fl-13e">
         <path>C:\dvsdk_1_01_00_15\psp_1_00_02_00\pspdrivers\lib\DM6437\Debug\</path>
         <kind>archive</kind>
         <file>audio_bios_drv.lib</file>
         <name>psp_aic33Codec.obj</name>
      </input_file>
      <input_file id="fl-13f">
         <path>C:\ti\ccsv5\tools\compiler\c6000_7.4.4\lib\</path>
         <kind>archive</kind>
         <file>rts64plus.lib</file>
         <name>atexit.obj</name>
      </input_file>
      <input_file id="fl-140">
         <path>C:\ti\ccsv5\tools\compiler\c6000_7.4.4\lib\</path>
         <kind>archive</kind>
         <file>rts64plus.lib</file>
         <name>sinit.obj</name>
      </input_file>
      <input_file id="fl-141">
         <path>C:\ti\ccsv5\tools\compiler\c6000_7.4.4\lib\</path>
         <kind>archive</kind>
         <file>rts64plus.lib</file>
         <name>exit.obj</name>
      </input_file>
      <input_file id="fl-142">
         <path>C:\ti\ccsv5\tools\compiler\c6000_7.4.4\lib\</path>
         <kind>archive</kind>
         <file>rts64plus.lib</file>
         <name>ceil.obj</name>
      </input_file>
      <input_file id="fl-143">
         <path>C:\ti\ccsv5\tools\compiler\c6000_7.4.4\lib\</path>
         <kind>archive</kind>
         <file>rts64plus.lib</file>
         <name>addd.obj</name>
      </input_file>
      <input_file id="fl-144">
         <path>C:\ti\ccsv5\tools\compiler\c6000_7.4.4\lib\</path>
         <kind>archive</kind>
         <file>rts64plus.lib</file>
         <name>cmpd.obj</name>
      </input_file>
      <input_file id="fl-145">
         <path>C:\ti\ccsv5\tools\compiler\c6000_7.4.4\lib\</path>
         <kind>archive</kind>
         <file>rts64plus.lib</file>
         <name>frcaddd.obj</name>
      </input_file>
      <input_file id="fl-146">
         <path>C:\ti\ccsv5\tools\compiler\c6000_7.4.4\lib\</path>
         <kind>archive</kind>
         <file>rts64plus.lib</file>
         <name>renormd.obj</name>
      </input_file>
      <input_file id="fl-147">
         <path>C:\dvsdk_1_01_00_15\psp_1_00_02_00\edma3\lib\Debug\</path>
         <kind>archive</kind>
         <file>edma3_drv_bios.lib</file>
         <name>edma3cfg.obj</name>
      </input_file>
      <input_file id="fl-148">
         <path>C:\dvsdk_1_01_00_15\psp_1_00_02_00\edma3\lib\Debug\</path>
         <kind>archive</kind>
         <file>edma3_drv_sample.lib</file>
         <name>bios_edma3_sample_cs.obj</name>
      </input_file>
      <input_file id="fl-149">
         <path>C:\dvsdk_1_01_00_15\psp_1_00_02_00\edma3\lib\Debug\</path>
         <kind>archive</kind>
         <file>edma3_drv_sample.lib</file>
         <name>bios_edma3_sample_cfg.obj</name>
      </input_file>
      <input_file id="fl-14a">
         <path>C:\ti\ccsv5\tools\compiler\c6000_7.4.4\lib\</path>
         <kind>archive</kind>
         <file>rts64plus.lib</file>
         <name>fflush.obj</name>
      </input_file>
      <input_file id="fl-14b">
         <path>C:\dvsdk_1_01_00_15\psp_1_00_02_00\edma3\lib\Debug\</path>
         <kind>archive</kind>
         <file>edma3_drv_sample.lib</file>
         <name>bios_edma3_sample_init.obj</name>
      </input_file>
      <input_file id="fl-14c">
         <path>C:\dvsdk_1_01_00_15\psp_1_00_02_00\pspdrivers\lib\DM6437\Debug\</path>
         <kind>archive</kind>
         <file>video_bios_drv.lib</file>
         <name>psp_i2c_interface.obj</name>
      </input_file>
      <input_file id="fl-14d">
         <path>C:\ti\ccsv5\tools\compiler\c6000_7.4.4\lib\</path>
         <kind>archive</kind>
         <file>rts64plus.lib</file>
         <name>memcpy64.obj</name>
      </input_file>
      <input_file id="fl-14e">
         <path>C:\ti\ccsv5\tools\compiler\c6000_7.4.4\lib\</path>
         <kind>archive</kind>
         <file>rts64plus.lib</file>
         <name>memset.obj</name>
      </input_file>
      <input_file id="fl-14f">
         <path>C:\ti\ccsv5\tools\compiler\c6000_7.4.4\lib\</path>
         <kind>archive</kind>
         <file>rts64plus.lib</file>
         <name>modf.obj</name>
      </input_file>
      <input_file id="fl-150">
         <path>C:\ti\ccsv5\tools\compiler\c6000_7.4.4\lib\</path>
         <kind>archive</kind>
         <file>rts64plus.lib</file>
         <name>subd.obj</name>
      </input_file>
      <input_file id="fl-151">
         <path>C:\ti\ccsv5\tools\compiler\c6000_7.4.4\lib\</path>
         <kind>archive</kind>
         <file>rts64plus.lib</file>
         <name>printf.obj</name>
      </input_file>
      <input_file id="fl-152">
         <path>C:\ti\ccsv5\tools\compiler\c6000_7.4.4\lib\</path>
         <kind>archive</kind>
         <file>rts64plus.lib</file>
         <name>_printfi.obj</name>
      </input_file>
      <input_file id="fl-153">
         <path>C:\ti\ccsv5\tools\compiler\c6000_7.4.4\lib\</path>
         <kind>archive</kind>
         <file>rts64plus.lib</file>
         <name>isinf.obj</name>
      </input_file>
      <input_file id="fl-154">
         <path>C:\ti\ccsv5\tools\compiler\c6000_7.4.4\lib\</path>
         <kind>archive</kind>
         <file>rts64plus.lib</file>
         <name>divd.obj</name>
      </input_file>
      <input_file id="fl-155">
         <path>C:\ti\ccsv5\tools\compiler\c6000_7.4.4\lib\</path>
         <kind>archive</kind>
         <file>rts64plus.lib</file>
         <name>imath40.obj</name>
      </input_file>
      <input_file id="fl-156">
         <path>C:\ti\ccsv5\tools\compiler\c6000_7.4.4\lib\</path>
         <kind>archive</kind>
         <file>rts64plus.lib</file>
         <name>imath64.obj</name>
      </input_file>
      <input_file id="fl-157">
         <path>C:\ti\ccsv5\tools\compiler\c6000_7.4.4\lib\</path>
         <kind>archive</kind>
         <file>rts64plus.lib</file>
         <name>fixdi.obj</name>
      </input_file>
      <input_file id="fl-158">
         <path>C:\ti\ccsv5\tools\compiler\c6000_7.4.4\lib\</path>
         <kind>archive</kind>
         <file>rts64plus.lib</file>
         <name>fixdli.obj</name>
      </input_file>
      <input_file id="fl-159">
         <path>C:\ti\ccsv5\tools\compiler\c6000_7.4.4\lib\</path>
         <kind>archive</kind>
         <file>rts64plus.lib</file>
         <name>fltlid.obj</name>
      </input_file>
      <input_file id="fl-15a">
         <path>C:\ti\ccsv5\tools\compiler\c6000_7.4.4\lib\</path>
         <kind>archive</kind>
         <file>rts64plus.lib</file>
         <name>frcmpyd_div.obj</name>
      </input_file>
      <input_file id="fl-15b">
         <path>C:\ti\ccsv5\tools\compiler\c6000_7.4.4\lib\</path>
         <kind>archive</kind>
         <file>rts64plus.lib</file>
         <name>llshift.obj</name>
      </input_file>
      <input_file id="fl-15c">
         <path>C:\ti\ccsv5\tools\compiler\c6000_7.4.4\lib\</path>
         <kind>archive</kind>
         <file>rts64plus.lib</file>
         <name>mpyd.obj</name>
      </input_file>
      <input_file id="fl-15d">
         <path>C:\ti\ccsv5\tools\compiler\c6000_7.4.4\lib\</path>
         <kind>archive</kind>
         <file>rts64plus.lib</file>
         <name>frcmpyd.obj</name>
      </input_file>
      <input_file id="fl-15e">
         <path>C:\ti\ccsv5\tools\compiler\c6000_7.4.4\lib\</path>
         <kind>archive</kind>
         <file>rts64plus.lib</file>
         <name>negd.obj</name>
      </input_file>
      <input_file id="fl-15f">
         <path>C:\ti\ccsv5\tools\compiler\c6000_7.4.4\lib\</path>
         <kind>archive</kind>
         <file>rts64plus.lib</file>
         <name>negll.obj</name>
      </input_file>
      <input_file id="fl-160">
         <path>C:\ti\ccsv5\tools\compiler\c6000_7.4.4\lib\</path>
         <kind>archive</kind>
         <file>rts64plus.lib</file>
         <name>atoi.obj</name>
      </input_file>
      <input_file id="fl-161">
         <path>C:\ti\ccsv5\tools\compiler\c6000_7.4.4\lib\</path>
         <kind>archive</kind>
         <file>rts64plus.lib</file>
         <name>ctype.obj</name>
      </input_file>
      <input_file id="fl-162">
         <path>C:\ti\ccsv5\tools\compiler\c6000_7.4.4\lib\</path>
         <kind>archive</kind>
         <file>rts64plus.lib</file>
         <name>fputc.obj</name>
      </input_file>
      <input_file id="fl-163">
         <path>C:\ti\ccsv5\tools\compiler\c6000_7.4.4\lib\</path>
         <kind>archive</kind>
         <file>rts64plus.lib</file>
         <name>_io_perm.obj</name>
      </input_file>
      <input_file id="fl-164">
         <path>C:\ti\ccsv5\tools\compiler\c6000_7.4.4\lib\</path>
         <kind>archive</kind>
         <file>rts64plus.lib</file>
         <name>fputs.obj</name>
      </input_file>
      <input_file id="fl-165">
         <path>C:\ti\ccsv5\tools\compiler\c6000_7.4.4\lib\</path>
         <kind>archive</kind>
         <file>rts64plus.lib</file>
         <name>fseek.obj</name>
      </input_file>
      <input_file id="fl-166">
         <path>C:\ti\ccsv5\tools\compiler\c6000_7.4.4\lib\</path>
         <kind>archive</kind>
         <file>rts64plus.lib</file>
         <name>abs.obj</name>
      </input_file>
      <input_file id="fl-167">
         <path>C:\ti\ccsv5\tools\compiler\c6000_7.4.4\lib\</path>
         <kind>archive</kind>
         <file>rts64plus.lib</file>
         <name>lowlev.obj</name>
      </input_file>
      <input_file id="fl-168">
         <path>C:\ti\ccsv5\tools\compiler\c6000_7.4.4\lib\</path>
         <kind>archive</kind>
         <file>rts64plus.lib</file>
         <name>trgdrv.obj</name>
      </input_file>
      <input_file id="fl-169">
         <path>C:\ti\ccsv5\tools\compiler\c6000_7.4.4\lib\</path>
         <kind>archive</kind>
         <file>rts64plus.lib</file>
         <name>ltoa.obj</name>
      </input_file>
      <input_file id="fl-16a">
         <path>C:\ti\ccsv5\tools\compiler\c6000_7.4.4\lib\</path>
         <kind>archive</kind>
         <file>rts64plus.lib</file>
         <name>memccpy.obj</name>
      </input_file>
      <input_file id="fl-16b">
         <path>C:\ti\ccsv5\tools\compiler\c6000_7.4.4\lib\</path>
         <kind>archive</kind>
         <file>rts64plus.lib</file>
         <name>trgmsg.obj</name>
      </input_file>
      <input_file id="fl-16c">
         <path>C:\ti\ccsv5\tools\compiler\c6000_7.4.4\lib\</path>
         <kind>archive</kind>
         <file>rts64plus.lib</file>
         <name>setvbuf.obj</name>
      </input_file>
      <input_file id="fl-16d">
         <path>C:\ti\ccsv5\tools\compiler\c6000_7.4.4\lib\</path>
         <kind>archive</kind>
         <file>rts64plus.lib</file>
         <name>fopen.obj</name>
      </input_file>
      <input_file id="fl-16e">
         <path>C:\ti\ccsv5\tools\compiler\c6000_7.4.4\lib\</path>
         <kind>archive</kind>
         <file>rts64plus.lib</file>
         <name>fclose.obj</name>
      </input_file>
      <input_file id="fl-16f">
         <path>C:\ti\bios_5_42_01_09\packages\ti\bios\lib\</path>
         <kind>archive</kind>
         <file>bios.a64P</file>
         <name>malloc.o64P</name>
      </input_file>
      <input_file id="fl-170">
         <path>C:\ti\ccsv5\tools\compiler\c6000_7.4.4\lib\</path>
         <kind>archive</kind>
         <file>rts64plus.lib</file>
         <name>remove.obj</name>
      </input_file>
      <input_file id="fl-171">
         <path>C:\ti\ccsv5\tools\compiler\c6000_7.4.4\lib\</path>
         <kind>archive</kind>
         <file>rts64plus.lib</file>
         <name>strcpy.obj</name>
      </input_file>
   </input_file_list>
   <object_component_list>
      <object_component id="oc-85">
         <name>.vers</name>
         <load_address>0x0</load_address>
         <run_address>0x0</run_address>
         <size>0x38</size>
         <input_file_ref idref="fl-e"/>
      </object_component>
      <object_component id="oc-72">
         <name>.clk</name>
         <uninitialized>true</uninitialized>
         <run_address>0x8431ba38</run_address>
         <size>0x8</size>
         <input_file_ref idref="fl-e"/>
      </object_component>
      <object_component id="oc-78">
         <name>.swi</name>
         <uninitialized>true</uninitialized>
         <run_address>0x8431f794</run_address>
         <size>0x2c</size>
         <input_file_ref idref="fl-e"/>
      </object_component>
      <object_component id="oc-7b">
         <name>.tsk</name>
         <uninitialized>true</uninitialized>
         <run_address>0x8431f4e8</run_address>
         <size>0xc0</size>
         <input_file_ref idref="fl-e"/>
      </object_component>
      <object_component id="oc-7f">
         <name>.idl</name>
         <uninitialized>true</uninitialized>
         <run_address>0x8431f7d0</run_address>
         <size>0x10</size>
         <input_file_ref idref="fl-e"/>
      </object_component>
      <object_component id="oc-7e">
         <name>.idlcal</name>
         <uninitialized>true</uninitialized>
         <run_address>0x8431f7e0</run_address>
         <size>0x10</size>
         <input_file_ref idref="fl-e"/>
      </object_component>
      <object_component id="oc-4e">
         <name>.bss</name>
         <uninitialized>true</uninitialized>
         <run_address>0x8431d660</run_address>
         <size>0x444</size>
         <input_file_ref idref="fl-e"/>
      </object_component>
      <object_component id="oc-5f">
         <name>.bss</name>
         <uninitialized>true</uninitialized>
         <run_address>0x8431df14</run_address>
         <size>0x4</size>
         <input_file_ref idref="fl-c"/>
      </object_component>
      <object_component id="oc-89">
         <name>.bss</name>
         <uninitialized>true</uninitialized>
         <run_address>0x8431dd54</run_address>
         <size>0x44</size>
         <input_file_ref idref="fl-f"/>
      </object_component>
      <object_component id="oc-a1">
         <name>.bss</name>
         <uninitialized>true</uninitialized>
         <run_address>0x8431dba4</run_address>
         <size>0xcc</size>
         <input_file_ref idref="fl-9b"/>
      </object_component>
      <object_component id="oc-a3">
         <name>.bss</name>
         <uninitialized>true</uninitialized>
         <run_address>0x8431daa4</run_address>
         <size>0x100</size>
         <input_file_ref idref="fl-9c"/>
      </object_component>
      <object_component id="oc-aa">
         <name>.bss</name>
         <uninitialized>true</uninitialized>
         <run_address>0x8431de0c</run_address>
         <size>0x18</size>
         <input_file_ref idref="fl-9e"/>
      </object_component>
      <object_component id="oc-b0">
         <name>.bss</name>
         <uninitialized>true</uninitialized>
         <run_address>0x8431dc70</run_address>
         <size>0x9c</size>
         <input_file_ref idref="fl-9f"/>
      </object_component>
      <object_component id="oc-f1">
         <name>.bss</name>
         <uninitialized>true</uninitialized>
         <run_address>0x8431ddf4</run_address>
         <size>0x18</size>
         <input_file_ref idref="fl-b0"/>
      </object_component>
      <object_component id="oc-f3">
         <name>.bss</name>
         <uninitialized>true</uninitialized>
         <run_address>0x8431def4</run_address>
         <size>0x4</size>
         <input_file_ref idref="fl-b1"/>
      </object_component>
      <object_component id="oc-11f">
         <name>.bss</name>
         <uninitialized>true</uninitialized>
         <run_address>0x8431dec4</run_address>
         <size>0x8</size>
         <input_file_ref idref="fl-bb"/>
      </object_component>
      <object_component id="oc-126">
         <name>.bss</name>
         <uninitialized>true</uninitialized>
         <run_address>0x8431deec</run_address>
         <size>0x4</size>
         <input_file_ref idref="fl-bd"/>
      </object_component>
      <object_component id="oc-130">
         <name>.bss</name>
         <uninitialized>true</uninitialized>
         <run_address>0x8431def0</run_address>
         <size>0x4</size>
         <input_file_ref idref="fl-c0"/>
      </object_component>
      <object_component id="oc-143">
         <name>.bss</name>
         <uninitialized>true</uninitialized>
         <run_address>0x8431dd98</run_address>
         <size>0x20</size>
         <input_file_ref idref="fl-c3"/>
      </object_component>
      <object_component id="oc-162">
         <name>.bss</name>
         <uninitialized>true</uninitialized>
         <run_address>0x8431df04</run_address>
         <size>0x4</size>
         <input_file_ref idref="fl-c8"/>
      </object_component>
      <object_component id="oc-168">
         <name>.bss</name>
         <uninitialized>true</uninitialized>
         <run_address>0x8431ddb8</run_address>
         <size>0x20</size>
         <input_file_ref idref="fl-c9"/>
      </object_component>
      <object_component id="oc-16e">
         <name>.bss</name>
         <uninitialized>true</uninitialized>
         <run_address>0x8431de24</run_address>
         <size>0x10</size>
         <input_file_ref idref="fl-ca"/>
      </object_component>
      <object_component id="oc-199">
         <name>.bss</name>
         <uninitialized>true</uninitialized>
         <run_address>0x8431de74</run_address>
         <size>0x10</size>
         <input_file_ref idref="fl-d3"/>
      </object_component>
      <object_component id="oc-1ac">
         <name>.bss</name>
         <uninitialized>true</uninitialized>
         <run_address>0x8431dd0c</run_address>
         <size>0x48</size>
         <input_file_ref idref="fl-d6"/>
      </object_component>
      <object_component id="oc-1c6">
         <name>.bss</name>
         <uninitialized>true</uninitialized>
         <run_address>0x8431df0c</run_address>
         <size>0x4</size>
         <input_file_ref idref="fl-dc"/>
      </object_component>
      <object_component id="oc-1e3">
         <name>.bss</name>
         <uninitialized>true</uninitialized>
         <run_address>0x8431df10</run_address>
         <size>0x4</size>
         <input_file_ref idref="fl-e2"/>
      </object_component>
      <object_component id="oc-1eb">
         <name>.bss</name>
         <uninitialized>true</uninitialized>
         <run_address>0x8431def8</run_address>
         <size>0x4</size>
         <input_file_ref idref="fl-e3"/>
      </object_component>
      <object_component id="oc-211">
         <name>.bss</name>
         <uninitialized>true</uninitialized>
         <run_address>0x8431defc</run_address>
         <size>0x4</size>
         <input_file_ref idref="fl-ec"/>
      </object_component>
      <object_component id="oc-24f">
         <name>.bss</name>
         <uninitialized>true</uninitialized>
         <run_address>0x8431ddd8</run_address>
         <size>0x1a</size>
         <input_file_ref idref="fl-f7"/>
      </object_component>
      <object_component id="oc-257">
         <name>.bss</name>
         <uninitialized>true</uninitialized>
         <run_address>0x8431de84</run_address>
         <size>0xe</size>
         <input_file_ref idref="fl-f8"/>
      </object_component>
      <object_component id="oc-280">
         <name>.bss</name>
         <uninitialized>true</uninitialized>
         <run_address>0x8431de54</run_address>
         <size>0x10</size>
         <input_file_ref idref="fl-ff"/>
      </object_component>
      <object_component id="oc-28d">
         <name>.bss</name>
         <uninitialized>true</uninitialized>
         <run_address>0x8431de64</run_address>
         <size>0x10</size>
         <input_file_ref idref="fl-102"/>
      </object_component>
      <object_component id="oc-2b4">
         <name>.bss</name>
         <uninitialized>true</uninitialized>
         <run_address>0x8431dea0</run_address>
         <size>0xc</size>
         <input_file_ref idref="fl-10b"/>
      </object_component>
      <object_component id="oc-2ba">
         <name>.bss</name>
         <uninitialized>true</uninitialized>
         <run_address>0x8431df00</run_address>
         <size>0x4</size>
         <input_file_ref idref="fl-10c"/>
      </object_component>
      <object_component id="oc-2c8">
         <name>.bss</name>
         <uninitialized>true</uninitialized>
         <run_address>0x8431decc</run_address>
         <size>0x8</size>
         <input_file_ref idref="fl-10f"/>
      </object_component>
      <object_component id="oc-303">
         <name>.bss</name>
         <uninitialized>true</uninitialized>
         <run_address>0x8431df1c</run_address>
         <size>0x4</size>
         <input_file_ref idref="fl-11a"/>
      </object_component>
      <object_component id="oc-309">
         <name>.bss</name>
         <uninitialized>true</uninitialized>
         <run_address>0x8431df20</run_address>
         <size>0x4</size>
         <input_file_ref idref="fl-11b"/>
      </object_component>
      <object_component id="oc-30f">
         <name>.bss</name>
         <uninitialized>true</uninitialized>
         <run_address>0x8431df18</run_address>
         <size>0x4</size>
         <input_file_ref idref="fl-11c"/>
      </object_component>
      <object_component id="oc-321">
         <name>.bss</name>
         <uninitialized>true</uninitialized>
         <run_address>0x8431df24</run_address>
         <size>0x4</size>
         <input_file_ref idref="fl-11f"/>
      </object_component>
      <object_component id="oc-32f">
         <name>.bss</name>
         <uninitialized>true</uninitialized>
         <run_address>0x8431df28</run_address>
         <size>0x4</size>
         <input_file_ref idref="fl-121"/>
      </object_component>
      <object_component id="oc-33a">
         <name>.bss</name>
         <uninitialized>true</uninitialized>
         <run_address>0x8431deac</run_address>
         <size>0xc</size>
         <input_file_ref idref="fl-123"/>
      </object_component>
      <object_component id="oc-343">
         <name>.bss</name>
         <uninitialized>true</uninitialized>
         <run_address>0x8431dedc</run_address>
         <size>0x8</size>
         <input_file_ref idref="fl-124"/>
      </object_component>
      <object_component id="oc-34c">
         <name>.bss</name>
         <uninitialized>true</uninitialized>
         <run_address>0x8431deb8</run_address>
         <size>0xc</size>
         <input_file_ref idref="fl-125"/>
      </object_component>
      <object_component id="oc-37e">
         <name>.bss</name>
         <uninitialized>true</uninitialized>
         <run_address>0x8431de44</run_address>
         <size>0x10</size>
         <input_file_ref idref="fl-12f"/>
      </object_component>
      <object_component id="oc-386">
         <name>.bss</name>
         <uninitialized>true</uninitialized>
         <run_address>0x8431df08</run_address>
         <size>0x4</size>
         <input_file_ref idref="fl-130"/>
      </object_component>
      <object_component id="oc-3b9">
         <name>.bss</name>
         <uninitialized>true</uninitialized>
         <run_address>0x8431de94</run_address>
         <size>0xc</size>
         <input_file_ref idref="fl-13e"/>
      </object_component>
      <object_component id="oc-3e7">
         <name>.bss</name>
         <uninitialized>true</uninitialized>
         <run_address>0x8431de34</run_address>
         <size>0x10</size>
         <input_file_ref idref="fl-149"/>
      </object_component>
      <object_component id="oc-3f0">
         <name>.bss</name>
         <uninitialized>true</uninitialized>
         <run_address>0x8431ded4</run_address>
         <size>0x8</size>
         <input_file_ref idref="fl-14b"/>
      </object_component>
      <object_component id="oc-3f9">
         <name>.bss</name>
         <uninitialized>true</uninitialized>
         <run_address>0x8431dee4</run_address>
         <size>0x8</size>
         <input_file_ref idref="fl-14c"/>
      </object_component>
      <object_component id="oc-77">
         <name>.hwi_vec</name>
         <load_address>0x8431f000</load_address>
         <run_address>0x8431f000</run_address>
         <size>0x200</size>
         <input_file_ref idref="fl-e"/>
      </object_component>
      <object_component id="oc-62">
         <name>.far</name>
         <uninitialized>true</uninitialized>
         <run_address>0x84194920</run_address>
         <size>0x12fc00</size>
         <input_file_ref idref="fl-c"/>
      </object_component>
      <object_component id="oc-8c">
         <name>.far</name>
         <uninitialized>true</uninitialized>
         <run_address>0x84000000</run_address>
         <size>0x19491c</size>
         <input_file_ref idref="fl-f"/>
      </object_component>
      <object_component id="oc-93">
         <name>.far</name>
         <uninitialized>true</uninitialized>
         <run_address>0x842cc888</run_address>
         <size>0x18</size>
         <input_file_ref idref="fl-10"/>
      </object_component>
      <object_component id="oc-9f">
         <name>.far</name>
         <uninitialized>true</uninitialized>
         <run_address>0x842cc850</run_address>
         <size>0x1c</size>
         <input_file_ref idref="fl-13"/>
      </object_component>
      <object_component id="oc-c1">
         <name>.far</name>
         <uninitialized>true</uninitialized>
         <run_address>0x842cc8c8</run_address>
         <size>0x10</size>
         <input_file_ref idref="fl-a3"/>
      </object_component>
      <object_component id="oc-c6">
         <name>.far</name>
         <uninitialized>true</uninitialized>
         <run_address>0x842cc91c</run_address>
         <size>0x8</size>
         <input_file_ref idref="fl-a4"/>
      </object_component>
      <object_component id="oc-dd">
         <name>.far</name>
         <uninitialized>true</uninitialized>
         <run_address>0x842cc8d8</run_address>
         <size>0xc</size>
         <input_file_ref idref="fl-aa"/>
      </object_component>
      <object_component id="oc-12a">
         <name>.far</name>
         <uninitialized>true</uninitialized>
         <run_address>0x842cbd34</run_address>
         <size>0x4</size>
         <input_file_ref idref="fl-be"/>
      </object_component>
      <object_component id="oc-132">
         <name>.far</name>
         <uninitialized>true</uninitialized>
         <run_address>0x842cc938</run_address>
         <size>0x4</size>
         <input_file_ref idref="fl-c0"/>
      </object_component>
      <object_component id="oc-139">
         <name>.far</name>
         <uninitialized>true</uninitialized>
         <run_address>0x842cc90c</run_address>
         <size>0x8</size>
         <input_file_ref idref="fl-c1"/>
      </object_component>
      <object_component id="oc-146">
         <name>.far</name>
         <uninitialized>true</uninitialized>
         <run_address>0x842ca480</run_address>
         <size>0x910</size>
         <input_file_ref idref="fl-c3"/>
      </object_component>
      <object_component id="oc-151">
         <name>.far</name>
         <uninitialized>true</uninitialized>
         <run_address>0x842cbae4</run_address>
         <size>0x4</size>
         <input_file_ref idref="fl-c5"/>
      </object_component>
      <object_component id="oc-15d">
         <name>.far</name>
         <uninitialized>true</uninitialized>
         <run_address>0x842cc830</run_address>
         <size>0x20</size>
         <input_file_ref idref="fl-c7"/>
      </object_component>
      <object_component id="oc-171">
         <name>.far</name>
         <uninitialized>true</uninitialized>
         <run_address>0x842cc8b8</run_address>
         <size>0x10</size>
         <input_file_ref idref="fl-ca"/>
      </object_component>
      <object_component id="oc-18d">
         <name>.far</name>
         <uninitialized>true</uninitialized>
         <run_address>0x842cc914</run_address>
         <size>0x8</size>
         <input_file_ref idref="fl-d0"/>
      </object_component>
      <object_component id="oc-19d">
         <name>.far</name>
         <uninitialized>true</uninitialized>
         <run_address>0x842cc8a0</run_address>
         <size>0x18</size>
         <input_file_ref idref="fl-d3"/>
      </object_component>
      <object_component id="oc-1a8">
         <name>.far</name>
         <uninitialized>true</uninitialized>
         <run_address>0x842cc010</run_address>
         <size>0x13c</size>
         <input_file_ref idref="fl-d5"/>
      </object_component>
      <object_component id="oc-1af">
         <name>.far</name>
         <uninitialized>true</uninitialized>
         <run_address>0x842cc450</run_address>
         <size>0xd8</size>
         <input_file_ref idref="fl-d6"/>
      </object_component>
      <object_component id="oc-1c9">
         <name>.far</name>
         <uninitialized>true</uninitialized>
         <run_address>0x842cc370</run_address>
         <size>0xe0</size>
         <input_file_ref idref="fl-dc"/>
      </object_component>
      <object_component id="oc-1e6">
         <name>.far</name>
         <uninitialized>true</uninitialized>
         <run_address>0x842cc5f0</run_address>
         <size>0xb8</size>
         <input_file_ref idref="fl-e2"/>
      </object_component>
      <object_component id="oc-208">
         <name>.far</name>
         <uninitialized>true</uninitialized>
         <run_address>0x842cc778</run_address>
         <size>0x54</size>
         <input_file_ref idref="fl-ea"/>
      </object_component>
      <object_component id="oc-214">
         <name>.far</name>
         <uninitialized>true</uninitialized>
         <run_address>0x8419491c</run_address>
         <size>0x4</size>
         <input_file_ref idref="fl-ec"/>
      </object_component>
      <object_component id="oc-229">
         <name>.far</name>
         <uninitialized>true</uninitialized>
         <run_address>0x842cc86c</run_address>
         <size>0x1c</size>
         <input_file_ref idref="fl-f0"/>
      </object_component>
      <object_component id="oc-23d">
         <name>.far</name>
         <uninitialized>true</uninitialized>
         <run_address>0x842cc528</run_address>
         <size>0xc8</size>
         <input_file_ref idref="fl-f4"/>
      </object_component>
      <object_component id="oc-249">
         <name>.far</name>
         <uninitialized>true</uninitialized>
         <run_address>0x842c66a0</run_address>
         <size>0x1a30</size>
         <input_file_ref idref="fl-f6"/>
      </object_component>
      <object_component id="oc-252">
         <name>.far</name>
         <uninitialized>true</uninitialized>
         <run_address>0x842c4520</run_address>
         <size>0x2180</size>
         <input_file_ref idref="fl-f7"/>
      </object_component>
      <object_component id="oc-25a">
         <name>.far</name>
         <uninitialized>true</uninitialized>
         <run_address>0x842c9548</run_address>
         <size>0xee8</size>
         <input_file_ref idref="fl-f8"/>
      </object_component>
      <object_component id="oc-27a">
         <name>.far</name>
         <uninitialized>true</uninitialized>
         <run_address>0x842c80d0</run_address>
         <size>0x1478</size>
         <input_file_ref idref="fl-fe"/>
      </object_component>
      <object_component id="oc-2b7">
         <name>.far</name>
         <uninitialized>true</uninitialized>
         <run_address>0x842cc71c</run_address>
         <size>0x5c</size>
         <input_file_ref idref="fl-10b"/>
      </object_component>
      <object_component id="oc-2cb">
         <name>.far</name>
         <uninitialized>true</uninitialized>
         <run_address>0x842cc7d0</run_address>
         <size>0x20</size>
         <input_file_ref idref="fl-10f"/>
      </object_component>
      <object_component id="oc-2d8">
         <name>.far</name>
         <uninitialized>true</uninitialized>
         <run_address>0x842ca430</run_address>
         <size>0x50</size>
         <input_file_ref idref="fl-112"/>
      </object_component>
      <object_component id="oc-2e4">
         <name>.far</name>
         <uninitialized>true</uninitialized>
         <run_address>0x842cc270</run_address>
         <size>0x100</size>
         <input_file_ref idref="fl-114"/>
      </object_component>
      <object_component id="oc-2ee">
         <name>.far</name>
         <uninitialized>true</uninitialized>
         <run_address>0x842cb308</run_address>
         <size>0x4b8</size>
         <input_file_ref idref="fl-116"/>
      </object_component>
      <object_component id="oc-31c">
         <name>.far</name>
         <uninitialized>true</uninitialized>
         <run_address>0x842cc6a8</run_address>
         <size>0x74</size>
         <input_file_ref idref="fl-11e"/>
      </object_component>
      <object_component id="oc-324">
         <name>.far</name>
         <uninitialized>true</uninitialized>
         <run_address>0x842cbec0</run_address>
         <size>0x14c</size>
         <input_file_ref idref="fl-11f"/>
      </object_component>
      <object_component id="oc-33d">
         <name>.far</name>
         <uninitialized>true</uninitialized>
         <run_address>0x842cc8f4</run_address>
         <size>0xc</size>
         <input_file_ref idref="fl-123"/>
      </object_component>
      <object_component id="oc-346">
         <name>.far</name>
         <uninitialized>true</uninitialized>
         <run_address>0x842cbae8</run_address>
         <size>0x24c</size>
         <input_file_ref idref="fl-124"/>
      </object_component>
      <object_component id="oc-381">
         <name>.far</name>
         <uninitialized>true</uninitialized>
         <run_address>0x842cc8e8</run_address>
         <size>0xc</size>
         <input_file_ref idref="fl-12f"/>
      </object_component>
      <object_component id="oc-3a8">
         <name>.far</name>
         <uninitialized>true</uninitialized>
         <run_address>0x842cb7c0</run_address>
         <size>0x324</size>
         <input_file_ref idref="fl-139"/>
      </object_component>
      <object_component id="oc-3ac">
         <name>.far</name>
         <uninitialized>true</uninitialized>
         <run_address>0x842cc924</run_address>
         <size>0x8</size>
         <input_file_ref idref="fl-13a"/>
      </object_component>
      <object_component id="oc-3c2">
         <name>.far</name>
         <uninitialized>true</uninitialized>
         <run_address>0x842cbd38</run_address>
         <size>0x188</size>
         <input_file_ref idref="fl-13f"/>
      </object_component>
      <object_component id="oc-3c7">
         <name>.far</name>
         <uninitialized>true</uninitialized>
         <run_address>0x842cc14c</run_address>
         <size>0x4</size>
         <input_file_ref idref="fl-140"/>
      </object_component>
      <object_component id="oc-3cc">
         <name>.far</name>
         <uninitialized>true</uninitialized>
         <run_address>0x842cc900</run_address>
         <size>0xc</size>
         <input_file_ref idref="fl-141"/>
      </object_component>
      <object_component id="oc-3e0">
         <name>.far</name>
         <uninitialized>true</uninitialized>
         <run_address>0x842cad90</run_address>
         <size>0x578</size>
         <input_file_ref idref="fl-147"/>
      </object_component>
      <object_component id="oc-3ea">
         <name>.far</name>
         <uninitialized>true</uninitialized>
         <run_address>0x842cc7f0</run_address>
         <size>0x20</size>
         <input_file_ref idref="fl-149"/>
      </object_component>
      <object_component id="oc-3f3">
         <name>.far</name>
         <uninitialized>true</uninitialized>
         <run_address>0x842cc810</run_address>
         <size>0x20</size>
         <input_file_ref idref="fl-14b"/>
      </object_component>
      <object_component id="oc-450">
         <name>.far</name>
         <uninitialized>true</uninitialized>
         <run_address>0x842cc150</run_address>
         <size>0x11c</size>
         <input_file_ref idref="fl-167"/>
      </object_component>
      <object_component id="oc-454">
         <name>.far</name>
         <uninitialized>true</uninitialized>
         <run_address>0x842cc930</run_address>
         <size>0x8</size>
         <input_file_ref idref="fl-168"/>
      </object_component>
      <object_component id="oc-466">
         <name>.far</name>
         <uninitialized>true</uninitialized>
         <run_address>0x842cc00c</run_address>
         <size>0x4</size>
         <input_file_ref idref="fl-16d"/>
      </object_component>
      <object_component id="oc-83">
         <name>.sem</name>
         <uninitialized>true</uninitialized>
         <run_address>0x8431f690</run_address>
         <size>0x58</size>
         <input_file_ref idref="fl-e"/>
      </object_component>
      <object_component id="oc-6b">
         <name>.mem</name>
         <uninitialized>true</uninitialized>
         <run_address>0x8431aa24</run_address>
         <size>0x4</size>
         <input_file_ref idref="fl-e"/>
      </object_component>
      <object_component id="oc-2b0">
         <name>.bios</name>
         <load_address>0x84308b60</load_address>
         <run_address>0x84308b60</run_address>
         <size>0x5c0</size>
         <input_file_ref idref="fl-10a"/>
      </object_component>
      <object_component id="oc-ac">
         <name>.bios</name>
         <load_address>0x84309120</load_address>
         <run_address>0x84309120</run_address>
         <size>0x5c0</size>
         <input_file_ref idref="fl-9e"/>
      </object_component>
      <object_component id="oc-172">
         <name>.bios</name>
         <load_address>0x843096e0</load_address>
         <run_address>0x843096e0</run_address>
         <size>0x520</size>
         <input_file_ref idref="fl-ca"/>
      </object_component>
      <object_component id="oc-50">
         <name>.bios</name>
         <load_address>0x84309c00</load_address>
         <run_address>0x84309c00</run_address>
         <size>0x4e0</size>
         <input_file_ref idref="fl-9c"/>
      </object_component>
      <object_component id="oc-4c">
         <name>.bios</name>
         <load_address>0x8430a0e0</load_address>
         <run_address>0x8430a0e0</run_address>
         <size>0x4c0</size>
         <input_file_ref idref="fl-9f"/>
      </object_component>
      <object_component id="oc-10e">
         <name>.bios</name>
         <load_address>0x8430a5a0</load_address>
         <run_address>0x8430a5a0</run_address>
         <size>0x380</size>
         <input_file_ref idref="fl-b7"/>
      </object_component>
      <object_component id="oc-183">
         <name>.bios</name>
         <load_address>0x8430a920</load_address>
         <run_address>0x8430a920</run_address>
         <size>0x2a0</size>
         <input_file_ref idref="fl-ce"/>
      </object_component>
      <object_component id="oc-46d">
         <name>.bios</name>
         <load_address>0x8430abc0</load_address>
         <run_address>0x8430abc0</run_address>
         <size>0x2a0</size>
         <input_file_ref idref="fl-16f"/>
      </object_component>
      <object_component id="oc-113">
         <name>.bios</name>
         <load_address>0x8430ae60</load_address>
         <run_address>0x8430ae60</run_address>
         <size>0x280</size>
         <input_file_ref idref="fl-b8"/>
      </object_component>
      <object_component id="oc-1c2">
         <name>.bios</name>
         <load_address>0x8430b0e0</load_address>
         <run_address>0x8430b0e0</run_address>
         <size>0x240</size>
         <input_file_ref idref="fl-db"/>
      </object_component>
      <object_component id="oc-215">
         <name>.bios</name>
[...]
         <value>0x84306de0</value>
         <object_component_ref idref="oc-47e"/>
      </symbol>
      <symbol id="sm-3224">
         <name>__divu</name>
         <value>0x84306de0</value>
         <object_component_ref idref="oc-47e"/>
      </symbol>
      <symbol id="sm-3231">
         <name>__fixdu</name>
         <value>0x84307d20</value>
         <object_component_ref idref="oc-497"/>
      </symbol>
      <symbol id="sm-323b">
         <name>__fltuf</name>
         <value>0x84308420</value>
         <object_component_ref idref="oc-493"/>
      </symbol>
      <symbol id="sm-3245">
         <name>__frcmpyf_div</name>
         <value>0x843084a0</value>
         <object_component_ref idref="oc-4b9"/>
      </symbol>
      <symbol id="sm-324f">
         <name>__tmpnams</name>
         <value>0x842cb9a0</value>
         <object_component_ref idref="oc-3a8"/>
      </symbol>
      <symbol id="sm-3250">
         <name>__ft_end</name>
         <value>0x842cbae0</value>
         <object_component_ref idref="oc-3a8"/>
      </symbol>
      <symbol id="sm-3251">
         <name>__ftable</name>
         <value>0x842cb7c0</value>
         <object_component_ref idref="oc-3a8"/>
      </symbol>
      <symbol id="sm-3263">
         <name>__unlock</name>
         <value>0x842cc928</value>
         <object_component_ref idref="oc-3ac"/>
      </symbol>
      <symbol id="sm-3264">
         <name>__lock</name>
         <value>0x842cc924</value>
         <object_component_ref idref="oc-3ac"/>
      </symbol>
      <symbol id="sm-3265">
         <name>__register_lock</name>
         <value>0x84308760</value>
         <object_component_ref idref="oc-491"/>
      </symbol>
      <symbol id="sm-3266">
         <name>__nop</name>
         <value>0x84308700</value>
         <object_component_ref idref="oc-4a1"/>
      </symbol>
      <symbol id="sm-3267">
         <name>__register_unlock</name>
         <value>0x84308780</value>
         <object_component_ref idref="oc-492"/>
      </symbol>
      <symbol id="sm-3270">
         <name>__remi</name>
         <value>0x84306f60</value>
         <object_component_ref idref="oc-4c3"/>
      </symbol>
      <symbol id="sm-3271">
         <name>__c6xabi_remi</name>
         <value>0x84306f60</value>
         <object_component_ref idref="oc-4c3"/>
      </symbol>
      <symbol id="sm-327a">
         <name>__remu</name>
         <value>0x84307840</value>
         <object_component_ref idref="oc-490"/>
      </symbol>
      <symbol id="sm-327b">
         <name>__c6xabi_remu</name>
         <value>0x84307840</value>
         <object_component_ref idref="oc-490"/>
      </symbol>
      <symbol id="sm-3283">
         <name>__c6xabi_strasgi_64plus</name>
         <value>0x843085a0</value>
         <object_component_ref idref="oc-47c"/>
      </symbol>
      <symbol id="sm-3284">
         <name>__strasgi_64plus</name>
         <value>0x843085a0</value>
         <object_component_ref idref="oc-47c"/>
      </symbol>
      <symbol id="sm-338a">
         <name>_aic33_closeCodec</name>
         <value>0x842f522c</value>
         <object_component_ref idref="oc-3b8"/>
      </symbol>
      <symbol id="sm-338b">
         <name>_aic33_outGainControl</name>
         <value>0x842f5158</value>
         <object_component_ref idref="oc-3b8"/>
      </symbol>
      <symbol id="sm-338c">
         <name>_aic33_inGainControl</name>
         <value>0x842f5060</value>
         <object_component_ref idref="oc-3b8"/>
      </symbol>
      <symbol id="sm-338d">
         <name>_aic33_sampleRateControl</name>
         <value>0x842f40d4</value>
         <object_component_ref idref="oc-3b8"/>
      </symbol>
      <symbol id="sm-338e">
         <name>_writeToIOExpander</name>
         <value>0x842f5260</value>
         <object_component_ref idref="oc-3b8"/>
      </symbol>
      <symbol id="sm-338f">
         <name>_aic33Codec_config</name>
         <value>0x842f4924</value>
         <object_component_ref idref="oc-3b8"/>
      </symbol>
      <symbol id="sm-33a5">
         <name>_atexit</name>
         <value>0x84307020</value>
         <object_component_ref idref="oc-4b7"/>
      </symbol>
      <symbol id="sm-33a6">
         <name>___atexit_func_id__</name>
         <value>0x842cbd38</value>
         <object_component_ref idref="oc-3c2"/>
      </symbol>
      <symbol id="sm-33be">
         <name>_dtors</name>
         <value>0x842cc14c</value>
         <object_component_ref idref="oc-3c7"/>
      </symbol>
      <symbol id="sm-33bf">
         <name>_call_dtors</name>
         <value>0x843061e0</value>
         <object_component_ref idref="oc-4d1"/>
      </symbol>
      <symbol id="sm-33c0">
         <name>___add_dtor</name>
         <value>0x84308360</value>
         <object_component_ref idref="oc-4c7"/>
      </symbol>
      <symbol id="sm-33cc">
         <name>___TI_enable_exit_profile_output</name>
         <value>0x842cc908</value>
         <object_component_ref idref="oc-3cc"/>
      </symbol>
      <symbol id="sm-33cd">
         <name>__cleanup_ptr</name>
         <value>0x842cc900</value>
         <object_component_ref idref="oc-3cc"/>
      </symbol>
      <symbol id="sm-33ce">
         <name>__dtors_ptr</name>
         <value>0x842cc904</value>
         <object_component_ref idref="oc-3cc"/>
      </symbol>
      <symbol id="sm-33da">
         <name>_ceil</name>
         <value>0x843081e0</value>
         <object_component_ref idref="oc-496"/>
      </symbol>
      <symbol id="sm-33ea">
         <name>__addd</name>
         <value>0x84303f20</value>
         <object_component_ref idref="oc-4bc"/>
      </symbol>
      <symbol id="sm-33f9">
         <name>__cmpd</name>
         <value>0x843064c0</value>
         <object_component_ref idref="oc-4bb"/>
      </symbol>
      <symbol id="sm-3409">
         <name>__frcaddd</name>
         <value>0x84304120</value>
         <object_component_ref idref="oc-4c9"/>
      </symbol>
      <symbol id="sm-3416">
         <name>__renormd</name>
         <value>0x84307ea0</value>
         <object_component_ref idref="oc-4d2"/>
      </symbol>
      <symbol id="sm-3420">
         <name>_edma3GblCfgParams</name>
         <value>0x842cad90</value>
         <object_component_ref idref="oc-3e0"/>
      </symbol>
      <symbol id="sm-3421">
         <name>_instanceInitConfig</name>
         <value>0x842cb068</value>
         <object_component_ref idref="oc-3e0"/>
      </symbol>
      <symbol id="sm-345c">
         <name>_edma3OsProtectExit</name>
         <value>0x84301638</value>
         <object_component_ref idref="oc-3e2"/>
      </symbol>
      <symbol id="sm-345d">
         <name>_edma3OsWaitMsecs</name>
         <value>0x843016d0</value>
         <object_component_ref idref="oc-3e2"/>
      </symbol>
      <symbol id="sm-345e">
         <name>_edma3OsSemCreate</name>
         <value>0x8430176c</value>
         <object_component_ref idref="oc-3e2"/>
      </symbol>
      <symbol id="sm-345f">
         <name>_edma3OsProtectEntry</name>
         <value>0x84301580</value>
         <object_component_ref idref="oc-3e2"/>
      </symbol>
      <symbol id="sm-3460">
         <name>_edma3OsSemGive</name>
         <value>0x84301864</value>
         <object_component_ref idref="oc-3e2"/>
      </symbol>
      <symbol id="sm-3461">
         <name>_Edma3_CacheFlush</name>
         <value>0x8430174c</value>
         <object_component_ref idref="oc-3e2"/>
      </symbol>
      <symbol id="sm-3462">
         <name>_Edma3_CacheInvalidate</name>
         <value>0x8430172c</value>
         <object_component_ref idref="oc-3e2"/>
      </symbol>
      <symbol id="sm-3463">
         <name>_edma3OsSemTake</name>
         <value>0x84301808</value>
         <object_component_ref idref="oc-3e2"/>
      </symbol>
      <symbol id="sm-3464">
         <name>_edma3OsSemDelete</name>
         <value>0x843017cc</value>
         <object_component_ref idref="oc-3e2"/>
      </symbol>
      <symbol id="sm-3472">
         <name>_tcErrorInt</name>
         <value>0x842cc7f0</value>
         <object_component_ref idref="oc-3ea"/>
      </symbol>
      <symbol id="sm-3473">
         <name>_ccXferCompInt</name>
         <value>0x8431de3c</value>
         <object_component_ref idref="oc-3e7"/>
      </symbol>
      <symbol id="sm-3474">
         <name>_ccErrorInt</name>
         <value>0x8431de40</value>
         <object_component_ref idref="oc-3e7"/>
      </symbol>
      <symbol id="sm-3475">
         <name>_numEdma3EvtQue</name>
         <value>0x8431de34</value>
         <object_component_ref idref="oc-3e7"/>
      </symbol>
      <symbol id="sm-3476">
         <name>_numEdma3Tc</name>
         <value>0x8431de38</value>
         <object_component_ref idref="oc-3e7"/>
      </symbol>
      <symbol id="sm-348e">
         <name>__doflush</name>
         <value>0x84306ea0</value>
         <object_component_ref idref="oc-4c2"/>
      </symbol>
      <symbol id="sm-348f">
         <name>_fflush</name>
         <value>0x84306840</value>
         <object_component_ref idref="oc-4ac"/>
      </symbol>
      <symbol id="sm-34c5">
         <name>_edma3deinit</name>
         <value>0x84302910</value>
         <object_component_ref idref="oc-3ef"/>
      </symbol>
      <symbol id="sm-34c6">
         <name>_hEdma</name>
         <value>0x8431ded4</value>
         <object_component_ref idref="oc-3f0"/>
      </symbol>
      <symbol id="sm-34c7">
         <name>_ptrEdma3TcIsrHandler</name>
         <value>0x842cc810</value>
         <object_component_ref idref="oc-3f3"/>
      </symbol>
      <symbol id="sm-34c8">
         <name>_edma3init</name>
         <value>0x84302740</value>
         <object_component_ref idref="oc-3ef"/>
      </symbol>
      <symbol id="sm-34e6">
         <name>_i2c_readReg</name>
         <value>0x84304bcc</value>
         <object_component_ref idref="oc-3f8"/>
      </symbol>
      <symbol id="sm-34e7">
         <name>_i2c_deInit</name>
         <value>0x84304c8c</value>
         <object_component_ref idref="oc-3f8"/>
      </symbol>
      <symbol id="sm-34e8">
         <name>_i2c_writeReg</name>
         <value>0x84304b48</value>
         <object_component_ref idref="oc-3f8"/>
      </symbol>
      <symbol id="sm-34e9">
         <name>_i2c_init</name>
         <value>0x84304b00</value>
         <object_component_ref idref="oc-3f8"/>
      </symbol>
      <symbol id="sm-34f3">
         <name>_memcpy</name>
         <value>0x84307a20</value>
         <object_component_ref idref="oc-485"/>
      </symbol>
      <symbol id="sm-34fe">
         <name>_memset</name>
         <value>0x84306920</value>
         <object_component_ref idref="oc-480"/>
      </symbol>
      <symbol id="sm-350b">
         <name>_modf</name>
         <value>0x84307ac0</value>
         <object_component_ref idref="oc-4ba"/>
      </symbol>
      <symbol id="sm-3515">
         <name>__subd</name>
         <value>0x843085e0</value>
         <object_component_ref idref="oc-4c8"/>
      </symbol>
      <symbol id="sm-352a">
         <name>_printf</name>
         <value>0x84306a00</value>
         <object_component_ref idref="oc-4ab"/>
      </symbol>
      <symbol id="sm-3648">
         <name>__printfi</name>
         <value>0x842fff60</value>
         <object_component_ref idref="oc-4c0"/>
      </symbol>
      <symbol id="sm-3652">
         <name>___isinf</name>
         <value>0x843083a0</value>
         <object_component_ref idref="oc-4dc"/>
      </symbol>
      <symbol id="sm-366a">
         <name>__divd</name>
         <value>0x842fe6c0</value>
         <object_component_ref idref="oc-4ec"/>
      </symbol>
      <symbol id="sm-367a">
         <name>__divul</name>
         <value>0x84305060</value>
         <object_component_ref idref="oc-4f6"/>
      </symbol>
      <symbol id="sm-367b">
         <name>__remli</name>
         <value>0x84308560</value>
         <object_component_ref idref="oc-4fa"/>
      </symbol>
      <symbol id="sm-367c">
         <name>__divli</name>
         <value>0x84307520</value>
         <object_component_ref idref="oc-4fb"/>
      </symbol>
      <symbol id="sm-3690">
         <name>__subcull</name>
         <value>0x84308180</value>
         <object_component_ref idref="oc-4fd"/>
      </symbol>
      <symbol id="sm-3691">
         <name>__divull</name>
         <value>0x84302f40</value>
         <object_component_ref idref="oc-4f7"/>
      </symbol>
      <symbol id="sm-369e">
         <name>__fixdi</name>
         <value>0x84307ca0</value>
         <object_component_ref idref="oc-4f2"/>
      </symbol>
      <symbol id="sm-36ab">
         <name>__fixdli</name>
         <value>0x84307700</value>
         <object_component_ref idref="oc-4ef"/>
      </symbol>
      <symbol id="sm-36b6">
         <name>__fltlid</name>
         <value>0x84307da0</value>
         <object_component_ref idref="oc-4f1"/>
      </symbol>
      <symbol id="sm-36c0">
         <name>__frcmpyd_div</name>
         <value>0x84308460</value>
         <object_component_ref idref="oc-4f5"/>
      </symbol>
      <symbol id="sm-36ce">
         <name>__llshl</name>
         <value>0x84307e20</value>
         <object_component_ref idref="oc-4fc"/>
      </symbol>
      <symbol id="sm-36cf">
         <name>__llshru</name>
         <value>0x843084e0</value>
         <object_component_ref idref="oc-4fe"/>
      </symbol>
      <symbol id="sm-36e5">
         <name>__mpyd</name>
         <value>0x843031a0</value>
         <object_component_ref idref="oc-4eb"/>
      </symbol>
      <symbol id="sm-36ef">
         <name>__frcmpyd</name>
         <value>0x84305fe0</value>
         <object_component_ref idref="oc-4f3"/>
      </symbol>
      <symbol id="sm-36f9">
         <name>__negd</name>
         <value>0x84308520</value>
         <object_component_ref idref="oc-4dd"/>
      </symbol>
      <symbol id="sm-3703">
         <name>__negll</name>
         <value>0x843086e0</value>
         <object_component_ref idref="oc-4e2"/>
      </symbol>
      <symbol id="sm-3711">
         <name>_atoi</name>
         <value>0x84306680</value>
         <object_component_ref idref="oc-4d4"/>
      </symbol>
      <symbol id="sm-3719">
         <name>__ctypes_</name>
         <value>0x8431cf80</value>
         <object_component_ref idref="oc-4da"/>
      </symbol>
      <symbol id="sm-3734">
         <name>_putc</name>
         <value>0x84303d00</value>
         <object_component_ref idref="oc-4cf"/>
      </symbol>
      <symbol id="sm-3735">
         <name>_fputc</name>
         <value>0x84303d00</value>
         <object_component_ref idref="oc-4cf"/>
      </symbol>
      <symbol id="sm-3744">
         <name>__wrt_ok</name>
         <value>0x843060e0</value>
         <object_component_ref idref="oc-4d3"/>
      </symbol>
      <symbol id="sm-3766">
         <name>_fputs</name>
         <value>0x843007e0</value>
         <object_component_ref idref="oc-4ca"/>
      </symbol>
      <symbol id="sm-3777">
         <name>_fseek</name>
         <value>0x84305dc0</value>
         <object_component_ref idref="oc-4d8"/>
      </symbol>
      <symbol id="sm-37bb">
         <name>_unlink</name>
         <value>0x84307fa0</value>
         <object_component_ref idref="oc-4ff"/>
      </symbol>
      <symbol id="sm-37bc">
         <name>_lseek</name>
         <value>0x84307980</value>
         <object_component_ref idref="oc-4e4"/>
      </symbol>
      <symbol id="sm-37bd">
         <name>_close</name>
         <value>0x84306760</value>
         <object_component_ref idref="oc-4f8"/>
      </symbol>
      <symbol id="sm-37be">
         <name>_write</name>
         <value>0x84307b60</value>
         <object_component_ref idref="oc-4d0"/>
      </symbol>
      <symbol id="sm-37e7">
         <name>_HOSTopen</name>
         <value>0x843063e0</value>
         <object_component_ref idref="oc-4a4"/>
      </symbol>
      <symbol id="sm-37e8">
         <name>_HOSTread</name>
         <value>0x84306ae0</value>
         <object_component_ref idref="oc-4a6"/>
      </symbol>
      <symbol id="sm-37e9">
         <name>_HOSTrename</name>
         <value>0x843053a0</value>
         <object_component_ref idref="oc-4aa"/>
      </symbol>
      <symbol id="sm-37ea">
         <name>_HOSTwrite</name>
         <value>0x84306c60</value>
         <object_component_ref idref="oc-4a7"/>
      </symbol>
      <symbol id="sm-37eb">
         <name>_HOSTlseek</name>
         <value>0x84305ee0</value>
         <object_component_ref idref="oc-4a8"/>
      </symbol>
      <symbol id="sm-37ec">
         <name>_HOSTunlink</name>
         <value>0x84306ba0</value>
         <object_component_ref idref="oc-4a9"/>
      </symbol>
      <symbol id="sm-37ed">
         <name>_HOSTclose</name>
         <value>0x843073e0</value>
         <object_component_ref idref="oc-4a5"/>
      </symbol>
      <symbol id="sm-37fa">
         <name>_ltoa</name>
         <value>0x843070e0</value>
         <object_component_ref idref="oc-4f0"/>
      </symbol>
      <symbol id="sm-3807">
         <name>_memccpy</name>
         <value>0x84308240</value>
         <object_component_ref idref="oc-4d7"/>
      </symbol>
      <symbol id="sm-3817">
         <name>C$$IO$$</name>
         <value>0x84308358</value>
         <object_component_ref idref="oc-4bd"/>
      </symbol>
      <symbol id="sm-3818">
         <name>__CIOBUF_</name>
         <value>0x8431f200</value>
         <object_component_ref idref="oc-45e"/>
      </symbol>
      <symbol id="sm-3819">
         <name>_readmsg</name>
         <value>0x84307f20</value>
         <object_component_ref idref="oc-4be"/>
      </symbol>
      <symbol id="sm-381a">
         <name>_writemsg</name>
         <value>0x84308300</value>
         <object_component_ref idref="oc-4bd"/>
      </symbol>
      <symbol id="sm-3830">
         <name>_setvbuf</name>
         <value>0x84304520</value>
         <object_component_ref idref="oc-4d9"/>
      </symbol>
      <symbol id="sm-3843">
         <name>__cleanup</name>
         <value>0x84307480</value>
         <object_component_ref idref="oc-4e5"/>
      </symbol>
      <symbol id="sm-3855">
         <name>__closefile</name>
         <value>0x84305a60</value>
         <object_component_ref idref="oc-4ee"/>
      </symbol>
      <symbol id="sm-3871">
         <name>_memalign</name>
         <value>0x8430ad18</value>
         <object_component_ref idref="oc-46d"/>
      </symbol>
      <symbol id="sm-3872">
         <name>_malloc</name>
         <value>0x8430abe8</value>
         <object_component_ref idref="oc-46d"/>
      </symbol>
      <symbol id="sm-3873">
         <name>_realloc</name>
         <value>0x8430ac4c</value>
         <object_component_ref idref="oc-46d"/>
      </symbol>
      <symbol id="sm-3874">
         <name>_free</name>
         <value>0x8430abc0</value>
         <object_component_ref idref="oc-46d"/>
      </symbol>
      <symbol id="sm-3875">
         <name>_calloc</name>
         <value>0x8430adf8</value>
         <object_component_ref idref="oc-46d"/>
      </symbol>
      <symbol id="sm-3881">
         <name>_remove</name>
         <value>0x843087a0</value>
         <object_component_ref idref="oc-4f9"/>
      </symbol>
      <symbol id="sm-388c">
         <name>_strcpy</name>
         <value>0x843082a0</value>
         <object_component_ref idref="oc-482"/>
      </symbol>
   </symbol_table>
</link_info>
