******************************************************************************
               TMS320C6x Linker PC v7.4.4                      
******************************************************************************
>> Linked Thu Jul 24 15:18:58 2014

OUTPUT FILE NAME:   <TemplateVideoLoopback.out>
ENTRY POINT SYMBOL: "_c_int00"  address: 84312e00


MEMORY CONFIGURATION

         name            origin    length      used     unused   attr    fill
----------------------  --------  ---------  --------  --------  ----  --------
  CACHE_L2              10800000   00020000  00000000  00020000  RWIX
  CACHE_L1P             10e08000   00008000  00000000  00008000  RWIX
  L1DSRAM               10f04000   00010000  00010000  00000000  RWIX
  CACHE_L1D             10f14000   00004000  00000000  00004000  RWIX
  SRAM                  42000000   00200000  00000000  00200000  RWIX
  DDR2                  80000000   08000000  0431f7f9  03ce0807  RWIX


SECTION ALLOCATION MAP

 output                                  attributes/
section   page    origin      length       input sections
--------  ----  ----------  ----------   ----------------
.vers      0    00000000    00000038     COPY SECTION
                  00000000    00000038     tskcfg.obj (.vers)

.L1DSRAM$heap 
*          0    10f04000    00010000     UNINITIALIZED
                  10f04000    00010000     --HOLE--

.prd       0    80000000    00000000     UNINITIALIZED

.data      0    80000000    00000000     UNINITIALIZED

.DDR2$heap 
*          0    80000000    04000000     UNINITIALIZED
                  80000000    04000000     --HOLE--

.far       0    84000000    002cc93c     UNINITIALIZED
                  84000000    0019491c     imageProcessing.obj (.far)
                  8419491c    00000004     bios.a64P : mem_defi.o64P (.far)
                  84194920    0012fc00     video_loopback.obj (.far)
                  842c4520    00002180     edma3_drv_bios.lib : edma3.obj (.far)
                  842c66a0    00001a30     mcasp_bios_drv.lib : ddc_mcasp.obj (.far)
                  842c80d0    00001478     mcbsp_bios_drv.lib : ddc_mcbsp.obj (.far)
                  842c9548    00000ee8     edma3_rm_bios.lib : edma3resmgr.obj (.far)
                  842ca430    00000050     bios.a64P : tsk_stup.o64P (.far)
                  842ca480    00000910     audio_bios_drv.lib : psp_audio.obj (.far)
                  842cad90    00000578     edma3_drv_bios.lib : edma3cfg.obj (.far)
                  842cb308    000004b8     vpbe_bios_drv.lib : ddc_vpbe.obj (.far)
                  842cb7c0    00000324     rts64plus.lib : defs.obj (.far)
                  842cbae4    00000004     bios6424.a64P : bcache_wait.o64P (.far)
                  842cbae8    0000024c     prev_bios_drv.lib : ddc_previewer.obj (.far)
                  842cbd34    00000004     bios6424.a64P : clk_data.o64P (.far)
                  842cbd38    00000188     rts64plus.lib : atexit.obj (.far)
                  842cbec0    0000014c     vpfe_bios_drv.lib : ddc_vpfe.obj (.far)
                  842cc00c    00000004     rts64plus.lib : fopen.obj (.far)
                  842cc010    0000013c     i2c_bios_drv.lib : dda_i2cIom.obj (.far)
                  842cc14c    00000004     rts64plus.lib : sinit.obj (.far)
                  842cc150    0000011c                   : lowlev.obj (.far)
                  842cc26c    00000004     --HOLE--
                  842cc270    00000100     vpbe_bios_drv.lib : dda_vpbeIom.obj (.far)
                  842cc370    000000e0     mcasp_bios_drv.lib : dda_mcasp_bios.obj (.far)
                  842cc450    000000d8     bios.a64P : knl.o64P (.far)
                  842cc528    000000c8     i2c_bios_drv.lib : ddc_i2c.obj (.far)
                  842cc5f0    000000b8     mcbsp_bios_drv.lib : dda_mcbsp_bios.obj (.far)
                  842cc6a8    00000074     vpfe_bios_drv.lib : dda_vpfeIom.obj (.far)
                  842cc71c    0000005c     bios.a64P : tsk.o64P (.far)
                  842cc778    00000054               : obj_init.o64P (.far)
                  842cc7cc    00000004     --HOLE--
                  842cc7d0    00000020               : sys.o64P (.far)
                  842cc7f0    00000020     edma3_drv_sample.lib : bios_edma3_sample_cfg.obj (.far)
                  842cc810    00000020                          : bios_edma3_sample_init.obj (.far)
                  842cc830    00000020     evmdm6437bsl.lib : evmdm6437_gpio.obj (.far)
                  842cc850    0000001c     audio_params.obj (.far)
                  842cc86c    0000001c     video_bios_drv.lib : tvp5146_extDecoder.obj (.far)
                  842cc888    00000018     i2c_params.obj (.far)
                  842cc8a0    00000018     rtdx64xplus.lib : rtdx_mon.o64P (.far)
                  842cc8b8    00000010     bios.a64P : exc.o64P (.far)
                  842cc8c8    00000010               : knl_tick.o64P (.far)
                  842cc8d8    0000000c               : utl_putc.o64P (.far)
                  842cc8e4    00000004     --HOLE--
                  842cc8e8    0000000c     evmdm6437bsl.lib : evmdm6437_flash_id.obj (.far)
                  842cc8f4    0000000c     prev_bios_drv.lib : dda_previewer.obj (.far)
                  842cc900    0000000c     rts64plus.lib : exit.obj (.far)
                  842cc90c    00000008     bios.a64P : ecm_dispatch.o64P (.far)
                  842cc914    00000008               : gio.o64P (.far)
                  842cc91c    00000008               : sem_crea.o64P (.far)
                  842cc924    00000008     rts64plus.lib : _lock.obj (.far)
                  842cc92c    00000004     --HOLE--
                  842cc930    00000008                   : trgdrv.obj (.far)
                  842cc938    00000004     bios.a64P : dev_init.o64P (.far)

.args      0    842cc93c    00000004     
                  842cc93c    00000004     --HOLE-- [fill = 0]

.text      0    842cc940    0003c220     
                  842cc940    00006780     mcasp_bios_drv.lib : ddc_mcasp.obj (.text)
                  842d30c0    00005380     edma3_drv_bios.lib : edma3.obj (.text)
                  842d8440    00004680     mcbsp_bios_drv.lib : ddc_mcbsp.obj (.text)
                  842dcac0    00003da0     edma3_rm_bios.lib : edma3resmgr.obj (.text)
                  842e0860    00003060     prev_bios_drv.lib : llc_previewer.obj (.text)
                  842e38c0    00002ec0     mcasp_bios_drv.lib : llc_mcasp.obj (.text)
                  842e6780    00002b80     prev_bios_drv.lib : ddc_previewer.obj (.text)
                  842e9300    00002420     vpbe_bios_drv.lib : llc_vpbeOsd.obj (.text)
                  842eb720    000021a0     imageProcessing.obj (.text)
                  842ed8c0    00001e40     vpbe_bios_drv.lib : ddc_vpbe.obj (.text)
                  842ef700    000019e0     vpfe_bios_drv.lib : llc_vpfeCcdc.obj (.text)
                  842f10e0    000019c0     i2c_bios_drv.lib : ddc_i2c.obj (.text)
                  842f2aa0    00001580     vpfe_bios_drv.lib : ddc_vpfe.obj (.text)
                  842f4020    00001500     audio_bios_drv.lib : psp_aic33Codec.obj (.text)
                  842f5520    00001200                        : psp_audio.obj (.text)
                  842f6720    00000fe0     mcbsp_bios_drv.lib : llc_mcbsp.obj (.text)
                  842f7700    00000f40     prev_bios_drv.lib : dda_previewer.obj (.text)
                  842f8640    00000a00     video_bios_drv.lib : tvp5146_extDecoder.obj (.text)
                  842f9040    00000980     vpfe_bios_drv.lib : ddc_vpfeCcdc.obj (.text)
                  842f99c0    000008e0     mcasp_bios_drv.lib : dda_mcasp_bios.obj (.text)
                  842fa2a0    00000860     vpbe_bios_drv.lib : ddc_vpbeOsd.obj (.text)
                  842fab00    00000840     mcbsp_bios_drv.lib : dda_mcbsp_bios.obj (.text)
                  842fb340    00000840     palos_bios.lib : pal_osList.obj (.text)
                  842fbb80    00000840     vpbe_bios_drv.lib : llc_vpbeVenc.obj (.text)
                  842fc3c0    000007c0     i2c_bios_drv.lib : dda_i2cIom.obj (.text)
                  842fcb80    00000760     vpbe_bios_drv.lib : dda_vpbeIom.obj (.text)
                  842fd2e0    00000740                       : ddc_vpbeVenc.obj (.text)
                  842fda20    00000720     vpfe_bios_drv.lib : dda_vpfeIom.obj (.text)
                  842fe140    00000580     rts64plus.lib : _printfi.obj (.text:__getarg_diouxp)
                  842fe6c0    00000540                   : divd.obj (.text:__divd)
                  842fec00    00000520     vpbe_bios_drv.lib : dda_vpbe.obj (.text)
                  842ff120    00000520     vpfe_bios_drv.lib : dda_vpfe.obj (.text)
                  842ff640    000004a0     video_loopback.obj (.text)
                  842ffae0    00000480     evmdm6437bsl.lib : evmdm6437_pll.obj (.text)
                  842fff60    00000440     rts64plus.lib : _printfi.obj (.text:__printfi)
                  843003a0    00000440                   : _printfi.obj (.text:__setfield)
                  843007e0    000003a0                   : fputs.obj (.text:_fputs)
                  84300b80    00000380     evmdm6437bsl.lib : evmdm6437.obj (.text)
                  84300f00    00000340     rts64plus.lib : divf.obj (.text:__divf)
                  84301240    00000340                   : _printfi.obj (.text:__pproc_fge)
                  84301580    00000320     edma3_drv_sample.lib : bios_edma3_sample_cs.obj (.text)
                  843018a0    00000300     rts64plus.lib : _printfi.obj (.text:_ecvt)
                  84301ba0    00000300                   : _printfi.obj (.text:_fcvt)
                  84301ea0    00000300     evmdm6437bsl.lib : evmdm6437_flash_id.obj (.text)
                  843021a0    000002e0     vpbe_bios_drv.lib : llc_vpbeCursor.obj (.text)
                  84302480    000002c0     rts64plus.lib : _printfi.obj (.text:__pproc_fwp)
                  84302740    000002c0     edma3_drv_sample.lib : bios_edma3_sample_init.obj (.text)
                  84302a00    000002a0     rts64plus.lib : _printfi.obj (.text:__pconv_e)
                  84302ca0    000002a0     palos_bios.lib : pal_osmem.obj (.text)
                  84302f40    00000260     rts64plus.lib : imath64.obj (.text:__divull)
                  843031a0    00000260                   : mpyd.obj (.text:__mpyd)
                  84303400    00000260     evmdm6437bsl.lib : evmdm6437_i2c.obj (.text)
                  84303660    00000240     rts64plus.lib : _printfi.obj (.text:__pproc_diouxp)
                  843038a0    00000240     evmdm6437bsl.lib : evmdm6437_psc.obj (.text)
                  84303ae0    00000220     rts64plus.lib : _printfi.obj (.text:__pproc_str)
                  84303d00    00000220                   : fputc.obj (.text:_fputc)
                  84303f20    00000200                   : addd.obj (.text:__addd)
                  84304120    00000200                   : frcaddd.obj (.text:__frcaddd)
                  84304320    00000200                   : _printfi.obj (.text:__pconv_g)
                  84304520    00000200                   : setvbuf.obj (.text:_setvbuf)
                  84304720    00000200     vpbe_bios_drv.lib : ddc_vpbeCursor.obj (.text)
                  84304920    000001e0     evmdm6437bsl.lib : evmdm6437_i2c_gpio.obj (.text)
                  84304b00    000001e0     video_bios_drv.lib : psp_i2c_interface.obj (.text)
                  84304ce0    000001c0     rts64plus.lib : _printfi.obj (.text:__mcpy)
                  84304ea0    000001c0     evmdm6437bsl.lib : evmdm6437_gpio.obj (.text)
                  84305060    000001a0     rts64plus.lib : imath40.obj (.text:__divul)
                  84305200    000001a0     evmdm6437bsl.lib : evmdm6437_ddr.obj (.text)
                  843053a0    00000180     rts64plus.lib : trgdrv.obj (.text:_HOSTrename)
                  84305520    00000180     i2c_bios_drv.lib : dda_i2cBios.obj (.text)
                  843056a0    00000140     rts64plus.lib : lowlev.obj (.text:_getdevice)
                  843057e0    00000140     evmdm6437bsl.lib : evmdm6437_flash.obj (.text)
                  84305920    00000140     palos_bios.lib : pal_oscache.obj (.text)
                  84305a60    00000120     rts64plus.lib : fclose.obj (.text:__closefile)
                  84305b80    00000120                   : _printfi.obj (.text:__ltostr)
                  84305ca0    00000120                   : _printfi.obj (.text:__pproc_fflags)
                  84305dc0    00000120                   : fseek.obj (.text:_fseek)
                  84305ee0    00000100                   : trgdrv.obj (.text:_HOSTlseek)
                  84305fe0    00000100                   : frcmpyd.obj (.text:__frcmpyd)
                  843060e0    00000100                   : _io_perm.obj (.text:__wrt_ok)
                  843061e0    00000100                   : sinit.obj (.text:_call_dtors)
                  843062e0    00000100     palos_bios.lib : pal_ossem.obj (.text)
                  843063e0    000000e0     rts64plus.lib : trgdrv.obj (.text:_HOSTopen)
                  843064c0    000000e0                   : cmpd.obj (.text:__cmpd)
                  843065a0    000000e0                   : divi.obj (.text:__divi)
                  84306680    000000e0                   : atoi.obj (.text:_atoi)
                  84306760    000000e0                   : lowlev.obj (.text:_close)
                  84306840    000000e0                   : fflush.obj (.text:_fflush)
                  84306920    000000e0                   : memset.obj (.text:_memset)
                  84306a00    000000e0                   : printf.obj (.text:_printf)
                  84306ae0    000000c0                   : trgdrv.obj (.text:_HOSTread)
                  84306ba0    000000c0                   : trgdrv.obj (.text:_HOSTunlink)
                  84306c60    000000c0                   : trgdrv.obj (.text:_HOSTwrite)
                  84306d20    000000c0                   : _printfi.obj (.text:__div)
                  84306de0    000000c0                   : divu.obj (.text:__divu)
                  84306ea0    000000c0                   : fflush.obj (.text:__doflush)
                  84306f60    000000c0                   : remi.obj (.text:__remi)
                  84307020    000000c0                   : atexit.obj (.text:_atexit)
                  843070e0    000000c0                   : ltoa.obj (.text:_ltoa)
                  843071a0    000000c0     bios.a64P : tsk_stup.o64P (.text)
                  84307260    000000c0     palos_bios.lib : pal_osWait.obj (.text)
                  84307320    000000c0     vpbe_bios_drv.lib : dda_vpbeBios.obj (.text)
                  843073e0    000000a0     rts64plus.lib : trgdrv.obj (.text:_HOSTclose)
                  84307480    000000a0                   : fopen.obj (.text:__cleanup)
                  84307520    000000a0                   : imath40.obj (.text:__divli)
                  843075c0    000000a0                   : _printfi.obj (.text:__ecpy)
                  84307660    000000a0                   : _printfi.obj (.text:__fcpy)
                  84307700    000000a0                   : fixdli.obj (.text:__fixdli)
                  843077a0    000000a0                   : _printfi.obj (.text:__pconv_f)
                  84307840    000000a0                   : remu.obj (.text:__remu)
                  843078e0    000000a0                   : lowlev.obj (.text:_finddevice)
                  84307980    000000a0                   : lowlev.obj (.text:_lseek)
                  84307a20    000000a0                   : memcpy64.obj (.text:_memcpy)
                  84307ac0    000000a0                   : modf.obj (.text:_modf)
                  84307b60    000000a0                   : lowlev.obj (.text:_write)
                  84307c00    000000a0     vpfe_bios_drv.lib : dda_vpfeBios.obj (.text)
                  84307ca0    00000080     rts64plus.lib : fixdi.obj (.text:__fixdi)
                  84307d20    00000080                   : fixdu.obj (.text:__fixdu)
                  84307da0    00000080                   : fltlid.obj (.text:__fltlid)
                  84307e20    00000080                   : llshift.obj (.text:__llshl)
                  84307ea0    00000080                   : renormd.obj (.text:__renormd)
                  84307f20    00000080                   : trgmsg.obj (.text:_readmsg)
                  84307fa0    00000080                   : lowlev.obj (.text:_unlink)
                  84308020    00000080     evmdm6437bsl.lib : evmdm6437_dip.obj (.text)
                  843080a0    00000080     palos_bios.lib : pal_osprotect.obj (.text)
                  84308120    00000060     rts64plus.lib : cvtfd.obj (.text:__cvtfd)
                  84308180    00000060                   : imath64.obj (.text:__subcull)
                  843081e0    00000060                   : ceil.obj (.text:_ceil)
                  84308240    00000060                   : memccpy.obj (.text:_memccpy)
                  843082a0    00000060                   : strcpy.obj (.text:_strcpy)
                  84308300    00000060                   : trgmsg.obj (.text:_writemsg)
                  84308360    00000040                   : sinit.obj (.text:___add_dtor)
                  843083a0    00000040                   : isinf.obj (.text:___isinf)
                  843083e0    00000040                   : _printfi.obj (.text:___isnan)
                  84308420    00000040                   : fltuf.obj (.text:__fltuf)
                  84308460    00000040                   : frcmpyd_div.obj (.text:__frcmpyd_div)
                  843084a0    00000040                   : frcmpyf_div.obj (.text:__frcmpyf_div)
                  843084e0    00000040                   : llshift.obj (.text:__llshru)
                  84308520    00000040                   : negd.obj (.text:__negd)
                  84308560    00000040                   : imath40.obj (.text:__remli)
                  843085a0    00000040                   : strasg.obj (.text:__strasgi_64plus)
                  843085e0    00000040                   : subd.obj (.text:__subd)
                  84308620    00000040     extractY.obj (.text)
                  84308660    00000040     palos_bios.lib : pal_osInt.obj (.text)
                  843086a0    00000040     y_cb_cr_to_ycbcr.obj (.text)
                  843086e0    00000020     rts64plus.lib : negll.obj (.text:__negll)
                  84308700    00000020                   : _lock.obj (.text:__nop)
                  84308720    00000020                   : printf.obj (.text:__outc)
                  84308740    00000020                   : printf.obj (.text:__outs)
                  84308760    00000020                   : _lock.obj (.text:__register_lock)
                  84308780    00000020                   : _lock.obj (.text:__register_unlock)
                  843087a0    00000020                   : remove.obj (.text:_remove)
                  843087c0    00000020     bios.a64P : log_printf.o64P ($Tramp$S$$_LOG_printf)
                  843087e0    00000020     bios6424.a64P : bcache_block.o64P ($Tramp$S$$_BCACHE_wbInv)
                  84308800    00000020     bios.a64P : mem_allo.o64P ($Tramp$S$$_MEM_alloc)
                  84308820    00000020               : mem_free.o64P ($Tramp$S$$_MEM_free)
                  84308840    00000020               : ecm_disableEvent.o64P ($Tramp$S$$_ECM_disableEvent)
                  84308860    00000020               : ecm_dispatchPlug.o64P ($Tramp$S$$_ECM_dispatchPlug)
                  84308880    00000020               : ecm_enableEvent.o64P ($Tramp$S$$_ECM_enableEvent)
                  843088a0    00000020               : c62_c.o64P ($Tramp$S$$_C64_enableIER)
                  843088c0    00000020               : clk_getltime.o64P ($Tramp$S$$_CLK_getltime)
                  843088e0    00000010               : gio_crea.o64P ($Tramp$S$$_GIO_create)
                  843088f0    00000010               : gio_cntl.o64P ($Tramp$S$$_GIO_control)
                  84308900    00000010               : gio_sbmt.o64P ($Tramp$S$$_GIO_submit)
                  84308910    00000010               : sem_pend_counting.o64P ($Tramp$S$$_SEM_pend)
                  84308920    00000020               : hwi_c.o64P ($Tramp$S$$_HWI_disable)
                  84308940    00000020               : tsk_disa.o64P ($Tramp$S$$_TSK_disable)
                  84308960    00000020               : hwi_c.o64P ($Tramp$S$$_HWI_restore)
                  84308980    00000020               : tsk_disa.o64P ($Tramp$S$$_TSK_enable)
                  843089a0    00000020               : clk_countspms.o64P ($Tramp$S$$_CLK_countspms)
                  843089c0    00000020               : clk_getprd.o64P ($Tramp$S$$_CLK_getprd)
                  843089e0    00000020               : sem_pend_counting.o64P ($Tramp$S$$_SEM_pend)
                  84308a00    00000020     bios6424.a64P : bcache_block.o64P ($Tramp$S$$_BCACHE_inv)
                  84308a20    00000020                   : bcache_block.o64P ($Tramp$S$$_BCACHE_wb)
                  84308a40    00000020     bios.a64P : sem_crea.o64P ($Tramp$S$$_SEM_create)
                  84308a60    00000020               : sem_dele.o64P ($Tramp$S$$_SEM_delete)
                  84308a80    00000020               : sem_post_asm.o64P ($Tramp$S$$_SEM_post)
                  84308aa0    00000020               : mem_defi.o64P ($Tramp$S$$_MEM_define)
                  84308ac0    00000020               : mem_unde.o64P ($Tramp$S$$_MEM_undefine)
                  84308ae0    00000010               : malloc.o64P ($Tramp$S$$_free)
                  84308af0    00000010               : malloc.o64P ($Tramp$S$$_malloc)
                  84308b00    00000020               : lck.o64P ($Tramp$S$$_LCK_post)
                  84308b20    00000020               : lck.o64P ($Tramp$S$$_LCK_pend)
                  84308b40    00000020               : sys_abor.o64P ($Tramp$S$$_SYS_abort)

.bios      0    84308b60    00005ce0     
                  84308b60    000005c0     bios.a64P : sys_prin.o64P (.bios)
                  84309120    000005c0     lnkrtdx.a64P : rtdx.o64P (.bios)
                  843096e0    00000520     bios.a64P : exc.o64P (.bios)
                  84309c00    000004e0               : hwi_disp_asm.o64P (.bios)
                  8430a0e0    000004c0               : swi.o64P (.bios)
                  8430a5a0    00000380               : prd.o64P (.bios)
                  8430a920    000002a0               : gio_crea.o64P (.bios)
                  8430abc0    000002a0               : malloc.o64P (.bios)
                  8430ae60    00000280               : rta.o64P (.bios)
                  8430b0e0    00000240               : knl_run.o64P (.bios)
                  8430b320    00000240               : mem_defi.o64P (.bios)
                  8430b560    00000220               : mem_rede.o64P (.bios)
                  8430b780    00000200               : mem_free.o64P (.bios:.near)
                  8430b980    00000200               : sem_pend.o64P (.bios)
                  8430bb80    000001e0               : mem_allo.o64P (.bios:.near)
                  8430bd60    000001e0               : exc_asm.o64P (.bios)
                  8430bf40    000001e0               : knl_tick.o64P (.bios)
                  8430c120    000001e0               : pip.o64P (.bios)
                  8430c300    000001c0               : gio_sbmt.o64P (.bios)
                  8430c4c0    000001c0               : sem_dopo.o64P (.bios)
                  8430c680    000001c0     bios6424.a64P : bcache_block.o64P (.bios)
                  8430c840    000001a0     bios.a64P : tsk_setu.o64P (.bios)
                  8430c9e0    000001a0     bios6424.a64P : clk.o64P (.bios)
                  8430cb80    00000180     bios.a64P : knl_swit.o64P (.bios)
                  8430cd00    00000140               : autoinit.o64P (.bios)
                  8430ce40    00000140               : tsk_exit.o64P (.bios)
                  8430cf80    00000140     bios6424.a64P : bcache_init.o64P (.bios)
                  8430d0c0    00000120     bios.a64P : gbl_cacheinit64P.o64P (.bios)
                  8430d1e0    00000120               : knl_chec.o64P (.bios)
                  8430d300    00000120               : mem_unde.o64P (.bios)
                  8430d420    00000120               : tsk_stup.o64P (.bios)
                  8430d540    00000100               : ecm_dispatch.o64P (.bios)
                  8430d640    00000100               : gio_dele.o64P (.bios)
                  8430d740    000000e0               : sem_post_asm.o64P (.bios)
                  8430d820    000000c0               : dev_matc.o64P (.bios)
                  8430d8e0    000000c0               : knl_exit.o64P (.bios)
                  8430d9a0    000000a0               : sem_post.o64P (.bios)
                  8430da40    000000a0               : sys_exit.o64P (.bios)
                  8430dae0    00000080               : atm.o64P (.bios)
                  8430db60    00000080               : gio_cbck.o64P (.bios)
                  8430dbe0    00000080               : knl_ipos.o64P (.bios)
                  8430dc60    00000080               : knl_post.o64P (.bios)
                  8430dce0    00000080               : lck.o64P (.bios)
                  8430dd60    00000080               : log.o64P (.bios)
                  8430dde0    00000080               : obj_crea.o64P (.bios)
                  8430de60    00000080               : sem_crea.o64P (.bios)
                  8430dee0    00000080               : tsk_disa.o64P (.bios)
                  8430df60    00000080     bios6424.a64P : bcache_wait.o64P (.bios)
                  8430dfe0    00000080                   : idl_cal.o64P (.bios)
                  8430e060    00000060     bios.a64P : mem_vall.o64P (.bios:.near)
                  8430e0c0    00000060               : sys_erro.o64P (.bios:.near)
                  8430e120    00000060               : ecm_dispatchPlug.o64P (.bios)
                  8430e180    00000060               : fxn.o64P (.bios)
                  8430e1e0    00000060               : hwi_c.o64P (.bios)
                  8430e240    00000060               : idl_busy.o64P (.bios)
                  8430e2a0    00000060               : obj_dele.o64P (.bios)
                  8430e300    00000060               : sem_pend_counting.o64P (.bios)
                  8430e360    00000060               : sts.o64P (.bios)
                  8430e3c0    00000060               : sys_abor.o64P (.bios)
                  8430e420    00000060               : utl_putc.o64P (.bios)
                  8430e480    00000060     bios6424.a64P : clk_meas.o64P (.bios)
                  8430e4e0    00000040     bios.a64P : c62_c.o64P (.bios)
                  8430e520    00000040               : ecm_disableEvent.o64P (.bios)
                  8430e560    00000040               : ecm_enableEvent.o64P (.bios)
                  8430e5a0    00000040               : idl_stub.o64P (.bios)
                  8430e5e0    00000040               : que_get.o64P (.bios)
                  8430e620    00000040               : rta_andn.o64P (.bios)
                  8430e660    00000040               : utl_doab.o64P (.bios)
                  8430e6a0    00000020               : clk_countspms.o64P (.bios)
                  8430e6c0    00000020               : clk_getltime.o64P (.bios)
                  8430e6e0    00000020               : clk_getprd.o64P (.bios)
                  8430e700    00000020               : fxn_c.o64P (.bios)
                  8430e720    00000020               : gbl_vers.o64P (.bios)
                  8430e740    00000020               : gio_cntl.o64P (.bios)
                  8430e760    00000020               : idl.o64P (.bios)
                  8430e780    00000020               : log_printf.o64P (.bios)
                  8430e7a0    00000020               : sem_dele.o64P (.bios)
                  8430e7c0    00000020               : sts_set.o64P (.bios)
                  8430e7e0    00000020               : utl_doer.o64P (.bios)
                  8430e800    00000020               : utl_halt.o64P (.bios)
                  8430e820    00000020     bios6424.a64P : clk_gethtime.o64P (.bios)

.TSK_video_loopback$stk 
*          0    8430e840    00004000     UNINITIALIZED
                  8430e840    00004000     tskcfg.obj (.TSK_video_loopback$stk)

.sysinit   0    84312840    000007c0     
                  84312840    000003c0     tskcfg.obj (.sysinit)
                  84312c00    00000120     bios.a64P : dev_init.o64P (.sysinit)
                  84312d20    000000e0     bios6424.a64P : clk_enable64LcTimer.o64P (.sysinit)
                  84312e00    000000c0     bios.a64P : boot.o64P (.sysinit)
                  84312ec0    000000a0               : mem_init.o64P (.sysinit)
                  84312f60    00000060               : tsk_init.o64P (.sysinit)
                  84312fc0    00000020               : gio.o64P (.sysinit)
                  84312fe0    00000020               : obj_init.o64P (.sysinit)

.LOG_system$buf 
*          0    84313000    00001000     UNINITIALIZED
                  84313000    00001000     tskcfg.obj (.LOG_system$buf)

.trace$buf 
*          0    84314000    00004000     UNINITIALIZED
                  84314000    00004000     tskcfg.obj (.trace$buf)

.cinit     0    84318000    00002a24     
                  84318000    000010bc     tskcfg.obj (.cinit)
                  843190bc    00000004     --HOLE-- [fill = 0]
                  843190c0    00000588     edma3_drv_bios.lib : edma3cfg.obj (.cinit)
                  84319648    0000026c     bios.a64P : biosdata.o64P (.cinit)
                  843198b4    00000004     --HOLE-- [fill = 0]
                  843198b8    000001cc     audio_bios_drv.lib : psp_audio.obj (.cinit)
                  84319a84    00000004     --HOLE-- [fill = 0]
                  84319a88    000001a4     bios.a64P : knl.o64P (.cinit)
                  84319c2c    00000004     --HOLE-- [fill = 0]
                  84319c30    00000104     mcasp_bios_drv.lib : dda_mcasp_bios.obj (.cinit)
                  84319d34    00000004     --HOLE-- [fill = 0]
                  84319d38    000000dc     mcbsp_bios_drv.lib : dda_mcbsp_bios.obj (.cinit)
                  84319e14    00000004     --HOLE-- [fill = 0]
                  84319e18    000000d4                        : ddc_mcbsp.obj (.cinit)
                  84319eec    00000004     --HOLE-- [fill = 0]
                  84319ef0    000000bc     imageProcessing.obj (.cinit)
                  84319fac    00000004     --HOLE-- [fill = 0]
                  84319fb0    000000b0     bios.a64P : swi.o64P (.cinit)
                  8431a060    00000080               : tsk.o64P (.cinit)
                  8431a0e0    0000006a     edma3_drv_bios.lib : edma3.obj (.cinit)
                  8431a14a    00000006     --HOLE-- [fill = 0]
                  8431a150    00000068     edma3_drv_sample.lib : bios_edma3_sample_cfg.obj (.cinit)
                  8431a1b8    00000068     rtdx64xplus.lib : rtdx_mon.o64P (.cinit)
                  8431a220    00000060     bios.a64P : tsk_stup.o64P (.cinit)
                  8431a280    0000005c     lnkrtdx.a64P : rtdx.o64P (.cinit)
                  8431a2dc    00000004     --HOLE-- [fill = 0]
                  8431a2e0    0000005c     rts64plus.lib : defs.obj (.cinit)
                  8431a33c    00000004     --HOLE-- [fill = 0]
                  8431a340    0000005c                   : lowlev.obj (.cinit)
                  8431a39c    00000004     --HOLE-- [fill = 0]
                  8431a3a0    00000058     evmdm6437bsl.lib : evmdm6437_gpio.obj (.cinit)
                  8431a3f8    00000058     vpbe_bios_drv.lib : dda_vpbeIom.obj (.cinit)
                  8431a450    00000058     vpfe_bios_drv.lib : dda_vpfeIom.obj (.cinit)
                  8431a4a8    0000004c     bios.a64P : rta.o64P (.cinit)
                  8431a4f4    00000004     --HOLE-- [fill = 0]
                  8431a4f8    0000004c     rtdx64xplus.lib : buffer1.o64P (.cinit)
                  8431a544    00000004     --HOLE-- [fill = 0]
                  8431a548    0000004a     edma3_rm_bios.lib : edma3resmgr.obj (.cinit)
                  8431a592    00000006     --HOLE-- [fill = 0]
                  8431a598    00000048     edma3_drv_sample.lib : bios_edma3_sample_init.obj (.cinit)
                  8431a5e0    00000044     prev_bios_drv.lib : dda_previewer.obj (.cinit)
                  8431a624    00000004     --HOLE-- [fill = 0]
                  8431a628    0000003c     bios.a64P : exc.o64P (.cinit)
                  8431a664    00000004     --HOLE-- [fill = 0]
                  8431a668    0000003c     evmdm6437bsl.lib : evmdm6437_flash_id.obj (.cinit)
                  8431a6a4    00000004     --HOLE-- [fill = 0]
                  8431a6a8    0000003c     mcbsp_bios_drv.lib : llc_mcbsp.obj (.cinit)
                  8431a6e4    00000004     --HOLE-- [fill = 0]
                  8431a6e8    00000034     bios.a64P : hwi.o64P (.cinit)
                  8431a71c    00000004     --HOLE-- [fill = 0]
                  8431a720    00000034     prev_bios_drv.lib : ddc_previewer.obj (.cinit)
                  8431a754    00000004     --HOLE-- [fill = 0]
                  8431a758    0000002c     bios.a64P : utl_putc.o64P (.cinit)
                  8431a784    00000004     --HOLE-- [fill = 0]
                  8431a788    0000002c     rts64plus.lib : exit.obj (.cinit)
                  8431a7b4    00000004     --HOLE-- [fill = 0]
                  8431a7b8    00000024     audio_params.obj (.cinit)
                  8431a7dc    00000004     --HOLE-- [fill = 0]
                  8431a7e0    00000024     bios.a64P : obj_init.o64P (.cinit)
                  8431a804    00000004     --HOLE-- [fill = 0]
                  8431a808    00000020     i2c_bios_drv.lib : dda_i2cIom.obj (.cinit)
                  8431a828    00000020     i2c_params.obj (.cinit)
                  8431a848    0000001c     audio_bios_drv.lib : psp_aic33Codec.obj (.cinit)
                  8431a864    00000004     --HOLE-- [fill = 0]
                  8431a868    0000001c     bios.a64P : exc_asm.o64P (.cinit)
                  8431a884    00000004     --HOLE-- [fill = 0]
                  8431a888    0000001c               : mem_defi.o64P (.cinit)
                  8431a8a4    00000004     --HOLE-- [fill = 0]
                  8431a8a8    0000001c               : sys.o64P (.cinit)
                  8431a8c4    00000004     --HOLE-- [fill = 0]
                  8431a8c8    0000001c     rts64plus.lib : _lock.obj (.cinit)
                  8431a8e4    00000004     --HOLE-- [fill = 0]
                  8431a8e8    0000001c                   : atexit.obj (.cinit)
                  8431a904    00000004     --HOLE-- [fill = 0]
                  8431a908    0000001c     video_bios_drv.lib : psp_i2c_interface.obj (.cinit)
                  8431a924    00000004     --HOLE-- [fill = 0]
                  8431a928    00000018     bios.a64P : knl_tick.o64P (.cinit)
                  8431a940    00000010               : gio.o64P (.cinit)
                  8431a950    00000010               : sem_crea.o64P (.cinit)
                  8431a960    0000000e               : ecm_dispatch.o64P (.cinit)
                  8431a96e    00000002     --HOLE-- [fill = 0]
                  8431a970    0000000c               : idl_busy.o64P (.cinit)
                  8431a97c    00000004     --HOLE-- [fill = 0]
                  8431a980    0000000c               : knl_swit.o64P (.cinit)
                  8431a98c    00000004     --HOLE-- [fill = 0]
                  8431a990    0000000c               : tsk_disa.o64P (.cinit)
                  8431a99c    00000004     --HOLE-- [fill = 0]
                  8431a9a0    0000000c     bios6424.a64P : bcache_wait.o64P (.cinit)
                  8431a9ac    00000004     --HOLE-- [fill = 0]
                  8431a9b0    0000000c     evmdm6437bsl.lib : evmdm6437_i2c.obj (.cinit)
                  8431a9bc    00000004     --HOLE-- [fill = 0]
                  8431a9c0    0000000c                      : evmdm6437_psc.obj (.cinit)
                  8431a9cc    00000004     --HOLE-- [fill = 0]
                  8431a9d0    0000000c     prev_bios_drv.lib : llc_previewer.obj (.cinit)
                  8431a9dc    00000004     --HOLE-- [fill = 0]
                  8431a9e0    0000000c     rts64plus.lib : fopen.obj (.cinit)
                  8431a9ec    00000004     --HOLE-- [fill = 0]
                  8431a9f0    0000000c                   : sinit.obj (.cinit)
                  8431a9fc    00000004     --HOLE-- [fill = 0]
                  8431aa00    0000000c     video_loopback.obj (.cinit)
                  8431aa0c    00000004     --HOLE-- [fill = 0]
                  8431aa10    0000000c     vpfe_bios_drv.lib : ddc_vpfe.obj (.cinit)
                  8431aa1c    00000004     --HOLE-- [fill = 0]
                  8431aa20    00000004     (.pad.cinit) [fill = 0]

.mem       0    8431aa24    00000004     UNINITIALIZED
                  8431aa24    00000004     tskcfg.obj (.mem)

.stack     0    8431aa28    00001000     UNINITIALIZED
                  8431aa28    00001000     --HOLE--

.gio       0    8431ba28    00000010     UNINITIALIZED
                  8431ba28    00000010     tskcfg.obj (.gio)

.clk       0    8431ba38    00000008     UNINITIALIZED
                  8431ba38    00000008     tskcfg.obj (.clk)

.rtdx_text 
*          0    8431ba40    00000fc0     
                  8431ba40    000002a0     rtdx64xplus.lib : rtdx_mon.o64P (.rtdx_text:_HSRTDX_rec)
                  8431bce0    00000260                     : buffer1.o64P (.rtdx_text:_RTDX_Buffer_WriteCB)
                  8431bf40    00000260                     : buffer1.o64P (.rtdx_text:_RTDX_write_next)
                  8431c1a0    000001a0                     : rtdx_mon.o64P (.rtdx_text:_HSRTDX_xmt)
                  8431c340    00000160                     : rtdx_mon.o64P (.rtdx_text:_RTDX_Send_To_Host)
                  8431c4a0    000000e0                     : rtdx_mon.o64P (.rtdx_text:_RTDX_Mon_Queue)
                  8431c580    000000e0                     : buffer1.o64P (.rtdx_text:_claim)
                  8431c660    000000a0                     : rtdx_mon.o64P (.rtdx_text:_RTDX_GetH2THeader)
                  8431c700    000000a0                     : rtdx_mon.o64P (.rtdx_text:_RTDX_Poll)
                  8431c7a0    00000080                     : rtdx_mon.o64P (.rtdx_text:_RTDX_Final_RT_Monitor)
                  8431c820    00000060                     : buffer1.o64P (.rtdx_text:_RTDX_Buffer_Initialize)
                  8431c880    00000060                     : rtdx_mon.o64P (.rtdx_text:_RTDX_Init_RT_Monitor)
                  8431c8e0    00000040                     : buffer2.o64P (.rtdx_text:_RTDX_Buffer_ReadCB)
                  8431c920    00000040                     : buffer1.o64P (.rtdx_text:_RTDX_Buffer_Size)
                  8431c960    00000040                     : memfill.o64P (.rtdx_text:_RTDX_memfill)
                  8431c9a0    00000020                     : buffer2.o64P (.rtdx_text:_RTDX_Buffer_Read)
                  8431c9c0    00000020                     : buffer1.o64P (.rtdx_text:_RTDX_Buffer_Write)
                  8431c9e0    00000020                     : intr_tgt.o64P (.rtdx_text)

.const     0    8431ca00    00000c59     
                  8431ca00    00000289     prev_bios_drv.lib : ddc_previewer.obj (.const)
                  8431cc89    00000193     bios.a64P : exc.o64P (.const)
                  8431ce1c    0000015d     audio_bios_drv.lib : psp_aic33Codec.obj (.const)
                  8431cf79    00000007     bios.a64P : sys_prin.o64P (.const)
                  8431cf80    00000101     rts64plus.lib : ctype.obj (.const:.string:__ctypes_)
                  8431d081    00000002                   : fputs.obj (.const:.string)
                  8431d083    00000001     --HOLE-- [fill = 0]
                  8431d084    000000b4     video_loopback.obj (.const)
                  8431d138    000000a2     prev_bios_drv.lib : dda_previewer.obj (.const)
                  8431d1da    00000002     --HOLE-- [fill = 0]
                  8431d1dc    00000098     audio_bios_drv.lib : psp_audio.obj (.const)
                  8431d274    00000098     mcasp_bios_drv.lib : ddc_mcasp.obj (.const)
                  8431d30c    00000080     mcbsp_bios_drv.lib : ddc_mcbsp.obj (.const)
                  8431d38c    0000004e     bios.a64P : tsk_stup.o64P (.const)
                  8431d3da    00000004               : gio_crea.o64P (.const)
                  8431d3de    00000002     --HOLE-- [fill = 0]
                  8431d3e0    0000004a     video_bios_drv.lib : tvp5146_extDecoder.obj (.const)
                  8431d42a    00000002     --HOLE-- [fill = 0]
                  8431d42c    0000003c     video_loopback.obj (.const:.string)
                  8431d468    00000032     bios.a64P : mem_rede.o64P (.const)
                  8431d49a    00000002     --HOLE-- [fill = 0]
                  8431d49c    0000002c     i2c_bios_drv.lib : ddc_i2c.obj (.const)
                  8431d4c8    0000002b     palos_bios.lib : pal_oscache.obj (.const)
                  8431d4f3    00000001     --HOLE-- [fill = 0]
                  8431d4f4    00000028     mcasp_bios_drv.lib : dda_mcasp_bios.obj (.const)
                  8431d51c    00000023     rts64plus.lib : _printfi.obj (.const:.string)
                  8431d53f    00000023     bios.a64P : utl_doab.o64P (.const)
                  8431d562    00000022               : utl_doer.o64P (.const)
                  8431d584    00000020               : dev_init.o64P (.const)
                  8431d5a4    0000001f     tskcfg.obj (.const)
                  8431d5c3    00000001     --HOLE-- [fill = 0]
                  8431d5c4    0000001c     mcbsp_bios_drv.lib : dda_mcbsp_bios.obj (.const)
                  8431d5e0    00000017     vpbe_bios_drv.lib : ddc_vpbe.obj (.const)
                  8431d5f7    00000001     --HOLE-- [fill = 0]
                  8431d5f8    00000017     vpfe_bios_drv.lib : ddc_vpfe.obj (.const)
                  8431d60f    00000001     --HOLE-- [fill = 0]
                  8431d610    00000011     bios.a64P : sys_prin.o64P (.const:_digtohex)
                  8431d621    00000003     --HOLE-- [fill = 0]
                  8431d624    0000000c     imageProcessing.obj (.const:.string)
                  8431d630    00000008     rts64plus.lib : divd.obj (.const:.string:_initial_approx$1)
                  8431d638    00000008                   : divf.obj (.const:.string:_initial_approx$1)
                  8431d640    00000008     edma3_drv_sample.lib : bios_edma3_sample_init.obj (.const)
                  8431d648    00000004     bios.a64P : mem_allo.o64P (.const)
                  8431d64c    00000004               : mem_free.o64P (.const)
                  8431d650    00000004               : mem_unde.o64P (.const)
                  8431d654    00000001               : sem_crea.o64P (.const)
                  8431d655    00000003     --HOLE-- [fill = 0]
                  8431d658    00000001               : tsk.o64P (.const)

.printf    0    8431d659    00000059     COPY SECTION
                  8431d659    00000059     tskcfg.obj (.printf)

.bss       0    8431d660    000008cc     UNINITIALIZED
                  8431d660    00000444     tskcfg.obj (.bss)
                  8431daa4    00000100     bios.a64P : hwi_disp_asm.o64P (.bss)
                  8431dba4    000000cc               : biosdata.o64P (.bss)
                  8431dc70    0000009c               : swi.o64P (.bss)
                  8431dd0c    00000048               : knl.o64P (.bss)
                  8431dd54    00000044     imageProcessing.obj (.bss)
                  8431dd98    00000020     audio_bios_drv.lib : psp_audio.obj (.bss)
                  8431ddb8    00000020     bios.a64P : exc_asm.o64P (.bss)
                  8431ddd8    0000001a     edma3_drv_bios.lib : edma3.obj (.bss)
                  8431ddf2    00000002     --HOLE--
                  8431ddf4    00000018     bios.a64P : hwi.o64P (.bss)
                  8431de0c    00000018     lnkrtdx.a64P : rtdx.o64P (.bss)
                  8431de24    00000010     bios.a64P : exc.o64P (.bss)
                  8431de34    00000010     edma3_drv_sample.lib : bios_edma3_sample_cfg.obj (.bss)
                  8431de44    00000010     evmdm6437bsl.lib : evmdm6437_flash_id.obj (.bss)
                  8431de54    00000010     mcbsp_bios_drv.lib : llc_mcbsp.obj (.bss)
                  8431de64    00000010     rtdx64xplus.lib : buffer1.o64P (.bss)
                  8431de74    00000010                     : rtdx_mon.o64P (.bss)
                  8431de84    0000000e     edma3_rm_bios.lib : edma3resmgr.obj (.bss)
                  8431de92    00000002     --HOLE--
                  8431de94    0000000c     audio_bios_drv.lib : psp_aic33Codec.obj (.bss)
                  8431dea0    0000000c     bios.a64P : tsk.o64P (.bss)
                  8431deac    0000000c     prev_bios_drv.lib : dda_previewer.obj (.bss)
                  8431deb8    0000000c                       : llc_previewer.obj (.bss)
                  8431dec4    00000008     bios.a64P : clk_data.o64P (.bss)
                  8431decc    00000008               : sys.o64P (.bss)
                  8431ded4    00000008     edma3_drv_sample.lib : bios_edma3_sample_init.obj (.bss)
                  8431dedc    00000008     prev_bios_drv.lib : ddc_previewer.obj (.bss)
                  8431dee4    00000008     video_bios_drv.lib : psp_i2c_interface.obj (.bss)
                  8431deec    00000004     bios.a64P : clk_data2.o64P (.bss)
                  8431def0    00000004               : dev_init.o64P (.bss)
                  8431def4    00000004               : idl_busy.o64P (.bss)
                  8431def8    00000004               : mem_asm.o64P (.bss)
                  8431defc    00000004               : mem_defi.o64P (.bss)
                  8431df00    00000004               : tsk_disa.o64P (.bss)
                  8431df04    00000004     evmdm6437bsl.lib : evmdm6437_i2c.obj (.bss)
                  8431df08    00000004                      : evmdm6437_psc.obj (.bss)
                  8431df0c    00000004     mcasp_bios_drv.lib : dda_mcasp_bios.obj (.bss)
                  8431df10    00000004     mcbsp_bios_drv.lib : dda_mcbsp_bios.obj (.bss)
                  8431df14    00000004     video_loopback.obj (.bss)
                  8431df18    00000004     vpbe_bios_drv.lib : llc_vpbeCursor.obj (.bss)
                  8431df1c    00000004                       : llc_vpbeOsd.obj (.bss)
                  8431df20    00000004                       : llc_vpbeVenc.obj (.bss)
                  8431df24    00000004     vpfe_bios_drv.lib : ddc_vpfe.obj (.bss)
                  8431df28    00000004                       : llc_vpfeCcdc.obj (.bss)

.switch    0    8431df2c    000005c8     
                  8431df2c    000000e4     mcasp_bios_drv.lib : llc_mcasp.obj (.switch)
                  8431e010    000000e0     vpbe_bios_drv.lib : llc_vpbeOsd.obj (.switch)
                  8431e0f0    000000b8     edma3_drv_bios.lib : edma3.obj (.switch)
                  8431e1a8    00000070     audio_bios_drv.lib : psp_audio.obj (.switch)
                  8431e218    0000005c     mcbsp_bios_drv.lib : ddc_mcbsp.obj (.switch)
                  8431e274    00000050     mcasp_bios_drv.lib : ddc_mcasp.obj (.switch)
                  8431e2c4    00000040     edma3_rm_bios.lib : edma3resmgr.obj (.switch)
                  8431e304    00000040     i2c_bios_drv.lib : ddc_i2c.obj (.switch)
                  8431e344    00000030     prev_bios_drv.lib : llc_previewer.obj (.switch)
                  8431e374    0000002c     vpbe_bios_drv.lib : dda_vpbe.obj (.switch)
                  8431e3a0    00000028     edma3_drv_sample.lib : bios_edma3_sample_cs.obj (.switch)
                  8431e3c8    00000028     prev_bios_drv.lib : ddc_previewer.obj (.switch)
                  8431e3f0    00000024     vpfe_bios_drv.lib : dda_vpfe.obj (.switch)
                  8431e414    00000024                       : ddc_vpfeCcdc.obj (.switch)
                  8431e438    00000020     evmdm6437bsl.lib : evmdm6437.obj (.switch)
                  8431e458    00000020     vpbe_bios_drv.lib : ddc_vpbeVenc.obj (.switch)
                  8431e478    00000018     prev_bios_drv.lib : dda_previewer.obj (.switch)
                  8431e490    00000014     audio_bios_drv.lib : psp_aic33Codec.obj (.switch)
                  8431e4a4    00000010     i2c_bios_drv.lib : dda_i2cIom.obj (.switch)
                  8431e4b4    00000010     mcasp_bios_drv.lib : dda_mcasp_bios.obj (.switch)
                  8431e4c4    00000010     mcbsp_bios_drv.lib : dda_mcbsp_bios.obj (.switch)
                  8431e4d4    00000010                        : llc_mcbsp.obj (.switch)
                  8431e4e4    00000010     vpbe_bios_drv.lib : ddc_vpbeOsd.obj (.switch)

.pinit     0    8431e4f4    0000000c     
                  8431e4f4    00000004     rtdx64xplus.lib : buffer1.o64P (.pinit)
                  8431e4f8    00000004                     : rtdx_mon.o64P (.pinit)
                  8431e4fc    00000004     --HOLE-- [fill = 0]

.rtdx_data 
*          0    8431e500    000004f4     UNINITIALIZED
                  8431e500    00000080     --HOLE--
                  8431e580    00000410     tskcfg.obj (.rtdx_data)
                  8431e990    00000044     rtdx64xplus.lib : rtdx_mon.o64P (.rtdx_data)
                  8431e9d4    00000020                     : buffer1.o64P (.rtdx_data)

.TSK_idle$stk 
*          0    8431e9f8    00000400     UNINITIALIZED
                  8431e9f8    00000400     tskcfg.obj (.TSK_idle$stk)

.trace     0    8431edf8    00000200     
                  8431edf8    00000200     --HOLE-- [fill = 00000000]

.hwi_vec   0    8431f000    00000200     
                  8431f000    00000200     tskcfg.obj (.hwi_vec)

.cio       0    8431f200    00000120     UNINITIALIZED
                  8431f200    00000120     rts64plus.lib : trgmsg.obj (.cio)

.hst0      0    8431f320    00000100     UNINITIALIZED
                  8431f320    00000100     tskcfg.obj (.hst0)

.pip       0    8431f420    000000c8     UNINITIALIZED
                  8431f420    000000c8     tskcfg.obj (.pip)

.tsk       0    8431f4e8    000000c0     UNINITIALIZED
                  8431f4e8    000000c0     tskcfg.obj (.tsk)

.devtable 
*          0    8431f5a8    00000090     UNINITIALIZED
                  8431f5a8    00000090     tskcfg.obj (.devtable)

.gblinit   0    8431f638    00000058     
                  8431f638    00000058     tskcfg.obj (.gblinit)

.sem       0    8431f690    00000058     UNINITIALIZED
                  8431f690    00000058     tskcfg.obj (.sem)

.sts       0    8431f6e8    00000040     
                  8431f6e8    00000040     tskcfg.obj (.sts)

.hst       0    8431f728    0000003c     UNINITIALIZED
                  8431f728    0000003c     tskcfg.obj (.hst)

.log       0    8431f764    00000030     
                  8431f764    00000030     tskcfg.obj (.log)

.swi       0    8431f794    0000002c     UNINITIALIZED
                  8431f794    0000002c     tskcfg.obj (.swi)

.hst1      0    8431f7c0    00000010     UNINITIALIZED
                  8431f7c0    00000010     tskcfg.obj (.hst1)

.idl       0    8431f7d0    00000010     UNINITIALIZED
                  8431f7d0    00000010     tskcfg.obj (.idl)

.idlcal    0    8431f7e0    00000010     UNINITIALIZED
                  8431f7e0    00000010     tskcfg.obj (.idlcal)

.sys       0    8431f7f0    00000010     UNINITIALIZED
                  8431f7f0    00000010     tskcfg.obj (.sys)

.trcdata   0    8431f800    0000000c     
                  8431f800    0000000c     bios.a64P : trc.o64P (.trcdata)


FAR CALL TRAMPOLINES

callee name               trampoline name
   callee addr  tramp addr   call addr  call info
--------------  -----------  ---------  ----------------
$.bios:bios.a64P<log_printf.o64P>$0x0  $Tramp$S$$_LOG_printf
   8430e780     843087c0     842e68f8   prev_bios_drv.lib : ddc_previewer.obj (.text)
                             842e69b4                     : ddc_previewer.obj (.text)
                             842e6a44                     : ddc_previewer.obj (.text)
                             842e6b8c                     : ddc_previewer.obj (.text)
                             842e6c34                     : ddc_previewer.obj (.text)
                             842e6d94                     : ddc_previewer.obj (.text)
                             842e6e10                     : ddc_previewer.obj (.text)
                             842e6ed4                     : ddc_previewer.obj (.text)
                             842e6f54                     : ddc_previewer.obj (.text)
                             842e6ff4                     : ddc_previewer.obj (.text)
                             842e7074                     : ddc_previewer.obj (.text)
                             842e7150                     : ddc_previewer.obj (.text)
                             842e71f4                     : ddc_previewer.obj (.text)
                             842e7294                     : ddc_previewer.obj (.text)
                             842e7318                     : ddc_previewer.obj (.text)
                             842e7400                     : ddc_previewer.obj (.text)
                             842e74a0                     : ddc_previewer.obj (.text)
                             842e7510                     : ddc_previewer.obj (.text)
                             842e758c                     : ddc_previewer.obj (.text)
                             842e7648                     : ddc_previewer.obj (.text)
                             842e7700                     : ddc_previewer.obj (.text)
                             842e774c                     : ddc_previewer.obj (.text)
                             842e77a0                     : ddc_previewer.obj (.text)
                             842e7804                     : ddc_previewer.obj (.text)
                             842e7828                     : ddc_previewer.obj (.text)
                             842e7888                     : ddc_previewer.obj (.text)
                             842e78ac                     : ddc_previewer.obj (.text)
                             842e7920                     : ddc_previewer.obj (.text)
                             842e7940                     : ddc_previewer.obj (.text)
                             842e79a4                     : ddc_previewer.obj (.text)
                             842e7a30                     : ddc_previewer.obj (.text)
                             842e7a94                     : ddc_previewer.obj (.text)
                             842e7b30                     : ddc_previewer.obj (.text)
                             842e7b54                     : ddc_previewer.obj (.text)
                             842e7c00                     : ddc_previewer.obj (.text)
                             842e7c24                     : ddc_previewer.obj (.text)
                             842e7c68                     : ddc_previewer.obj (.text)
                             842e7d18                     : ddc_previewer.obj (.text)
                             842e7da8                     : ddc_previewer.obj (.text)
                             842e7dcc                     : ddc_previewer.obj (.text)
                             842e7e80                     : ddc_previewer.obj (.text)
                             842e7ea4                     : ddc_previewer.obj (.text)
                             842e7ed4                     : ddc_previewer.obj (.text)
                             842e7f84                     : ddc_previewer.obj (.text)
                             842e7ff4                     : ddc_previewer.obj (.text)
                             842e80e0                     : ddc_previewer.obj (.text)
                             842e8150                     : ddc_previewer.obj (.text)
                             842e81d0                     : ddc_previewer.obj (.text)
                             842e8290                     : ddc_previewer.obj (.text)
                             842e8364                     : ddc_previewer.obj (.text)
                             842e83d4                     : ddc_previewer.obj (.text)
                             842e8468                     : ddc_previewer.obj (.text)
                             842e8510                     : ddc_previewer.obj (.text)
                             842e8598                     : ddc_previewer.obj (.text)
                             842e85c0                     : ddc_previewer.obj (.text)
                             842e87ec                     : ddc_previewer.obj (.text)
                             842e8860                     : ddc_previewer.obj (.text)
                             842e89c0                     : ddc_previewer.obj (.text)
                             842e8a94                     : ddc_previewer.obj (.text)
                             842e8b60                     : ddc_previewer.obj (.text)
                             842e8c38                     : ddc_previewer.obj (.text)
                             842e8d70                     : ddc_previewer.obj (.text)
                             842e8e2c                     : ddc_previewer.obj (.text)
                             842e8ef4                     : ddc_previewer.obj (.text)
                             842e8f68                     : ddc_previewer.obj (.text)
                             842e8ff8                     : ddc_previewer.obj (.text)
                             842e9118                     : ddc_previewer.obj (.text)
                             842e91b8                     : ddc_previewer.obj (.text)
                             842e9228                     : ddc_previewer.obj (.text)
                             842e92a4                     : ddc_previewer.obj (.text)
                             842f4958   audio_bios_drv.lib : psp_aic33Codec.obj (.text)
                             842f49e4                      : psp_aic33Codec.obj (.text)
                             842f4a14                      : psp_aic33Codec.obj (.text)
                             842f52e0                      : psp_aic33Codec.obj (.text)
                             842f5334                      : psp_aic33Codec.obj (.text)
                             842f5398                      : psp_aic33Codec.obj (.text)
                             842f5438                      : psp_aic33Codec.obj (.text)
                             842f54d4                      : psp_aic33Codec.obj (.text)
                             842f7924   prev_bios_drv.lib : dda_previewer.obj (.text)
                             842f79d0                     : dda_previewer.obj (.text)
                             842f7a80                     : dda_previewer.obj (.text)
                             842f7b2c                     : dda_previewer.obj (.text)
                             842f7c70                     : dda_previewer.obj (.text)
                             842f7c94                     : dda_previewer.obj (.text)
                             842f7dc8                     : dda_previewer.obj (.text)
                             842f7eac                     : dda_previewer.obj (.text)
                             842f7f60                     : dda_previewer.obj (.text)
                             842f8048                     : dda_previewer.obj (.text)
                             842f8190                     : dda_previewer.obj (.text)
                             842f82c4                     : dda_previewer.obj (.text)
                             842f834c                     : dda_previewer.obj (.text)
                             842f83d0                     : dda_previewer.obj (.text)
                             84305950   palos_bios.lib : pal_oscache.obj (.text)
$.bios:bios6424.a64P<bcache_block.o64P>$0x170  $Tramp$S$$_BCACHE_wbInv
   8430c7f0     843087e0     842f5594   audio_bios_drv.lib : psp_audio.obj (.text)
                             842f55a8                      : psp_audio.obj (.text)
                             842f5614                      : psp_audio.obj (.text)
                             842f5628                      : psp_audio.obj (.text)
                             843059d4   palos_bios.lib : pal_oscache.obj (.text)
$.bios:.near:bios.a64P<mem_allo.o64P>$0x0  $Tramp$S$$_MEM_alloc
   8430bb80     84308800     842f7af4   prev_bios_drv.lib : dda_previewer.obj (.text)
                             84302d6c   palos_bios.lib : pal_osmem.obj (.text)
$.bios:.near:bios.a64P<mem_free.o64P>$0x0  $Tramp$S$$_MEM_free
   8430b780     84308820     842f7c00   prev_bios_drv.lib : dda_previewer.obj (.text)
                             842f810c                     : dda_previewer.obj (.text)
                             84302dc0   palos_bios.lib : pal_osmem.obj (.text)
$.bios:bios.a64P<ecm_disableEvent.o64P>$0x0  $Tramp$S$$_ECM_disableEvent
   8430e520     84308840     842f84d0   prev_bios_drv.lib : dda_previewer.obj (.text)
                             842f8588                     : dda_previewer.obj (.text)
                             842fa26c   mcasp_bios_drv.lib : dda_mcasp_bios.obj (.text)
                             842fb320   mcbsp_bios_drv.lib : dda_mcbsp_bios.obj (.text)
                             843015c0   edma3_drv_sample.lib : bios_edma3_sample_cs.obj (.text)
                             843015cc                        : bios_edma3_sample_cs.obj (.text)
                             843015ec                        : bios_edma3_sample_cs.obj (.text)
                             84302998                        : bios_edma3_sample_init.obj (.text)
                             843029a4                        : bios_edma3_sample_init.obj (.text)
                             843029cc                        : bios_edma3_sample_init.obj (.text)
                             84305600   i2c_bios_drv.lib : dda_i2cBios.obj (.text)
                             843073b0   vpbe_bios_drv.lib : dda_vpbeBios.obj (.text)
                             84307c80   vpfe_bios_drv.lib : dda_vpfeBios.obj (.text)
                             84308678   palos_bios.lib : pal_osInt.obj (.text)
$.bios:bios.a64P<ecm_dispatchPlug.o64P>$0x0  $Tramp$S$$_ECM_dispatchPlug
   8430e120     84308860     842f84e8   prev_bios_drv.lib : dda_previewer.obj (.text)
                             842fa214   mcasp_bios_drv.lib : dda_mcasp_bios.obj (.text)
                             842fb2b0   mcbsp_bios_drv.lib : dda_mcbsp_bios.obj (.text)
                             8430284c   edma3_drv_sample.lib : bios_edma3_sample_init.obj (.text)
                             84302874                        : bios_edma3_sample_init.obj (.text)
                             843028b8                        : bios_edma3_sample_init.obj (.text)
                             84305594   i2c_bios_drv.lib : dda_i2cBios.obj (.text)
                             8430736c   vpbe_bios_drv.lib : dda_vpbeBios.obj (.text)
                             84307c40   vpfe_bios_drv.lib : dda_vpfeBios.obj (.text)
$.bios:bios.a64P<ecm_enableEvent.o64P>$0x0  $Tramp$S$$_ECM_enableEvent
   8430e560     84308880     842f84f4   prev_bios_drv.lib : dda_previewer.obj (.text)
                             84301660   edma3_drv_sample.lib : bios_edma3_sample_cs.obj (.text)
                             8430166c                        : bios_edma3_sample_cs.obj (.text)
                             84301688                        : bios_edma3_sample_cs.obj (.text)
                             84302858                        : bios_edma3_sample_init.obj (.text)
                             84302880                        : bios_edma3_sample_init.obj (.text)
                             843028d4                        : bios_edma3_sample_init.obj (.text)
                             843055c4   i2c_bios_drv.lib : dda_i2cBios.obj (.text)
                             84307378   vpbe_bios_drv.lib : dda_vpbeBios.obj (.text)
                             84307c4c   vpfe_bios_drv.lib : dda_vpfeBios.obj (.text)
                             84308668   palos_bios.lib : pal_osInt.obj (.text)
$.bios:bios.a64P<c62_c.o64P>$0x18  $Tramp$S$$_C64_enableIER
   8430e4f8     843088a0     842f8500   prev_bios_drv.lib : dda_previewer.obj (.text)
                             842fa218   mcasp_bios_drv.lib : dda_mcasp_bios.obj (.text)
                             842fb2c0   mcbsp_bios_drv.lib : dda_mcbsp_bios.obj (.text)
                             843028f4   edma3_drv_sample.lib : bios_edma3_sample_init.obj (.text)
                             843055d4   i2c_bios_drv.lib : dda_i2cBios.obj (.text)
                             84307388   vpbe_bios_drv.lib : dda_vpbeBios.obj (.text)
                             84307c60   vpfe_bios_drv.lib : dda_vpfeBios.obj (.text)
$.bios:bios.a64P<clk_getltime.o64P>$0x0  $Tramp$S$$_CLK_getltime
   8430e6c0     843088c0     842fd2ac   vpbe_bios_drv.lib : dda_vpbeIom.obj (.text)
                             842fe110   vpfe_bios_drv.lib : dda_vpfeIom.obj (.text)
$.bios:bios.a64P<gio_crea.o64P>$0x0  $Tramp$S$$_GIO_create
   8430a920     843088e0     842ff7c8   video_loopback.obj (.text)
                             842ff808   video_loopback.obj (.text)
                             842ff848   video_loopback.obj (.text)
$.bios:bios.a64P<gio_cntl.o64P>$0x0  $Tramp$S$$_GIO_control
   8430e740     843088f0     842ff878   video_loopback.obj (.text)
$.bios:bios.a64P<gio_sbmt.o64P>$0x0  $Tramp$S$$_GIO_submit
   8430c300     84308900     842ff8c8   video_loopback.obj (.text)
                             842ff910   video_loopback.obj (.text)
                             842ff924   video_loopback.obj (.text)
                             842ff934   video_loopback.obj (.text)
                             842ff948   video_loopback.obj (.text)
                             842ff958   video_loopback.obj (.text)
                             842ff96c   video_loopback.obj (.text)
                             842ff984   video_loopback.obj (.text)
                             842ff9cc   video_loopback.obj (.text)
                             842ffa84   video_loopback.obj (.text)
$.bios:bios.a64P<sem_pend_counting.o64P>$0x0  $Tramp$S$$_SEM_pend
   8430e300     84308910     842ffab4   video_loopback.obj (.text)
$.bios:bios.a64P<hwi_c.o64P>$0x0  $Tramp$S$$_HWI_disable
   8430e1e0     84308920     843015a8   edma3_drv_sample.lib : bios_edma3_sample_cs.obj (.text)
                             8430282c                        : bios_edma3_sample_init.obj (.text)
                             84302990                        : bios_edma3_sample_init.obj (.text)
                             843080b4   palos_bios.lib : pal_osprotect.obj (.text)
$.bios:bios.a64P<tsk_disa.o64P>$0x24  $Tramp$S$$_TSK_disable
   8430df04     84308940     843015b4   edma3_drv_sample.lib : bios_edma3_sample_cs.obj (.text)
                             843080cc   palos_bios.lib : pal_osprotect.obj (.text)
$.bios:bios.a64P<hwi_c.o64P>$0x2c  $Tramp$S$$_HWI_restore
   8430e20c     84308960     8430164c   edma3_drv_sample.lib : bios_edma3_sample_cs.obj (.text)
                             84302900                        : bios_edma3_sample_init.obj (.text)
                             843029ec                        : bios_edma3_sample_init.obj (.text)
                             843080f4   palos_bios.lib : pal_osprotect.obj (.text)
$.bios:bios.a64P<tsk_disa.o64P>$0x0  $Tramp$S$$_TSK_enable
   8430dee0     84308980     84301654   edma3_drv_sample.lib : bios_edma3_sample_cs.obj (.text)
                             84308108   palos_bios.lib : pal_osprotect.obj (.text)
$.bios:bios.a64P<clk_countspms.o64P>$0x0  $Tramp$S$$_CLK_countspms
   8430e6a0     843089a0     843016e8   edma3_drv_sample.lib : bios_edma3_sample_cs.obj (.text)
                             84307274   palos_bios.lib : pal_osWait.obj (.text)
                             843072d8                  : pal_osWait.obj (.text)
$.bios:bios.a64P<clk_getprd.o64P>$0x0  $Tramp$S$$_CLK_getprd
   8430e6e0     843089c0     843016ec   edma3_drv_sample.lib : bios_edma3_sample_cs.obj (.text)
                             84307280   palos_bios.lib : pal_osWait.obj (.text)
                             843072e0                  : pal_osWait.obj (.text)
$.bios:bios.a64P<sem_pend_counting.o64P>$0x0  $Tramp$S$$_SEM_pend
   8430e300     843089e0     84301714   edma3_drv_sample.lib : bios_edma3_sample_cs.obj (.text)
                             84301834                        : bios_edma3_sample_cs.obj (.text)
                             84306374   palos_bios.lib : pal_ossem.obj (.text)
                             843072a8                  : pal_osWait.obj (.text)
$.bios:bios6424.a64P<bcache_block.o64P>$0x194  $Tramp$S$$_BCACHE_inv
   8430c814     84308a00     84301738   edma3_drv_sample.lib : bios_edma3_sample_cs.obj (.text)
                             843059ac   palos_bios.lib : pal_oscache.obj (.text)
$.bios:bios6424.a64P<bcache_block.o64P>$0x184  $Tramp$S$$_BCACHE_wb
   8430c804     84308a20     84301758   edma3_drv_sample.lib : bios_edma3_sample_cs.obj (.text)
                             84305984   palos_bios.lib : pal_oscache.obj (.text)
$.bios:bios.a64P<sem_crea.o64P>$0x0  $Tramp$S$$_SEM_create
   8430de60     84308a40     843017a0   edma3_drv_sample.lib : bios_edma3_sample_cs.obj (.text)
                             84306310   palos_bios.lib : pal_ossem.obj (.text)
$.bios:bios.a64P<sem_dele.o64P>$0x0  $Tramp$S$$_SEM_delete
   8430e7a0     84308a60     843017f4   edma3_drv_sample.lib : bios_edma3_sample_cs.obj (.text)
                             8430634c   palos_bios.lib : pal_ossem.obj (.text)
$.bios:bios.a64P<sem_post_asm.o64P>$0x0  $Tramp$S$$_SEM_post
   8430d740     84308a80     8430188c   edma3_drv_sample.lib : bios_edma3_sample_cs.obj (.text)
                             843063b4   palos_bios.lib : pal_ossem.obj (.text)
$.bios:bios.a64P<mem_defi.o64P>$0x0  $Tramp$S$$_MEM_define
   8430b320     84308aa0     84302d08   palos_bios.lib : pal_osmem.obj (.text)
$.bios:bios.a64P<mem_unde.o64P>$0x0  $Tramp$S$$_MEM_undefine
   8430d300     84308ac0     84302d34   palos_bios.lib : pal_osmem.obj (.text)
$.bios:bios.a64P<malloc.o64P>$0x0  $Tramp$S$$_free
   8430abc0     84308ae0     843045c0   rts64plus.lib : setvbuf.obj (.text:_setvbuf)
                             84305ac8                 : fclose.obj (.text:__closefile)
$.bios:bios.a64P<malloc.o64P>$0x28  $Tramp$S$$_malloc
   8430abe8     84308af0     84304654   rts64plus.lib : setvbuf.obj (.text:_setvbuf)
$.bios:bios.a64P<lck.o64P>$0x0  $Tramp$S$$_LCK_post
   8430dce0     84308b00     843071a0   bios.a64P : tsk_stup.o64P (.text)
$.bios:bios.a64P<lck.o64P>$0x20  $Tramp$S$$_LCK_pend
   8430dd00     84308b20     84307204   bios.a64P : tsk_stup.o64P (.text)
$.bios:bios.a64P<sys_abor.o64P>$0x0  $Tramp$S$$_SYS_abort
   8430e3c0     84308b40     84307208   bios.a64P : tsk_stup.o64P (.text)
                             84307224             : tsk_stup.o64P (.text)

[32 trampolines]
[202 trampoline calls]


GLOBAL SYMBOLS: SORTED ALPHABETICALLY BY Name 

address    name
--------   ----
8431d660   $bss
8431d660   .bss
80000000   .data
842cc940   .text
84312a04   BIOS$$CLKOFF
843129c4   BIOS$$CLKON
84312840   BIOS_init
84312ac0   BIOS_start
00000000   BUF$
00000001   BUF_ENABLED
84308358   C$$IO$$
ffffffff   CACHE_L1D
ffffffff   CACHE_L1P
ffffffff   CACHE_L2
00000001   CLK$
8431ba38   CLK_A_TABBEG
00000001   CLK_CALDIV
00000001   CLK_CALMULT
00091050   CLK_COUNTSPMS
00000009   CLK_COUNTSPMSHIGH
8431dbcc   CLK_D_idletime
8431dbc8   CLK_D_isrhook
8431dbc4   CLK_D_tabbeg
8431dbc0   CLK_D_timefxn
00000001   CLK_ENABLEHTIME
8430e820   CLK_F_gethtime
8430c9e0   CLK_F_getltime
8430c9f0   CLK_F_isr
8430cb30   CLK_F_itime
84309c00   CLK_HOOKFXN
00000001   CLK_HTIMEDIV
00000001   CLK_HTIMEMULT
00091050   CLK_HTIMEPERLTIME
00006978   CLK_INPUTCLK
00004000   CLK_INTBIT
00000001   CLK_LTIMEDIV
00091050   CLK_LTIMEMULT
000003e8   CLK_MICROSECS
00000001   CLK_POWERENABLE
00006978   CLK_PRD
00000000   CLK_PRDHIGH
01c21400   CLK_REGS
00000001   CLK_RESETTIMER
8431dbbc   CLK_R_time
00000020   CLK_TCR
00000000   CLK_TDDR
00000000   CLK_TDDRHIGH
8430e820   CLK_TIMEFXN
00000000   CLK_TIMERNUM
00000005   CLK_TIMMODE
00000001   CLK_USETIMER
8431ba3c   CLK_null
8431da7c   DDR2
80000000   DDR2$B
04000000   DDR2$L
00000000   DEV$
00000000   DGN$
00000000   DHL$
00000000   DHL_gChannelsAvailable
00000000   DIO$
00000000   DIO_NUMSWIBASE
00000000   DIO_NUMTSKBASE
00000000   DIO_STATIC
00000000   DPI$
00000001   ECM$
00000001   ECM_ENABLE
ffffffff   ECM_EVTMASK0
ffffffff   ECM_EVTMASK1
ffffffff   ECM_EVTMASK2
ffffffff   ECM_EVTMASK3
0000000a   EVENT10
00000064   EVENT100
00000065   EVENT101
00000066   EVENT102
00000067   EVENT103
00000068   EVENT104
00000069   EVENT105
0000006a   EVENT106
0000006b   EVENT107
0000006c   EVENT108
0000006d   EVENT109
0000000b   EVENT11
0000006e   EVENT110
0000006f   EVENT111
00000070   EVENT112
00000071   EVENT113
00000072   EVENT114
00000073   EVENT115
00000074   EVENT116
00000075   EVENT117
00000076   EVENT118
00000077   EVENT119
0000000c   EVENT12
00000078   EVENT120
00000079   EVENT121
0000007a   EVENT122
0000007b   EVENT123
0000007c   EVENT124
0000007d   EVENT125
0000007e   EVENT126
0000007f   EVENT127
0000000d   EVENT13
0000000e   EVENT14
0000000f   EVENT15
00000010   EVENT16
00000011   EVENT17
00000012   EVENT18
00000013   EVENT19
00000014   EVENT20
00000015   EVENT21
00000016   EVENT22
00000017   EVENT23
00000018   EVENT24
00000019   EVENT25
0000001a   EVENT26
0000001b   EVENT27
0000001c   EVENT28
0000001d   EVENT29
0000001e   EVENT30
0000001f   EVENT31
00000020   EVENT32
00000021   EVENT33
00000022   EVENT34
00000023   EVENT35
00000024   EVENT36
00000025   EVENT37
00000026   EVENT38
00000027   EVENT39
00000004   EVENT4
00000028   EVENT40
00000029   EVENT41
0000002a   EVENT42
0000002b   EVENT43
0000002c   EVENT44
0000002d   EVENT45
0000002e   EVENT46
0000002f   EVENT47
00000030   EVENT48
00000031   EVENT49
00000005   EVENT5
00000032   EVENT50
00000033   EVENT51
00000034   EVENT52
00000035   EVENT53
00000036   EVENT54
00000037   EVENT55
00000038   EVENT56
00000039   EVENT57
0000003a   EVENT58
0000003b   EVENT59
00000006   EVENT6
0000003c   EVENT60
0000003d   EVENT61
0000003e   EVENT62
0000003f   EVENT63
00000040   EVENT64
00000041   EVENT65
00000042   EVENT66
00000043   EVENT67
00000044   EVENT68
00000045   EVENT69
00000007   EVENT7
00000046   EVENT70
00000047   EVENT71
00000048   EVENT72
00000049   EVENT73
0000004a   EVENT74
0000004b   EVENT75
0000004c   EVENT76
0000004d   EVENT77
0000004e   EVENT78
0000004f   EVENT79
00000008   EVENT8
00000050   EVENT80
00000051   EVENT81
00000052   EVENT82
00000053   EVENT83
00000054   EVENT84
00000055   EVENT85
00000056   EVENT86
00000057   EVENT87
00000058   EVENT88
00000059   EVENT89
00000009   EVENT9
0000005a   EVENT90
0000005b   EVENT91
0000005c   EVENT92
0000005d   EVENT93
0000005e   EVENT94
0000005f   EVENT95
00000060   EVENT96
00000061   EVENT97
00000062   EVENT98
00000063   EVENT99
8430e180   FXN_F_nop
8430e184   FXN_F_run
8430e1c0   FXN_F_zero
00000001   GBL$
00005205   GBL_A_VERSION
00000000   GBL_BCACHEREADADDR0
00000000   GBL_BCACHEREADADDR1
00000000   GBL_BCACHEREADADDR2
00000000   GBL_BIGENDIAN
00000000   GBL_CACHE
00000000   GBL_CALLCSLCFGINIT
00004e20   GBL_CLKIN
00001918   GBL_CLKTYPE
00001963   GBL_DSPSUBTYPE
0000003e   GBL_DSPTYPE
00000001   GBL_ENABLEINST
00000000   GBL_ENABLE_SK
00000042   GBL_FOOTPRINT
00091050   GBL_FREQ
00000000   GBL_GEMTRUECOMPEN
00000003   GBL_L1DMODE
00000007   GBL_L1PMODE
00000001   GBL_L2CONFIGURE
00000000   GBL_L2MAR0_31
0000ffff   GBL_L2MAR128_159
00000000   GBL_L2MAR160_191
00000000   GBL_L2MAR192_223
00000000   GBL_L2MAR224_255
00000000   GBL_L2MAR32_63
00000000   GBL_L2MAR64_95
00000000   GBL_L2MAR96_127
00000003   GBL_L2MODE
00000000   GBL_NULL
00000000   GBL_PROCID
00000000   GBL_ROM
00000000   GBL_SUPPORTCSL
0000dbef   GBL_TRCMASKVALUE
00000000   GBL_USERINIT
8430e700   GBL_USERINITFXN
00000001   GBL_boot
8431f808   GBL_initdone
8431aa28   GBL_stackbeg
8431ba27   GBL_stackend
00000001   GIO$
8431ba28   GIO$config
8430de60   GIO_CREATEFXN
8430e7a0   GIO_DELETEFXN
8430e300   GIO_PENDFXN
8430d740   GIO_POSTFXN
00000000   HOOK$
00000000   HOOK_KNLID
00000001   HST$
8431f728   HST_A_TABBEG
8431f764   HST_A_TABEND
00000000   HST_DSM
8431da7c   HST_DSMBUFSEG
00000400   HST_DSMMEMSIZE
8431dc38   HST_D_chanmask
8431dc3c   HST_D_tabbeg
8431dc40   HST_D_tabend
000000ff   HST_MAXFRAMEALLOWED
00000040   HST_MAXFRAMESET
00000000   HST_NONE
00000001   HST_RTDX
00000001   HWI$
8431f000   HWI_A_VECS
00005f88   HWI_CFGDISPATCHED
8431de04   HWI_D_bss
8431de08   HWI_D_ccmask
8431ddf4   HWI_D_spsave
00000001   HWI_ENABLE_EXC
84309c00   HWI_F_dispatch
00000000   HWI_GENERATE_RESET_VEC
0000000a   HWI_INT10
00000000   HWI_INT10$hwi
0000000b   HWI_INT11
00000000   HWI_INT11$hwi
0000000c   HWI_INT12
00000000   HWI_INT12$hwi
0000000d   HWI_INT13
00000000   HWI_INT13$hwi
0000000e   HWI_INT14
00000000   HWI_INT14$hwi
0000000f   HWI_INT15
00000000   HWI_INT15$hwi
00000004   HWI_INT4
00000000   HWI_INT4$hwi
00000005   HWI_INT5
00000000   HWI_INT5$hwi
00000006   HWI_INT6
00000000   HWI_INT6$hwi
00000007   HWI_INT7
00000000   HWI_INT7$hwi
00000008   HWI_INT8
00000000   HWI_INT8$hwi
00000009   HWI_INT9
00000000   HWI_INT9$hwi
00060504   HWI_INTRMUX1
0b030201   HWI_INTRMUX2
06040d0c   HWI_INTRMUX3
00000001   HWI_NMI
00000000   HWI_NMI$hwi
00000000   HWI_POLARITYMASK
00000002   HWI_RESERVED0
00000000   HWI_RESERVED0$hwi
00000003   HWI_RESERVED1
00000000   HWI_RESERVED1$hwi
00000000   HWI_RESET
00000000   HWI_RESET$hwi
00000000   HWI_ZEROTAB
00000001   IDL$
8431f7e0   IDL_A_CALBEG
8431f7d0   IDL_A_TABBEG
00000006   IDL_CALIBRERROR
8430e5a0   IDL_CALIBRFXN
8431def4   IDL_D_busyObj
8431dbac   IDL_D_calbeg
8431dba8   IDL_D_calibrate
8431dba4   IDL_D_tabbeg
8431f7dc   IDL_END
8431f7ec   IDL_END$
8430e240   IDL_F_busy
8430dfe0   IDL_F_calibrate
8430e760   IDL_F_loop
8430e5a0   IDL_F_stub
00000001   IDL_USECLKIDLTIME
[...]
843007e0   _fputs
84300b80   _EVMDM6437_startupGEL
84300be0   _EVMDM6437_init
84300c00   __setupPinMux
84300c38   __setPinMux
84300c80   __clrPinMux
84300cc4   __resetEMIF
84300dc4   __setupEMIF
84300eac   __wait
84300ee0   __waitusec
84300f00   __divf
84301580   _edma3OsProtectEntry
84301638   _edma3OsProtectExit
843016d0   _edma3OsWaitMsecs
8430172c   _Edma3_CacheInvalidate
8430174c   _Edma3_CacheFlush
8430176c   _edma3OsSemCreate
843017cc   _edma3OsSemDelete
84301808   _edma3OsSemTake
84301864   _edma3OsSemGive
84301ea0   __FLASH_getId
84301fa4   __FLASH_getMfg
84301fb8   _EVMDM6437_FLASH_getTotalPages
843020f8   __FLASH_getPageLength
84302104   __FLASH_nextPage
843021a0   _LLC_setCursorEnable
843021d4   _LLC_setCursorDisable
84302208   _LLC_setCursorCLUTSelectROM
84302238   _LLC_setCursorCLUTSelectRAM
8430226c   _LLC_setCursorROMTYPE
843022a8   _LLC_setCursorVWidth
843022ec   _LLC_setCursorHWidth
84302334   _LLC_setCursorXPosition
84302384   _LLC_setCursorYPosition
843023d4   _LLC_setCursorXSize
84302424   _LLC_setCursorYSize
84302740   _edma3init
84302910   _edma3deinit
84302ca0   _PAL_osMemInit
84302cb4   _PAL_osMemSegDefine
84302d2c   _PAL_osMemSegUndefine
84302d44   _PAL_osMemAlloc
84302d98   _PAL_osMemFree
84302df0   _PAL_osMemCopy
84302e6c   _PAL_osMemSet
84302ec8   _PAL_osMemLock
84302ee4   _PAL_osMemUnlock
84302f00   _PAL_osMemVirt2Phy
84302f10   _PAL_osMemPhy2Virt
84302f24   _PAL_osMemReport
84302f40   __divull
843031a0   __mpyd
84303400   _EVMDM6437_I2C_init
84303440   _EVMDM6437_I2C_close
84303454   _EVMDM6437_I2C_reset
84303468   _EVMDM6437_I2C_write
84303560   _EVMDM6437_I2C_read
843038a0   _EVMDM6437_PSC_enableAll
84303950   _EVMDM6437_PSC_changeState
84303d00   _fputc
84303d00   _putc
84303f20   __addd
84304120   __frcaddd
84304520   _setvbuf
84304720   _DDC_VPBEConfigCursorParams
84304920   _EVMDM6437_I2C_GPIO_init
84304938   _EVMDM6437_I2C_GPIO_getall
84304960   _EVMDM6437_I2C_GPIO_setall
84304984   _EVMDM6437_I2C_GPIO_setOutput
84304a34   _EVMDM6437_I2C_GPIO_getInput
84304a88   _EVMDM6437_I2C_GPIO_setupIntr
84304ac0   _EVMDM6437_I2C_GPIO_checkIntr
84304ad0   _EVMDM6437_I2C_GPIO_waitForIntr
84304b00   _i2c_init
84304b48   _i2c_writeReg
84304bcc   _i2c_readReg
84304c8c   _i2c_deInit
84304ea0   _EVMDM6437_GPIO_init
84304eb4   _EVMDM6437_GPIO_setDir
84304f54   _EVMDM6437_GPIO_setOutput
84304fe4   _EVMDM6437_GPIO_getInput
84305060   __divul
84305200   _EVMDM6437_DDR_init
843053a0   _HOSTrename
84305520   __DDA_i2cRegisterIntrHandler
843055f0   __DDA_i2cUnregisterIntrHandler
84305660   __DDA_i2cSleep
84305670   __DDA_i2cOsGetTicks
843057e0   _EVMDM6437_FLASH_init
8430582c   __FLASH_waitWhileErasing
84305898   __FLASH_waitWhileProgramming
8430596c   _PAL_osCacheFlush
84305994   _PAL_osCacheInvalidate
843059c0   _PAL_osCacheFlushAndInvalidate
843059e8   _PAL_osCacheSetCacheLineLength
84305a0c   _PAL_osCacheGetCacheLineLength
84305a24   _PSP_cacheDrainWriteBuffer
84305a60   __closefile
84305dc0   _fseek
84305ee0   _HOSTlseek
84305fe0   __frcmpyd
843060e0   __wrt_ok
843061e0   _call_dtors
843062e0   _PAL_osSemCreate
84306338   _PAL_osSemDelete
84306360   _PAL_osSemTake
843063a4   _PAL_osSemGive
843063e0   _HOSTopen
843064c0   __cmpd
843065a0   __c6xabi_divi
843065a0   __divi
84306680   _atoi
84306760   _close
84306840   _fflush
84306920   _memset
84306a00   _printf
84306ae0   _HOSTread
84306ba0   _HOSTunlink
84306c60   _HOSTwrite
84306de0   __c6xabi_divu
84306de0   __divu
84306ea0   __doflush
84306f60   __c6xabi_remi
84306f60   __remi
84307020   _atexit
843070e0   _ltoa
84307260   _PAL_osWaitMsecs
843072c4   _BIOS_OsGetOsTicksPerMSecs
84307320   __DDA_VPBERegisterIntrHandler
843073a4   __DDA_VPBEUnregisterIntrHandler
843073e0   _HOSTclose
84307480   __cleanup
84307520   __divli
84307700   __fixdli
84307840   __c6xabi_remu
84307840   __remu
84307980   _lseek
84307a20   _memcpy
84307ac0   _modf
84307b60   _write
84307c00   __DDA_VPFERegisterIntrHandler
84307c70   __DDA_VPFEUnregisterIntrHandler
84307ca0   __fixdi
84307d20   __fixdu
84307da0   __fltlid
84307e20   __llshl
84307ea0   __renormd
84307f20   _readmsg
84307fa0   _unlink
84308020   _EVMDM6437_DIP_init
8430802c   _EVMDM6437_DIP_get
843080a0   _PAL_osProtectEntry
843080e0   _PAL_osProtectExit
84308120   __cvtfd
84308180   __subcull
843081e0   _ceil
84308240   _memccpy
843082a0   _strcpy
84308300   _writemsg
84308358   C$$IO$$
84308360   ___add_dtor
843083a0   ___isinf
84308420   __fltuf
84308460   __frcmpyd_div
843084a0   __frcmpyf_div
843084e0   __llshru
84308520   __negd
84308560   __remli
843085a0   __c6xabi_strasgi_64plus
843085a0   __strasgi_64plus
843085e0   __subd
84308620   _extractY
84308660   _PAL_osEvtEnable
84308670   _PAL_osEvtDisable
843086a0   _y_cb_cr_to_ycbcr
843086e0   __negll
84308700   __nop
84308760   __register_lock
84308780   __register_unlock
843087a0   _remove
84308b60   ___etext__
84308b60   etext
84308c60   _SYS_vsprintf
84309094   _SYS_vprintf
843090a4   _SYS_sprintf
843090d0   _SYS_printf
84309120   LNK_F_checkBufferCall
84309140   LNK_F_getChanPtr
84309198   LNK_F_init
843091a0   LNK_F_dataPump
843091b0   LNK_rcloop
84309274   LNK_rdrtry
84309284   LNK_rrloop
84309344   LNK_wrrtry
84309350   LNK_wrloop
84309420   LNK_newin
84309554   LNK_newout
843096a8   LNK_F_readCallBack
843096e0   _EXC_nmi
84309714   _EXC_internal
843099c0   _EXC_init
84309a00   _EXC_getLastStatus
84309a20   _EXC_external
84309a54   _EXC_exceptionHandler
84309bd0   _EXC_clearLastStatus
84309c00   CLK_HOOKFXN
84309c00   HWI_F_dispatch
84309c00   _HWI_F_dispatch
84309c00   __HWI_lat1beg
84309d88   __HWI_lat1end
84309d88   __HWI_lat2beg
84309ef0   __HWI_lat2end2
84309f20   __HWI_lat3end2
84309f64   __HWI_lat2end1
84309f80   __HWI_lat3beg
8430a0e0   SWI_F_enable
8430a0e0   __SWI_lat3beg
8430a14c   __SWI_lat3end
8430a150   SWI_F_post
8430a150   _SWI_post
8430a258   __SWI_lat1beg
8430a2c4   SWI_EXECFXN
8430a2c4   SWI_F_exec
8430a2ec   SWI_F_iexec
8430a304   __SWI_lat1end
8430a308   __SWI_lat2beg
8430a368   __SWI_lat2end
8430a36c   SWI_F_run
8430a36c   SWI_RUNFXN
8430a5a0   PRD_F_swi
8430a824   PRD_F_tick
8430a920   _GIO_create
8430abc0   _free
8430abe8   _malloc
8430ac4c   _realloc
8430ad18   _memalign
8430adf8   _calloc
8430ae60   RTA_F_getlog
8430ae98   RTA_F_getsts
8430aed8   RTA_F_readblk
8430aef4   RTA_F_writeword
8430af00   RTA_F_resetmem
8430af00   __RTA_lat1beg
8430af34   __RTA_lat1end
8430af40   RTA_F_dispatch
8430af8c   RTA_execute
8430b0e0   _KNL_run
8430b320   _MEM_define
8430b560   _MEM_redefine
8430b780   _MEM_free
8430b980   _SEM_pendEnterKnl
8430bb80   _MEM_alloc
8430bd60   _EXC_dispatch
8430bf24   _EXC_setReturnPtr
8430c10c   PRD_THOOKFXN
8430c10c   _KNL_tick
8430c120   PIP_F_take
8430c198   PIP_F_give
8430c198   PIP_F_probe
8430c268   PIP_F_start
8430c300   _GIO_submit
8430c4c0   __SEM_dopost
8430c7f0   _BCACHE_wbInv
8430c804   _BCACHE_wb
8430c814   _BCACHE_inv
8430c840   _TSK_setup
8430c9e0   CLK_F_getltime
8430c9f0   CLK_F_isr
8430cb30   CLK_F_itime
8430cb30   _CLK_F_itime
8430cb30   _CLK_itime
8430cb50   __CLK_lat1beg
8430cb70   __CLK_lat1end
8430cb80   _KNL_saveIsrFrame
8430cc2c   _KNL_switch
8430ccd8   KNL_glue
8430cd00   __auto_init
8430ce40   _TSK_exit
8430cf80   _BCACHE_setSize
8430cfc4   _BCACHE_setMar
8430d014   _BCACHE_bootInit
8430d014   _BCACHE_setCacheToSram
8430d044   _BCACHE_getSize
8430d094   _BCACHE_getMar
8430d124   _GBL_cacheInit64P
8430d1e0   _KNL_check
8430d22c   __KNL_lat1beg
8430d2a8   _KNL_idle
8430d2a8   __KNL_lat1end
8430d2d0   _KNL_max
8430d300   _MEM_undefine
8430d4c4   _TSK_startup
8430d540   _ECM_dispatch
8430d640   _GIO_delete
8430d740   GIO_POSTFXN
8430d740   _SEM_post
8430d740   _SEM_postBinary
8430d820   _DEV_match
8430d8e0   _KNL_exit
8430d920   _KNL_enter
8430d9a0   _SEM_postEnterKnl
8430da40   _SYS_exit
8430dae0   _ATM_andi
8430dae0   _ATM_andu
8430daf0   _ATM_cleari
8430daf0   _ATM_clearu
8430db00   _ATM_deci
8430db00   _ATM_decu
8430db10   _ATM_inci
8430db10   _ATM_incu
8430db24   _ATM_ori
8430db24   _ATM_oru
8430db34   _ATM_seti
8430db34   _ATM_setu
8430db60   __GIO_iomCallback
8430dbe0   _KNL_ipost
8430dc60   _KNL_post
8430dce0   _LCK_post
8430dd00   _LCK_pend
8430dd60   LOG_F_event
8430dd60   _LOG_event
8430dd60   __LOG_lat1beg
8430dde0   _OBJ_create
8430de60   GIO_CREATEFXN
8430de60   _SEM_create
8430dee0   _TSK_enable
8430df04   _TSK_disable
8430df60   _BCACHE_wait
8430dfe0   IDL_F_calibrate
8430e060   _MEM_valloc
8430e0c0   _SYS_error
8430e120   _ECM_dispatchPlug
8430e180   FXN_F_nop
8430e184   FXN_F_run
8430e184   _FXN_F_run
8430e1c0   FXN_F_zero
8430e1c0   _FXN_F_zero
8430e1e0   _HWI_disable
8430e1f8   _HWI_enable
8430e20c   _HWI_restore
8430e240   IDL_F_busy
8430e240   __IDL_lat1beg
8430e280   __IDL_lat1end
8430e2a0   _OBJ_delete
8430e300   GIO_PENDFXN
8430e300   _SEM_pend
8430e360   STS_F_delta
8430e360   _STS_delta
8430e38c   STS_F_add
8430e38c   _STS_add
8430e3a8   STS_F_reset
8430e3a8   _STS_reset
8430e3c0   _SYS_abort
8430e420   SYS_PUTCFXN
8430e420   _UTL_doPutc
8430e480   _CLK_measure
8430e4e0   _C62_disableIER
8430e4e0   _C64_disableIER
8430e4f8   _C62_enableIER
8430e4f8   _C64_enableIER
8430e50c   _C62_clearIFR
8430e50c   _C64_clearIFR
8430e520   _ECM_disableEvent
8430e560   _ECM_enableEvent
8430e5a0   IDL_CALIBRFXN
8430e5a0   IDL_F_stub
8430e5e0   _QUE_get
8430e5e0   __QUE_lat1beg
8430e600   __QUE_lat1end
8430e608   _QUE_put
8430e608   __QUE_lat2beg
8430e614   __QUE_lat2end
8430e620   RTA_F_andn
8430e638   RTA_F_or
8430e660   SYS_ABORTFXN
8430e660   _UTL_doAbort
8430e6a0   _CLK_countspms
8430e6c0   _CLK_getltime
8430e6e0   _CLK_getprd
8430e700   GBL_USERINITFXN
8430e700   TSK_VCREATEFXN
8430e700   TSK_VDELETEFXN
8430e700   TSK_VEXITFXN
8430e700   _FXN_F_nop
8430e720   _GBL_getVersion
8430e740   _GIO_control
8430e760   IDL_F_loop
8430e760   _IDL_loop
8430e780   _LOG_printf
8430e7a0   GIO_DELETEFXN
8430e7a0   _SEM_delete
8430e7c0   _STS_set
8430e7e0   SYS_ERRORFXN
8430e7e0   _UTL_doError
8430e800   SYS_EXITFXN
8430e800   _UTL_halt
8430e820   CLK_F_gethtime
8430e820   CLK_TIMEFXN
8430e820   _CLK_gethtime
8430e840   TSK_video_loopback$stack
843127d8   TSK_video_loopback$stkptr
84312840   BIOS_init
84312840   _BIOS_init
843129c4   BIOS$$CLKON
84312a04   BIOS$$CLKOFF
84312ac0   BIOS_start
84312ac0   _BIOS_start
84312c00   _DEV_init
84312d20   _CLK_enableTimer
84312e00   _c_int00
84312ec0   _MEM_init
84312f60   _TSK_init
84312fc0   _GIO_init
84312fe0   _OBJ_init
84313000   LOG_system$buf
84314000   trace$buf
84318000   ___cinit__
84318000   cinit
8431aa28   GBL_stackbeg
8431aa28   _HWI_STKTOP
8431aa28   __stack
8431ba20   _HWI_STKBOTTOM
8431ba27   GBL_stackend
8431ba28   GIO$config
8431ba28   __STACK_END
8431ba38   CLK_A_TABBEG
8431ba38   PRD_clock
8431ba38   _PRD_clock
8431ba3c   CLK_null
8431ba40   _HSRTDX_rec
8431bce0   _RTDX_Buffer_WriteCB
8431c1a0   _HSRTDX_xmt
8431c4a0   _RTDX_Mon_Queue
8431c700   _RTDX_Poll
8431c7a0   _RTDX_Final_RT_Monitor
8431c820   _RTDX_Buffer_Initialize
8431c880   _RTDX_Init_RT_Monitor
8431c8e0   _RTDX_Buffer_ReadCB
8431c920   _RTDX_Buffer_Size
8431c960   _RTDX_memfill
8431c9a0   _RTDX_Buffer_Read
8431c9c0   _RTDX_Buffer_Write
8431c9e0   _RTDX_Mask_IER
8431cf80   __ctypes_
8431d659   KNL_swi$sts$maxfmt
8431d660   $bss
8431d660   .bss
8431d660   _MEM_memtab
8431d660   ___bss__
8431d661   KNL_swi$sts$sumfmt
8431d669   KNL_swi$sts$avgfmt
8431d673   TSK_idle$sts$maxfmt
8431d678   _ECM_dispatchTab
8431d67b   TSK_idle$sts$sumfmt
8431d683   TSK_idle$sts$avgfmt
8431d68d   TSK_video_loopback$sts$maxfmt
8431d695   TSK_video_loopback$sts$sumfmt
8431d69d   TSK_video_loopback$sts$avgfmt
8431d6a7   IDL_busyObj$maxfmt
8431d6aa   IDL_busyObj$sumfmt
8431d6ad   IDL_busyObj$avgfmt
8431da78   _GIO
8431da7c   DDR2
8431da7c   HST_DSMBUFSEG
8431da7c   MEM_MALLOCSEG
8431da7c   MEM_SEGZERO
8431da7c   RTDX_DATAMEMSEG
8431da7c   _DDR2
8431da80   L1DSRAM
8431da80   TSK_STACKSEG
8431da80   _L1DHEAP
8431da80   _L1DSRAM
8431da84   RTA_fromHost$pipe$dtab
8431da90   RTA_toHost$pipe$dtab
8431da9c   _DEV_devinit
8431daa0   __DEV_NUMINITFXNS
8431daa4   _HWI_dispatchTab
8431dba4   IDL_D_tabbeg
8431dba8   IDL_D_calibrate
8431dbac   IDL_D_calbeg
8431dbb0   LOG_D_system
8431dbb0   _LOG_D_system
8431dbb4   PIP_D_tabbeg
8431dbb8   PIP_D_tablen
8431dbbc   CLK_R_time
8431dbc0   CLK_D_timefxn
8431dbc4   CLK_D_tabbeg
8431dbc8   CLK_D_isrhook
8431dbcc   CLK_D_idletime
8431dbd0   _CLK_htimeDiv
8431dbd4   _CLK_htimeMult
8431dbd8   _CLK_ltimeDiv
8431dbdc   _CLK_ltimeMult
8431dbe0   _CLK_D_dirty
8431dbe4   _CLK_D_prd
8431dbe8   _CLK_D_tddr
8431dbec   _CLK_D_countspms
8431dbf0   PRD_D_tick
8431dbf0   _PRD_D_tick
8431dbf4   PRD_D_cur
8431dbf8   PRD_D_elapsed
8431dbfc   PRD_D_prevtim
8431dc00   PRD_D_scalar
8431dc04   PRD_D_swihandle
8431dc08   PRD_D_tabbeg
8431dc0c   PRD_D_tablen
8431dc10   PRD_D_thook
8431dc14   RTA_D_fromHost
8431dc18   RTA_D_toHost
8431dc1c   RTA_D_logval
8431dc2c   RTA_D_stsval
8431dc38   HST_D_chanmask
8431dc3c   HST_D_tabbeg
8431dc40   HST_D_tabend
8431dc44   _GBL_procId
8431dc48   _GBL_clkIn
8431dc4c   _GBL_freq
8431dc50   _MEM_D_NUMSEGMENTS
8431dc54   _MEM_D_memtab
8431dc58   _MEM_D_freelist
8431dc5c   _MEM_D_lockaddr
8431dc60   _MEM_D_unlockaddr
8431dc64   _SYS
8431dc68   __HOOK_knlId
8431dc6c   __HOOK_NUMHOOKS
8431dc70   SWI_D_runaddr
8431dc70   _SWI_D_runaddr
8431dc70   _SWI_data
8431dc74   SWI_D_execaddr
8431dc74   _SWI_D_execaddr
8431dc78   SWI_D_curmask
8431dc78   _SWI_D_curmask
8431dc7c   SWI_D_curset
8431dc7c   _SWI_D_curset
8431dc80   SWI_D_lock
8431dc80   _SWI_D_lock
8431dc84   SWI_D_curmbox
8431dc88   SWI_D_curfxn
8431dc88   _SWI_D_curfxn
8431dc8c   SWI_D_rdybeg
8431dc8c   _SWI_D_rdybeg
8431dc90   SWI_D_inswi
8431dc90   _SWI_D_inswi
8431dc94   SWI_D_rdytab
8431dd0c   _KNL_wFlag
8431dd10   _KNL_wList
8431dd14   _KNL_alarm
8431dd18   _KNL_setpri
8431dd1c   _KNL_inactive
8431dd20   _KNL_priority
8431dd24   _KNL_set
8431dd28   _KNL_curtask
8431dd2c   _KNL_prevtask
8431dd30   _KNL_curtime
8431dd34   _KNL_swiptr
8431dd38   _KNL_curqueue
8431dd3c   _KNL_maxqueue
8431dd40   _KNL_tswitchfxn
8431dd44   _KNL_tcreatefxn
8431dd48   _KNL_tdeletefxn
8431dd4c   _KNL_treadyfxn
8431dd50   _KNL_idlefxn
8431dd54   _i
8431dd58   _j
8431dd5c   _temp
8431dd60   _temp1
8431dd64   _YBufferForLabeling
8431dd68   _top
8431dd6c   _length
8431dd70   _id
8431dd72   _yval
8431dd74   _cbval
8431dd76   _crval
8431dd78   _isEven
8431dd7c   _isOdd
8431dd80   _isCorner
8431dd84   _sumh
8431dd88   _sumw
8431dd8c   _surface
8431dd90   _side
8431dd94   _object
8431ddb8   _EXC_sysTrapTable
8431ddc0   _EXC_returnPtr
8431ddf4   HWI_D_spsave
8431ddf4   _HWI_D_spsave
8431ddf4   _HWI_data
8431de00   _HWI_D_inhwi
8431de04   HWI_D_bss
8431de08   HWI_D_ccmask
8431de0c   LNK_dspFrameRequestMask
8431de0c   _LNK_dspFrameRequestMask
8431de10   LNK_dspFrameReadyMask
8431de10   _LNK_dspFrameReadyMask
8431de14   LNK_readPend
8431de14   _LNK_readPend
8431de18   LNK_readDone
8431de18   _LNK_readDone
8431de1c   LNK_readFail
8431de1c   _LNK_readFail
8431de20   LNK_writeFail
8431de20   _LNK_writeFail
8431de24   _EXC_exceptionHook
8431de28   _EXC_internalHook
8431de2c   _EXC_externalHook
8431de30   _EXC_nmiHook
8431de34   _numEdma3EvtQue
8431de38   _numEdma3Tc
8431de3c   _ccXferCompInt
8431de40   _ccErrorInt
8431de6c   _rtdxNullChanCnt
8431de70   _rtdxNullFuncCnt
8431de74   _rtdxXmtNotDoneCnt
8431de78   _rtdxRecNotDoneCnt
8431de7c   _rtdxXmtRestartCnt
8431de80   _rtdxXmtErrorCnt
8431de8c   _edma3NumPaRAMSets
8431dea0   _TSK_nTasks
8431dea4   _TSK_pid
8431dea8   _TSK
8431deac   _ddaPrevInterruptMapInfo
8431deb0   _ddaPrevInterruptMapRequired
8431deb4   _ddaPrevSegId
8431deb8   _prevRegs
8431debc   _vpssRegs
8431dec0   _llcPrevDebugErrorStatus
8431dec4   _CLK_DFLTMICROSECS
8431dec8   _CLK_D_microseconds
8431decc   _SYS_exitStackPtr
8431ded0   _SYS_exitStackTop
8431ded4   _hEdma
8431dedc   _prevDebugErrorTraceIndex
8431dee0   _prevDebugTraceIndex
8431deec   _CLK_htimePerLtime
8431def0   __DEV_D_NUMINITFXNS
8431def4   IDL_D_busyObj
8431def8   _MEM
8431defc   _MEM_staticMemtab
8431df04   _i2c_timeout
8431df2c   ___end__
8431df2c   end
8431e4f4   ___pinit__
8431e4f4   pinit
8431e580   _RTDX_Buffer
8431e988   _RTDX_Buffer_Start
8431e98c   _RTDX_Buffer_End
8431e990   _rtdx_mon_state
8431e9d4   _rtdx_buffer_state
8431e9e0   _RTDX_writing
8431e9f8   TSK_idle$stack
8431ed90   TSK_idle$stkptr
8431edf8   _SYS_PUTCBEG
8431eff7   _SYS_PUTCEND
8431f000   HWI_A_VECS
8431f000   hwi0
8431f020   hwi1
8431f040   hwi2
8431f060   hwi3
8431f080   hwi4
8431f0a0   hwi5
8431f0c0   hwi6
8431f0e0   hwi7
8431f100   hwi8
8431f120   hwi9
8431f140   hwi10
8431f160   hwi11
8431f180   hwi12
8431f1a0   hwi13
8431f1c0   hwi14
8431f1e0   hwi15
8431f200   __CIOBUF_
8431f320   RTA_toHost$buf
8431f420   PIP_A_TABBEG
8431f420   RTA_fromHost$pipe
8431f420   _PIP_A_TABBEG
8431f424   RTA_fromHost$pipe$rd
8431f450   RTA_fromHost$pipe$aaa
8431f454   RTA_fromHost$pipe$wr
8431f480   RTA_fromHost$pipe$bbb
8431f484   RTA_toHost$pipe
8431f488   RTA_toHost$pipe$rd
8431f4b4   RTA_toHost$pipe$aaa
8431f4b8   RTA_toHost$pipe$wr
8431f4e4   RTA_toHost$pipe$bbb
8431f4e8   PIP_A_TABEND
8431f4e8   _PIP_A_TABEND
8431f4f4   TSK_idle
8431f4f4   _TSK_idle
8431f554   TSK_video_loopback
8431f554   _TSK_video_loopback
8431f5a8   UDEV_udevCodec$obj
8431f5b4   UDEV_udevCodec$device
8431f5cc   UDEV_VPBE0$obj
8431f5d8   UDEV_VPBE0$device
8431f5f0   UDEV_VPFE0$obj
8431f5fc   UDEV_VPFE0$device
8431f614   UDEV_I2C0$obj
8431f620   UDEV_I2C0$device
8431f69c   _semRx
8431f69c   semRx
8431f6c8   _semTx
8431f6c8   semTx
8431f6e8   KNL_swi$sts$stsobj
8431f6e8   STS_A_TABBEG
8431f6e8   _STS_A_TABBEG
8431f6ec   KNL_swi$sts
8431f6f8   TSK_idle$sts$stsobj
8431f6fc   TSK_idle$sts
8431f708   TSK_video_loopback$sts$stsobj
8431f70c   TSK_video_loopback$sts
8431f718   IDL_busyObj$stsobj
8431f71c   IDL_busyObj
8431f71c   _IDL_busyObj
8431f728   HST_A_TABBEG
8431f728   STS_A_TABEND
8431f728   _HST_A_TABBEG
8431f728   _STS_A_TABEND
8431f72c   RTA_fromHost
8431f72c   _RTA_fromHost
8431f734   RTA_fromHost$rtdx
8431f748   RTA_toHost
8431f748   _RTA_toHost
8431f750   RTA_toHost$rtdx
8431f764   HST_A_TABEND
8431f764   LOG_A_TABBEG
8431f764   LOG_system
8431f764   _HST_A_TABEND
8431f764   _LOG_A_TABBEG
8431f764   _LOG_system
8431f77c   _trace
8431f77c   trace
8431f794   KNL_swi
8431f794   LOG_A_TABEND
8431f794   SWI_A_TABBEG
8431f794   _KNL_swi
8431f794   _LOG_A_TABEND
8431f7c0   RTA_fromHost$buf
8431f7c0   SWI_A_TABEND
8431f7d0   IDL_A_TABBEG
8431f7d0   IDL_cpuLoad
8431f7d0   _IDL_cpuLoad
8431f7d4   LNK_dataPump
8431f7d4   _LNK_dataPump
8431f7d8   RTA_dispatcher
8431f7d8   _RTA_dispatcher
8431f7dc   IDL_END
8431f7e0   IDL_A_CALBEG
8431f7e0   IDL_cpuLoad$
8431f7e4   LNK_dataPump$
8431f7e8   RTA_dispatcher$
8431f7ec   IDL_END$
8431f7f0   SYS$config
8431f800   TRC_cinit
8431f804   TRC_R_mask
8431f804   _TRC_R_mask
8431f808   GBL_initdone
ffffffff   CACHE_L1D
ffffffff   CACHE_L1P
ffffffff   CACHE_L2
ffffffff   ECM_EVTMASK0
ffffffff   ECM_EVTMASK1
ffffffff   ECM_EVTMASK2
ffffffff   ECM_EVTMASK3
ffffffff   SRAM
ffffffff   _CACHE_L1D
ffffffff   _CACHE_L1P
ffffffff   _CACHE_L2
ffffffff   _SRAM
ffffffff   ___TI_pprof_out_hndl
ffffffff   ___TI_prof_data_size
ffffffff   ___TI_prof_data_start
ffffffff   ___binit__
ffffffff   ___c_args__
ffffffff   binit

[1820 symbols]
